Archive member included because of file (symbol)

c:/program files (x86)/emide/emide v2.20/arm/bin/../lib/gcc/arm-none-eabi/4.7.4/armv7-m\libgcc.a(_arm_addsubdf3.o)
                              obj\Release\Src\loader\fm3_baseTimer.o (__aeabi_dsub)
c:/program files (x86)/emide/emide v2.20/arm/bin/../lib/gcc/arm-none-eabi/4.7.4/armv7-m\libgcc.a(_arm_muldivdf3.o)
                              obj\Release\Src\Application\AppMiddleWare\mftEncoderPSUF.o (__aeabi_dmul)
c:/program files (x86)/emide/emide v2.20/arm/bin/../lib/gcc/arm-none-eabi/4.7.4/armv7-m\libgcc.a(_arm_cmpdf2.o)
                              obj\Release\Src\loader\fm3_baseTimer.o (__aeabi_dcmpge)
c:/program files (x86)/emide/emide v2.20/arm/bin/../lib/gcc/arm-none-eabi/4.7.4/armv7-m\libgcc.a(_arm_fixdfsi.o)
                              obj\Release\Src\loader\fm3_baseTimer.o (__aeabi_d2iz)
c:/program files (x86)/emide/emide v2.20/arm/bin/../lib/gcc/arm-none-eabi/4.7.4/armv7-m\libgcc.a(_arm_fixunsdfsi.o)
                              obj\Release\Src\Application\globalApplication.o (__aeabi_d2uiz)
c:/program files (x86)/emide/emide v2.20/arm/bin/../lib/gcc/arm-none-eabi/4.7.4/armv7-m\libgcc.a(_arm_truncdfsf2.o)
                              obj\Release\Src\Application\AppMiddleWare\mftEncoderPSUF.o (__aeabi_d2f)
c:/program files (x86)/emide/emide v2.20/arm/bin/../lib/gcc/arm-none-eabi/4.7.4/armv7-m\libgcc.a(_arm_addsubsf3.o)
                              obj\Release\Src\Application\AppMiddleWare\mftEncoderPSUF.o (__aeabi_fsub)
c:/program files (x86)/emide/emide v2.20/arm/bin/../lib/gcc/arm-none-eabi/4.7.4/armv7-m\libgcc.a(_arm_muldivsf3.o)
                              obj\Release\Src\Application\AppMiddleWare\mftEncoderPSUF.o (__aeabi_fmul)
c:/program files (x86)/emide/emide v2.20/arm/bin/../lib/gcc/arm-none-eabi/4.7.4/armv7-m\libgcc.a(_arm_cmpsf2.o)
                              obj\Release\Src\loader\fm3_baseTimer.o (__aeabi_fcmplt)
c:/program files (x86)/emide/emide v2.20/arm/bin/../lib/gcc/arm-none-eabi/4.7.4/armv7-m\libgcc.a(_arm_fixsfsi.o)
                              obj\Release\Src\periph\ADC.o (__aeabi_f2iz)
c:/program files (x86)/emide/emide v2.20/arm/bin/../lib/gcc/arm-none-eabi/4.7.4/armv7-m\libgcc.a(_arm_fixunssfsi.o)
                              obj\Release\Src\Application\AppMiddleWare\mftEncoderPSUF.o (__aeabi_f2uiz)
c:/program files (x86)/emide/emide v2.20/arm/bin/../lib/gcc/arm-none-eabi/4.7.4/../../../../arm-none-eabi/lib/armv7-m\libc.a(lib_a-__atexit.o)
                              c:/program files (x86)/emide/emide v2.20/arm/bin/../lib/gcc/arm-none-eabi/4.7.4/../../../../arm-none-eabi/lib/armv7-m/crt0.o (__register_exitproc)
c:/program files (x86)/emide/emide v2.20/arm/bin/../lib/gcc/arm-none-eabi/4.7.4/../../../../arm-none-eabi/lib/armv7-m\libc.a(lib_a-exit.o)
                              c:/program files (x86)/emide/emide v2.20/arm/bin/../lib/gcc/arm-none-eabi/4.7.4/../../../../arm-none-eabi/lib/armv7-m/crt0.o (exit)
c:/program files (x86)/emide/emide v2.20/arm/bin/../lib/gcc/arm-none-eabi/4.7.4/../../../../arm-none-eabi/lib/armv7-m\libc.a(lib_a-fini.o)
                              c:/program files (x86)/emide/emide v2.20/arm/bin/../lib/gcc/arm-none-eabi/4.7.4/../../../../arm-none-eabi/lib/armv7-m/crt0.o (__libc_fini_array)
c:/program files (x86)/emide/emide v2.20/arm/bin/../lib/gcc/arm-none-eabi/4.7.4/../../../../arm-none-eabi/lib/armv7-m\libc.a(lib_a-impure.o)
                              c:/program files (x86)/emide/emide v2.20/arm/bin/../lib/gcc/arm-none-eabi/4.7.4/../../../../arm-none-eabi/lib/armv7-m\libc.a(lib_a-__atexit.o) (_global_impure_ptr)
c:/program files (x86)/emide/emide v2.20/arm/bin/../lib/gcc/arm-none-eabi/4.7.4/../../../../arm-none-eabi/lib/armv7-m\libc.a(lib_a-init.o)
                              c:/program files (x86)/emide/emide v2.20/arm/bin/../lib/gcc/arm-none-eabi/4.7.4/../../../../arm-none-eabi/lib/armv7-m/crt0.o (__libc_init_array)
c:/program files (x86)/emide/emide v2.20/arm/bin/../lib/gcc/arm-none-eabi/4.7.4/../../../../arm-none-eabi/lib/armv7-m\libc.a(lib_a-memcmp.o)
                              obj\Release\Src\Application\AppMiddleWare\adcMapFlexiP.o (memcmp)
c:/program files (x86)/emide/emide v2.20/arm/bin/../lib/gcc/arm-none-eabi/4.7.4/../../../../arm-none-eabi/lib/armv7-m\libc.a(lib_a-memcpy.o)
                              obj\Release\Src\Application\globalApplication.o (memcpy)
c:/program files (x86)/emide/emide v2.20/arm/bin/../lib/gcc/arm-none-eabi/4.7.4/../../../../arm-none-eabi/lib/armv7-m\libc.a(lib_a-memset.o)
                              c:/program files (x86)/emide/emide v2.20/arm/bin/../lib/gcc/arm-none-eabi/4.7.4/../../../../arm-none-eabi/lib/armv7-m/crt0.o (memset)
c:/program files (x86)/emide/emide v2.20/arm/bin/../lib/gcc/arm-none-eabi/4.7.4/../../../../arm-none-eabi/lib/armv7-m\libc.a(lib_a-stpncpy.o)
                              obj\Release\Src\libfm3\multiFunctionTimer.o (stpncpy)
[...]
Memory Configuration

Name             Origin             Length             Attributes
flash            0x00020000         0x00060000
ram              0x1fff8000         0x00008000
ramcode          0x20000000         0x00008000
xram             0x60000000         0x00020000
*default*        0x00000000         0xffffffff

Linker script and memory map

LOAD c:/program files (x86)/emide/emide v2.20/arm/bin/../lib/gcc/arm-none-eabi/4.7.4/armv7-m/crti.o
LOAD c:/program files (x86)/emide/emide v2.20/arm/bin/../lib/gcc/arm-none-eabi/4.7.4/armv7-m/crtbegin.o
LOAD c:/program files (x86)/emide/emide v2.20/arm/bin/../lib/gcc/arm-none-eabi/4.7.4/../../../../arm-none-eabi/lib/armv7-m/crt0.o
LOAD obj\Release\Src\Application\AppMiddleWare\adcMapFlexiP.o
LOAD obj\Release\Src\Application\AppMiddleWare\mftEncoderPSUF.o
LOAD obj\Release\Src\Application\Cd_AIR.o
LOAD obj\Release\Src\Application\Cd_ALA.o
LOAD obj\Release\Src\Application\Cd_PRE.o
LOAD obj\Release\Src\Application\DECODE.o
LOAD obj\Release\Src\Application\gesXfr_p.o
LOAD obj\Release\Src\Application\globalApplication.o
LOAD obj\Release\Src\board\board.o
LOAD obj\Release\Src\board\irqManager.o
LOAD obj\Release\Src\externVar.o
LOAD obj\Release\Src\libfm3\fm3_sysclk.o
LOAD obj\Release\Src\libfm3\multiFunctionTimer.o
LOAD obj\Release\Src\libfm3\SIOFM3.o
LOAD obj\Release\Src\libfm3\SwTim.o
LOAD obj\Release\Src\libPeriphDriver\sevenSegDrv.o
LOAD obj\Release\Src\loader\app_info.o
LOAD obj\Release\Src\loader\COMPROTO.o
LOAD obj\Release\Src\loader\COMPROTO_LOADER.o
LOAD obj\Release\Src\loader\FlashAlgoFncs.o
LOAD obj\Release\Src\loader\fm3_baseTimer.o
LOAD obj\Release\Src\loader\loader_crc.o
LOAD obj\Release\Src\loader\ringbuf.o
LOAD obj\Release\Src\loader\swtimer.o
LOAD obj\Release\Src\loader\system_mb9bf50x.o
LOAD obj\Release\Src\loader\UART_FM3.o
LOAD obj\Release\Src\main.o
LOAD obj\Release\Src\newlib\alloc.o
LOAD obj\Release\Src\newlib\new.o
LOAD obj\Release\Src\os\ports\common\ARMCMx\nvic.o
LOAD obj\Release\Src\os\ports\GCC\ARMCMx\chcore.o
LOAD obj\Release\Src\os\ports\GCC\ARMCMx\crt0.o
LOAD obj\Release\Src\os\ports\GCC\ARMCMx\MB9BF5xx\vectors.o
LOAD obj\Release\Src\periph\ADC.o
LOAD obj\Release\Src\periph\COMBUF.o
LOAD obj\Release\Src\periph\CSI.o
LOAD obj\Release\Src\periph\EEPROM.o
LOAD obj\Release\Src\periph\KEY.o
LOAD obj\Release\Src\periph\UART.o
LOAD obj\Release\Src\utility\util.o
LOAD c:/program files (x86)/emide/emide v2.20/arm/bin/../lib/gcc/arm-none-eabi/4.7.4/../../../../arm-none-eabi/lib/armv7-m\libstdc++.a
LOAD c:/program files (x86)/emide/emide v2.20/arm/bin/../lib/gcc/arm-none-eabi/4.7.4/../../../../arm-none-eabi/lib/armv7-m\libm.a
START GROUP
LOAD c:/program files (x86)/emide/emide v2.20/arm/bin/../lib/gcc/arm-none-eabi/4.7.4/armv7-m\libgcc.a
LOAD c:/program files (x86)/emide/emide v2.20/arm/bin/../lib/gcc/arm-none-eabi/4.7.4/../../../../arm-none-eabi/lib/armv7-m\libc.a
END GROUP
LOAD c:/program files (x86)/emide/emide v2.20/arm/bin/../lib/gcc/arm-none-eabi/4.7.4/armv7-m/crtend.o
LOAD c:/program files (x86)/emide/emide v2.20/arm/bin/../lib/gcc/arm-none-eabi/4.7.4/armv7-m/crtn.o
                0x00000800                __main_stack_size__ = 0x800
                0x00000800                __process_stack_size__ = 0x800
                0x20000000                __ramcode_start__ = ORIGIN (ramcode)
                0x00008000                __ramcode_size__ = 0x8000
                0x20008000                __ramcode_end__ = (__ramcode_start__ + __ramcode_size__)
                0x1fff8000                __ram_start__ = ORIGIN (ram)
                0x00008000                __ram_size__ = 0x8000
                0x20000000                __ram_end__ = (__ram_start__ + __ram_size__)
                0x60000000                __xram_start__ = ORIGIN (xram)
                0x00020000                __xram_size__ = 0x20000
                0x60020000                __xram_end__ = (__xram_start__ + __xram_size__)
                0x00020000                . = ORIGIN (flash)
                0x00020000                _text = .

startup         0x00020000      0x104
 *(vectors)
 vectors        0x00020000      0x104 obj\Release\Src\os\ports\GCC\ARMCMx\MB9BF5xx\vectors.o
                0x00020000                _vectors

application_info
                0x00020104      0x10c
                0x00020110                . = (ORIGIN (flash) + 0x110)
 *fill*         0x00020104        0xc 00
                0x00020110                _application_info_start = .
                0x00020110                . = ALIGN (0x4)
 *(.application_info_section)
 .application_info_section
                0x00020110      0x100 obj\Release\Src\loader\app_info.o
                0x00020110                g_appInfo
                0x00020210                _application_info_end = .

resetHandlerSection
                0x00020210      0x204
                0x00020300                . = (ORIGIN (flash) + 0x300)
 *fill*         0x00020210       0xf0 00
                0x00020300                _resetHandlerSection_start = .
                0x00020300                . = ALIGN (0x4)
 *(.resetHandlerSection)
 .resetHandlerSection
                0x00020300      0x114 obj\Release\Src\os\ports\GCC\ARMCMx\crt0.o
                0x00020300                ResetHandler

constructors    0x00020414       0x10
                0x00020414                PROVIDE (__init_array_start, .)
 *(SORT(.init_array.*))
 .init_array.00000
                0x00020414        0x4 c:/program files (x86)/emide/emide v2.20/arm/bin/../lib/gcc/arm-none-eabi/4.7.4/../../../../arm-none-eabi/lib/armv7-m\libc.a(lib_a-__call_atexit.o)
 *(.init_array)
 .init_array    0x00020418        0x4 c:/program files (x86)/emide/emide v2.20/arm/bin/../lib/gcc/arm-none-eabi/4.7.4/armv7-m/crtbegin.o
 .init_array    0x0002041c        0x4 obj\Release\Src\Application\globalApplication.o
 .init_array    0x00020420        0x4 obj\Release\Src\libfm3\SwTim.o
                0x00020424                PROVIDE (__init_array_end, .)

destructors     0x00020424        0x4
                0x00020424                PROVIDE (__fini_array_start, .)
 *(.fini_array)
 .fini_array    0x00020424        0x4 c:/program files (x86)/emide/emide v2.20/arm/bin/../lib/gcc/arm-none-eabi/4.7.4/armv7-m/crtbegin.o
 *(SORT(.fini_array.*))
                0x00020428                PROVIDE (__fini_array_end, .)

.text           0x00020430    0x17fe4
 *(.text.startup.*)
 .text.startup.register_fini
                0x00020430       0x14 c:/program files (x86)/emide/emide v2.20/arm/bin/../lib/gcc/arm-none-eabi/4.7.4/../../../../arm-none-eabi/lib/armv7-m\libc.a(lib_a-__call_atexit.o)
 *(.text)
 *fill*         0x00020444        0xc 00
 .text          0x00020450       0x54 c:/program files (x86)/emide/emide v2.20/arm/bin/../lib/gcc/arm-none-eabi/4.7.4/armv7-m/crtbegin.o
 *fill*         0x000204a4        0xc 00
 .text          0x000204b0      0xed0 obj\Release\Src\Application\AppMiddleWare\adcMapFlexiP.o
                0x000204c8                cal_init()
                0x00020fb0                adc_init_channel()
 .text          0x00021380      0x828 obj\Release\Src\Application\AppMiddleWare\mftEncoderPSUF.o
                0x00021398                encoderInit()
                0x00021760                PS_Read()
                0x000217a8                UF_Read()
                0x000217f0                PS_ISR()
                0x00021894                UF_ISR()
                0x00021938                UF_PEAK_INT_ISR(frtChannel)
                0x00021a68                PS_PEAK_INT_ISR(frtChannel)
 *fill*         0x00021ba8        0x8 00
 .text          0x00021bb0      0x400 obj\Release\Src\Application\Cd_AIR.o
                0x00021bc8                DrvAIR_Ini
                0x00021c54                DrvAIR_Ges
 .text          0x00021fb0      0xde0 obj\Release\Src\Application\Cd_ALA.o
                0x00021fc8                Ala_Ini
                0x000223b0                Ala_Ges
                0x00022620                Ala_Pre
                0x000227e8                Ala_Kal
                0x000228e4                Ala_Res
                0x00022968                Ala_Loc(unsigned char)
                0x00022b18                Ala_Unl_Ala(unsigned char)
                0x00022c60                Ala_Unl_Tot()
                0x00022ce0                Fatal_Error
                0x00022d0c                Ges_luci_cicalino
 .text          0x00022d90      0x31c obj\Release\Src\Application\Cd_PRE.o
                0x00022da8                AlaPRE_Ini
                0x00022e40                AlaPRE_Ges
                0x00023000                Pre_Lim
 *fill*         0x000230ac        0x4 00
 .text          0x000230b0      0xc3c obj\Release\Src\Application\gesXfr_p.o
                0x000230c8                GesXfr_P()
                0x00023b8c                IniXfr_P()
 *fill*         0x00023cec        0x4 00
 .text          0x00023cf0     0x17f8 obj\Release\Src\Application\globalApplication.o
                0x00023d08                global_var_init()
                0x00023d8c                hwAppInit()
                0x00023e38                mainAppInit()
                0x00023efc                mainAppRun()
                0x00024014                blinkLedLife()
                0x000240c4                Ges_rele()
                0x00024188                Ges_app()
                0x0002435c                Ges_ala_adc()
                0x00024550                Ges_key()
                0x000245a8                Ges_ala_pmp()
                0x000247f8                Ges_cmd()
                0x00024d20                WriteCalPressione(CalPoint*, CalPoint*, unsigned char)
                0x00024e80                WriteCalBilancia(CalPoint*, unsigned char, CalPoint*, unsigned char)
                0x00025040                WriteDati()
                0x00025094                SetupDati()
                0x0002514c                Treat_Time_Ges()
                0x00025248                Offset_Pressioni()
                0x0002530c                Reset_Offset_Pressioni()
                0x000253b0                loaderInit()
                0x000253e8                protocol_init()
                0x00025420                uartRxFromControllerIrq()
 *fill*         0x000254e8        0x8 00
 .text          0x000254f0      0xdb0 obj\Release\Src\board\board.o
                0x00025678                __early_init
                0x000257d4                __late_init
                0x00025818                boardInit
                0x00025944                pin_port0_Set()
                0x00025a48                pin_port1_Set()
                0x00025ae0                pin_port2_Set()
                0x00025b68                pin_port3_Set()
                0x00025c00                pin_port4_Set()
                0x00025cb4                pin_port5_Set()
                0x00025d3c                pin_port6_Set()
                0x00025db4                pin_port7_Set()
                0x00025e2c                pin_SpecAde_Set()
                0x00025f94                setEPFR02Reg()
                0x00026000                setEPFR07Reg()
                0x00026094                setEPFR08Reg()
                0x00026184                nvic_init()
                0x00026278                irqSelect()
 .text          0x000262a0      0x5d4 obj\Release\Src\board\irqManager.o
                0x000262b8                SysTickVector
                0x00026390                NMIVector
                0x000263b4                HardFaultVector
                0x000263d8                MemManageVector
                0x000263fc                BusFaultVector
                0x00026420                UsageFaultVector
                0x00026444                Vector1C
                0x0002645c                Vector20
                0x00026474                Vector24
                0x0002648c                Vector28
                0x000264a4                Vector34
                0x000264bc                Vector40
                0x000264d4                Vector44
                0x000264ec                Vector48
                0x00026504                Vector4c
                0x0002651c                Vector50
                0x00026534                Vector54
                0x0002654c                Vector58
                0x00026564                Vector5c
                0x0002657c                Vector6c
                0x00026594                Vector70
                0x000265ac                Vector74
                0x000265d4                Vector7c
                0x000265ec                Vector84
                0x00026604                Vector88
                0x0002661c                Vector8c
                0x00026634                Vector90
                0x0002664c                Vector9c
                0x00026664                VectorA0
                0x0002667c                VectorA4
                0x00026694                VectorA8
                0x000266ac                VectorAc
                0x000266c4                VectorBc
                0x000266dc                VectorC0
                0x000266f4                VectorC4
                0x0002670c                VectorC8
                0x00026724                VectorCc
                0x0002673c                VectorD0
                0x00026754                VectorD4
                0x0002676c                VectorD8
                0x00026784                VectorDc
                0x0002679c                VectorE0
                0x000267b4                VectorE4
                0x000267cc                VectorE8
                0x000267e4                VectorEc
                0x000267fc                VectorF0
                0x00026814                VectorF4
                0x0002682c                VectorF8
                0x00026844                VectorFc
                0x0002685c                Vector100
 *fill*         0x00026874        0xc 00
 .text          0x00026880      0x5ec obj\Release\Src\libfm3\fm3_sysclk.o
                0x00026880                fm3_sysclock_init
                0x00026d50                fm3_HSCR_setPrescalerHSCRcnt
                0x00026d7c                fm3_HSCR_writePrescalerHSCRcnt
 *fill*         0x00026e6c        0x4 00
 .text          0x00026e70     0x2f88 obj\Release\Src\libfm3\multiFunctionTimer.o
                0x00026e88                mftUnit::mftUnit(unsigned char)
                0x00026e88                mftUnit::mftUnit(unsigned char)
                0x00026fd0                mftUnit::getID()
                0x00026fec                mftUnit::setFrtCycleRatio(frtChannel, cycleRatio)
                0x00027078                mftUnit::setFrtInitRequest(frtChannel, frtInitRequest)
                0x000270c8                mftUnit::setFrtCounterMode(frtChannel, frtCounterMode)
                0x00027154                mftUnit::setFrtOperMode(frtChannel, frtOperMode)
                0x000271a4                mftUnit::setFrtBufferFunction(frtChannel, frtBufferFunction)
                0x00027230                mftUnit::clearFRTIRQZF(frtChannel)
                0x000272a4                mftUnit::readFRTIRQZF(frtChannel)
                0x000272ec                mftUnit::clearFRTICLR(frtChannel)
                0x00027368                mftUnit::readFRTICLR(frtChannel)
                0x000273b0                mftUnit::setFrtIntOnMatch(frtChannel, frtEnableIntOnMatch)
                0x0002743c                mftUnit::isFrtPeakInterruptEnabled(frtChannel)
                0x0002748c                mftUnit::setFrtIntOnMatch_Z(frtChannel, frtEnableIntOnMatch)
                0x00027518                mftUnit::isFrtZeroInterruptEnabled(frtChannel)
                0x00027568                mftUnit::setFrtClock(frtChannel, frtClock)
                0x000275f4                mftUnit::setTSCARegister(frtChannel, cycleRatio, frtInitRequest, frtCounterMode, frtOperMode, frtBufferFunction, frtEnableIntOnMatch, frtEnableIntOnMatch, frtClock)
                0x000276f0                mftUnit::setOcuChannelOper(ocuUnit, ocuChannel, ocuOperation)
                0x00027764                mftUnit::setOcuRegister(ocuUnit, ocuChannel, ocuOperation, ocuBufferState, ocuGenerateInt, ocuBufferTransfer, ocuRTOutputLevel)
                0x00027808                mftUnit::setOcuOutputLevel(ocuUnit, ocuChannel, ocuRTOutputLevel)
                0x000278e4                mftUnit::getOcuOutputLevel(ocuUnit, ocuChannel)
                0x00027954                mftUnit::setOCSCModeRegister(unsigned char, unsigned char)
                0x00027a6c                mftUnit::setOcuOCCP(ocuUnit, ocuChannel, unsigned short)
                0x00027ac4                mftUnit::getOcuOCCP(ocuUnit, ocuChannel)
                0x00027b1c                mftUnit::setOcuModeUse(ocuUnit, ocuChannel, ocuModeUse)
                0x00027cd4                mftUnit::setOcuAdmittedModeUse(ocuUnit, ocuChannel, ocuAdmittedMode)
                0x00027e38                mftUnit::setOcuChannelBufferState(ocuUnit, ocuChannel, ocuBufferState)
                0x00027f64                mftUnit::setOcuChannelGenerateInt(ocuUnit, ocuChannel, ocuGenerateInt)
                0x00027fd8                mftUnit::setOcuBufferTransfer(ocuUnit, ocuChannel, ocuBufferTransfer)
                0x00028050                mftUnit::setOcuModeRegister(ocuUnit, ocuChannel, clearedRegister, clearedRegister)
                0x000280d4                mftUnit::clearOCUIOP(ocuUnit, ocuChannel)
                0x0002813c                mftUnit::readOCUIOP(ocuUnit, ocuChannel)
                0x000281a8                mftUnit::startsFrtCounting(frtChannel)
                0x00028218                mftUnit::stopsFrtCounting(frtChannel)
                0x000282a8                mftUnit::clearFrtCounting(frtChannel)
                0x00028358                mftUnit::getFrtCounterOutput(frtChannel)
                0x000283a4                mftUnit::getFrtCounterMode(frtChannel)
                0x000283f4                mftUnit::setFrtADCTrigger(frtChannel, frtADCTrigger, frtADCOutput)
                0x00028480                mftUnit::isFrtADCTriggered(frtChannel, frtADCOutput)
                0x0002850c                mftUnit::setFrtPeakRegister(frtChannel, unsigned short)
                0x0002854c                mftUnit::getFrtPeakRegister(frtChannel)
                0x00028588                mftUnit::assignFRTtoOCU(ocuIcuConnectFrt, ocuUnit, ocuChannel)
                0x00028634                mftUnit::whichFRTisAssignedToOCU(ocuUnit, ocuChannel)
                0x000286a0                mftUnit::initFRTRegister()
                0x000288ec                mftUnit::initOCURegsiter()
                0x00028a88                mftUnit::initWFGRegister()
                0x00028b78                mftUnit::initICURegister()
                0x00028d60                mftUnit::setWfgCycleRatio(wfgUnit, wfgChannel, cycleRatio)
                0x00028e9c                mftUnit::setWfgModeSetting(wfgUnit, wfgChannel, wfgOperationMode)
                0x00028f18                mftUnit::setWfgChGateMode(wfgUnit, wfgChannel, chGateCode)
                0x00028f7c                mftUnit::setWfgPPGtoGateMode(wfgUnit, wfgChannel, ppcToGateMode)
                0x00028fe0                mftUnit::setWfgPPGReflectWfg(wfgUnit, wfgChannel, chPPGOnWFGoutput)
                0x0002905c                mftUnit::setWfgOutputPolarity(wfgUnit, wfgChannel, wfgOutputPolarity)
                0x000290d8                mftUnit::setWfgTimerRegister(wfgUnit, unsigned short)
                0x00029130                mftUnit::getWfgTimerRegister(wfgUnit)
                0x0002917c                mftUnit::isDTIFgenerated(wfgUnit)
                0x000291e0                mftUnit::clearDTIF(wfgUnit)
                0x0002922c                mftUnit::assignRTPin()
                0x00029464                mftUnit::findConfiguredOutputPin(char*, ocuUnit&, ocuChannel&)
                0x000295bc                mftUnit::setIcuChannelGenerateInt(icuUnit, icuChannel, icuGenerateInt)
                0x00029634                mftUnit::setIcuRegister(icuUnit, icuChannel, icuOperation, icuGenerateInt)
                0x00029694                mftUnit::clearICUICP(icuUnit, icuChannel)
                0x00029790                mftUnit::readICUICP(icuUnit, icuChannel)
                0x00029800                mftUnit::setIcuChannelSelectFrontEnable(icuUnit, icuChannel, icuOperation)
                0x00029878                mftUnit::assignFRTtoICU(ocuIcuConnectFrt, icuUnit, icuChannel)
                0x00029928                mftUnit::whichFRTisAssignedToICU(icuUnit, icuChannel)
                0x00029998                mftUnit::getIcuLastFront(icuUnit, icuChannel)
                0x00029a08                mftUnit::getIcuICCP(icuUnit, icuChannel)
                0x00029ab8                mftUnit::attachFrtCallback(void (*)(frtChannel), frtChannel)
                0x00029b08                mftUnit::attachFrtNrzCallback(void (*)(frtChannel), frtChannel)
                0x00029b48                mftUnit::attachICUCallback(void (*)(), icuUnit, icuChannel)
                0x00029ba4                VectorB0
                0x00029cb4                VectorB4
                0x00029db4                VectorB8
                0x00029dc0                mftUnit::~mftUnit()
                0x00029dc0                mftUnit::~mftUnit()
 *fill*         0x00029df8        0x8 00
 .text          0x00029e00     0x3398 obj\Release\Src\libfm3\SIOFM3.o
                0x00029ee0                sio_init()
                0x00029f08                sio_poll()
                0x00029f80                sio_changeUartSettings(SIOChan, SIORate, SIODataBits, SIOStopBits, SIOParityBits)
                0x0002a140                sio_cfgChan(SIOChan, CBufHandle, SIOMode, SIORate, SIODataBits, SIOStopBits, SIOParityBits, SIODirBits, SIOClkMode, SIOXfrMode, IRQPriority)
                0x0002ca70                Vector60
                0x0002cac8                Vector5C
                0x0002cbb8                Vector68
                0x0002cc04                Vector64
                0x0002cd10                Vector78
                0x0002cd68                Vector7C
                0x0002ce2c                Vector80
                0x0002d040                Vector98
                0x0002d098                Vector94
 *fill*         0x0002d198        0x8 00
 .text          0x0002d1a0      0x37c obj\Release\Src\libfm3\SwTim.o
                0x0002d1a0                Timer::Timer()
                0x0002d1a0                Timer::Timer()
                0x0002d1c8                IncTimer::getTime()
                0x0002d248                IncTimer::getMsec()
                0x0002d2ac                DecTimer::match()
                0x0002d354                DecTimerUsec::match()
                0x0002d400                uSecMeasTimer::getTime()
                0x0002d470                uSecMeasTimer::getUsec()
 *fill*         0x0002d51c        0x4 00
 .text          0x0002d520      0xaa8 obj\Release\Src\libPeriphDriver\sevenSegDrv.o
                0x0002d520                writeZERO
                0x0002d59c                writeONE
                0x0002d618                writeTWO
                0x0002d694                writeTHREE
                0x0002d710                writeFOUR
                0x0002d78c                writeFIVE
                0x0002d808                writeSIX
                0x0002d884                writeSEVEN
                0x0002d900                writeEIGHT
                0x0002d97c                writeNINE
                0x0002d9f8                writeA
                0x0002da74                writeC
                0x0002daf0                writeE
                0x0002db6c                writeF
                0x0002dbe8                writeH
                0x0002dc64                writeI
                0x0002dce0                writeL
                0x0002dd5c                writeO
                0x0002ddd8                writeP
                0x0002de54                writeS
                0x0002ded0                writeU
                0x0002df4c                writeJ
 *fill*         0x0002dfc8        0x8 00
 .text          0x0002dfd0       0x34 obj\Release\Src\loader\COMPROTO_LOADER.o
 *fill*         0x0002e004        0xc 00
 .text          0x0002e010     0x3c88 obj\Release\Src\loader\fm3_baseTimer.o
                0x0002e010                fm3_BT_init
                0x0002e148                fm3_BT_setEnable
                0x0002e1b4                fm3_BT_start
                0x0002e204                fm3_BT_setTimerFunction
                0x0002e274                fm3_BT_setOperationMode
                0x0002e2e4                fm3_BT_setOutputPolarity
                0x0002e388                fm3_BT_setTriggerRestart
                0x0002e42c                fm3_BT_setCountClockCnt
                0x0002e4f8                fm3_BT_setPrescalerCnt
                0x0002e560                fm3_BT_setCountClock
                0x0002e63c                fm3_BT_setPrescaler
                0x0002e6a0                fm3_BT_set_PCSR_PDUT
                0x0002e744                fm3_BT_set_PRLL_PRLH
                0x0002e7c0                fm3_BT_setPulseMask
                0x0002e844                fm3_BT_setTriggerInputEdges
                0x0002e8cc                fm3_BT_setMeasureEdges
                0x0002e954                fm3_BT_setPWMinterrupts
                0x0002ea4c                fm3_BT_setPPGinterrupts
                0x0002eb28                fm3_BT_setRTinterrupts
                0x0002ec20                fm3_BT_setPWCinterrupts
                0x0002ed18                fm3_BT_set_IRQ_BT_under_over_flow_callback
                0x0002ed70                fm3_BT_set_IRQ_dutyMatch_callback
                0x0002edc8                fm3_BT_set_IRQ_TrigIn_MeasureComplete_callback
                0x0002ee20                fm3_BT_set_PWM_frq_duty
                0x0002f1dc                fm3_BT_set_PWM_duty
                0x0002f4dc                fm3_BT_set_PPG_Ton_Toff
                0x0002fa74                fm3_BT_set_RT_frq
                0x0002fbd8                fm3_BT_set_PWC_T
                0x0002fd8c                VectorBC
                0x00030484                fm3_BT_writeEnable
                0x000304fc                fm3_BT_writeTimerFunction
                0x00030874                fm3_BT_writeOperationMode
                0x000308f4                fm3_BT_writeOutputPolarity
                0x00030974                fm3_BT_writePulseMask
                0x000309ec                fm3_BT_writeTriggerRestart
                0x00030a64                fm3_BT_writeCountClock
                0x00031074                fm3_BT_write_PCSR
                0x00031118                fm3_BT_write_PDUT
                0x00031168                fm3_BT_write_PRLL_PRLH
                0x000311d0                fm3_BT_writeTriggerInputEdges
                0x00031330                fm3_BT_writeMeasureEdges
                0x000314e4                fm3_BT_writePWMinterrupts
                0x0003160c                fm3_BT_writePPGinterrupts
                0x000316e0                fm3_BT_writeRTinterrupts
                0x000317b4                fm3_BT_writePWCinterrupts
                0x00031888                calculate_prescaler_cnt_uint16
                0x00031a2c                calculate_prescaler_cnt_uint32
                0x00031b10                calculate_prescaler
                0x00031ba8                prescaler2CCS
                0x00031c20                CCS2perscaler
 *fill*         0x00031c98        0x8 00
 .text          0x00031ca0      0x6ac obj\Release\Src\loader\loader_crc.o
                0x00031ca0                loader_status_init
                0x00031fcc                loader_status_checksumVerify
 *fill*         0x0003234c        0x4 00
 .text          0x00032350      0x124 obj\Release\Src\main.o
                0x00032368                main
 *fill*         0x00032474        0xc 00
 .text          0x00032480      0x4f0 obj\Release\Src\newlib\alloc.o
                0x00032480                mem_init
                0x00032500                mem_count
                0x00032530                mem_left
                0x0003256c                mem_alloc
                0x0003271c                mem_free
                0x00032870                malloc
                0x000328a4                calloc
                0x00032908                _calloc_r
                0x00032958                free
 .text          0x00032970       0xc0 obj\Release\Src\newlib\new.o
                0x00032970                operator new(unsigned int)
                0x0003299c                operator new[](unsigned int)
                0x000329e8                operator delete(void*)
                0x00032a0c                operator delete[](void*)
 .text          0x00032a30       0x4c obj\Release\Src\os\ports\GCC\ARMCMx\crt0.o
                0x00032a48                _default_exit
 *fill*         0x00032a7c        0x4 00
 .text          0x00032a80        0x4 obj\Release\Src\os\ports\GCC\ARMCMx\MB9BF5xx\vectors.o
                0x00032a80                Vector9C
                0x00032a80                VectorAC
                0x00032a80                Vector8C
                0x00032a80                VectorDC
                0x00032a80                VectorEC
                0x00032a80                DebugMonitorVector
                0x00032a80                PendSVVector
                0x00032a80                VectorCC
                0x00032a80                SVCallVector
                0x00032a80                Vector6C
                0x00032a80                Vector4C
                0x00032a80                _unhandled_exception
                0x00032a80                VectorFC
 *fill*         0x00032a84        0xc 00
 .text          0x00032a90     0x122c obj\Release\Src\periph\ADC.o
                0x00032a90                adc_init
                0x00032cd8                adc_setupChannel
                0x00032de8                adc_getBufValue
                0x00032ea8                adc_scale
                0x00032f28                adc_scaleBySegment
                0x000332e0                adc_valueBySegment
                0x00033634                adc_scan
                0x00033814                adc_scan_group
                0x000339b4                adc_read
                0x00033a2c                adc_getConvResult
                0x00033a48                adc_eval
                0x00033ab0                adc_filter
 *fill*         0x00033cbc        0x4 00
 .text          0x00033cc0      0x8fc obj\Release\Src\periph\COMBUF.o
                0x00033cc0                combuf_init()
                0x00033ce8                combuf_create(unsigned short, unsigned short, unsigned short, unsigned short)
                0x00033e80                combuf_destroy(CBufHandle)
                0x00033ef0                combuf_getPointer(CBufHandle, ComRingBuf**)
                0x00033f24                combuf_getc(CBufHandle, unsigned char*)
                0x00033f70                combuf_putc(CBufHandle, unsigned char)
                0x00034024                ringbuf_getCount(RingBuf*, unsigned short*)
                0x00034048                ringbuf_getFreeCount(RingBuf*, unsigned short*)
                0x00034074                ringbuf_getc(RingBuf*, unsigned char*)
                0x000340e8                ringbuf_putc(RingBuf*, unsigned char)
                0x00034198                ringbuf_read(RingBuf*, void*, unsigned short, bool)
                0x000342a8                ringbuf_write(RingBuf*, void*, unsigned short, bool)
                0x000343ec                ringbuf_fill(RingBuf*, unsigned char, unsigned short)
                0x000344d4                ringbuf_clear(RingBuf*)
                0x00034504                ringbuf_flush(RingBuf*)
 *fill*         0x000345bc        0x4 00
 .text          0x000345c0      0x89c obj\Release\Src\periph\CSI.o
                0x000345c0                csi_init()
                0x00034620                csi_status(CSIHandle, CSIState*)
                0x00034664                csi_create(CBufHandle, void (*)(int))
                0x00034738                csi_open(CSIHandle)
                0x000347a4                csi_close(CSIHandle)
                0x0003480c                csi_flush_clear(CSIHandle)
                0x00034850                csi_flush(CSIHandle)
                0x00034894                csi_freeTx(CSIHandle)
                0x000348d8                csi_clear(CSIHandle)
                0x00034920                csi_putc(CSIHandle, unsigned char)
                0x0003496c                csi_putw(CSIHandle, unsigned short)
                0x000349e8                csi_getc(CSIHandle, unsigned char*)
                0x00034a30                csi_getw(CSIHandle, unsigned short&)
                0x00034aa8                csi_read(CSIHandle, unsigned char*, unsigned short)
                0x00034afc                csi_write(CSIHandle, unsigned char*, unsigned short)
                0x00034b50                csi_fill(CSIHandle, unsigned char, unsigned short)
                0x00034ba4                csi_readBurst(CSIHandle, unsigned char*, unsigned short)
                0x00034bf8                csi_writeBurst(CSIHandle, unsigned char*, unsigned short)
                0x00034c4c                csi_getFreeTxCount(CSIHandle)
                0x00034ca0                csi_getFreeRxCount(CSIHandle)
                0x00034cf8                csi_getCount(CSIHandle, unsigned short&)
                0x00034d40                csi_isEmpty(CSIHandle)
                0x00034da8                csi_chipSel(CSIHandle, int)
 *fill*         0x00034e5c        0x4 00
 .text          0x00034e60      0xb18 obj\Release\Src\periph\EEPROM.o
                0x00034e60                eep_init
                0x00034eac                eep_errors
                0x00034edc                eep_setDeviceAddress
                0x00034f18                eep_readUserMem
                0x00034f6c                eep_writeUserMem
                0x00034fc0                eep_readParam
                0x00035230                eep_writeParam
                0x00035340                eep_readUserChkBlock
                0x00035414                eep_writeUserChkBlock
                0x000354d4                eep_chkCalcBuf
                0x0003551c                eep_chkWrite
                0x0003554c                eep_chkRead
                0x00035584                eep_chkVerify
                0x0003563c                eep_setupMem
                0x00035728                eep_readMem
                0x000357d0                eep_writeMem
                0x000358dc                eep_spi_putc
 *fill*         0x00035978        0x8 00
 .text          0x00035980      0x720 obj\Release\Src\periph\KEY.o
                0x00035980                key_init
                0x000359c4                keypres
                0x000359e8                ungetk
                0x00035a4c                ungetks
                0x00035a90                getk
                0x00035ae4                key_scan_selector
                0x00035c9c                key_scan
 .text          0x000360a0      0x600 obj\Release\Src\periph\UART.o
                0x000360a0                uart_init()
                0x00036100                uart_status(UARTHandle, UARTState*)
                0x00036144                uart_create(CBufHandle, void (*)(int))
                0x00036218                uart_open(UARTHandle)
                0x00036284                uart_close(UARTHandle)
                0x000362ec                uart_flush(UARTHandle)
                0x00036330                uart_putc(UARTHandle, unsigned char)
                0x0003637c                uart_getc(UARTHandle, unsigned char*)
                0x000363c4                uart_read(UARTHandle, void*, unsigned short)
                0x00036418                uart_write(UARTHandle, void*, unsigned short)
                0x0003646c                uart_puts(UARTHandle, char*)
                0x000364c4                uart_getRxCount(UARTHandle)
                0x00036528                uart_getTxCount(UARTHandle)
                0x0003657c                uart_getFreeTxCount(UARTHandle)
                0x000365d0                uart_isTxEmpty(UARTHandle)
 .text          0x000366a0      0x13c obj\Release\Src\utility\util.o
                0x000366a0                struct_memclr(unsigned char*, unsigned long)
                0x000366e0                extractBit(unsigned long)
                0x00036714                extratcIndexFromBitMask
 *fill*         0x000367dc        0x4 00
 .text          0x000367e0      0x370 c:/program files (x86)/emide/emide v2.20/arm/bin/../lib/gcc/arm-none-eabi/4.7.4/armv7-m\libgcc.a(_arm_addsubdf3.o)
                0x000367e0                __aeabi_drsub
                0x000367e8                __aeabi_dsub
                0x000367e8                __subdf3
                0x000367ec                __aeabi_dadd
                0x000367ec                __adddf3
                0x00036a64                __floatunsidf
                0x00036a64                __aeabi_ui2d
                0x00036a84                __floatsidf
                0x00036a84                __aeabi_i2d
                0x00036aa8                __aeabi_f2d
                0x00036aa8                __extendsfdf2
                0x00036ae4                __floatundidf
                0x00036ae4                __aeabi_ul2d
                0x00036af4                __floatdidf
                0x00036af4                __aeabi_l2d
 .text          0x00036b50      0x424 c:/program files (x86)/emide/emide v2.20/arm/bin/../lib/gcc/arm-none-eabi/4.7.4/armv7-m\libgcc.a(_arm_muldivdf3.o)
                0x00036b50                __aeabi_dmul
                0x00036b50                __muldf3
                0x00036da4                __divdf3
                0x00036da4                __aeabi_ddiv
 *fill*         0x00036f74        0xc 00
 .text          0x00036f80      0x110 c:/program files (x86)/emide/emide v2.20/arm/bin/../lib/gcc/arm-none-eabi/4.7.4/armv7-m\libgcc.a(_arm_cmpdf2.o)
                0x00036f80                __gtdf2
                0x00036f80                __gedf2
                0x00036f88                __ltdf2
                0x00036f88                __ledf2
                0x00036f90                __nedf2
                0x00036f90                __eqdf2
                0x00036f90                __cmpdf2
                0x0003700c                __aeabi_cdrcmple
                0x0003701c                __aeabi_cdcmpeq
                0x0003701c                __aeabi_cdcmple
                0x0003702c                __aeabi_dcmpeq
                0x00037040                __aeabi_dcmplt
                0x00037054                __aeabi_dcmple
                0x00037068                __aeabi_dcmpge
                0x0003707c                __aeabi_dcmpgt
 .text          0x00037090       0x50 c:/program files (x86)/emide/emide v2.20/arm/bin/../lib/gcc/arm-none-eabi/4.7.4/armv7-m\libgcc.a(_arm_fixdfsi.o)
                0x00037090                __aeabi_d2iz
                0x00037090                __fixdfsi
 .text          0x000370e0       0x40 c:/program files (x86)/emide/emide v2.20/arm/bin/../lib/gcc/arm-none-eabi/4.7.4/armv7-m\libgcc.a(_arm_fixunsdfsi.o)
                0x000370e0                __aeabi_d2uiz
                0x000370e0                __fixunsdfsi
 .text          0x00037120       0xa0 c:/program files (x86)/emide/emide v2.20/arm/bin/../lib/gcc/arm-none-eabi/4.7.4/armv7-m\libgcc.a(_arm_truncdfsf2.o)
                0x00037120                __truncdfsf2
                0x00037120                __aeabi_d2f
 .text          0x000371c0      0x21c c:/program files (x86)/emide/emide v2.20/arm/bin/../lib/gcc/arm-none-eabi/4.7.4/armv7-m\libgcc.a(_arm_addsubsf3.o)
                0x000371c0                __aeabi_frsub
                0x000371c8                __subsf3
                0x000371c8                __aeabi_fsub
                0x000371cc                __aeabi_fadd
                0x000371cc                __addsf3
                0x0003732c                __aeabi_ui2f
                0x0003732c                __floatunsisf
                0x00037334                __aeabi_i2f
                0x00037334                __floatsisf
                0x00037350                __aeabi_ul2f
                0x00037350                __floatundisf
                0x00037360                __aeabi_l2f
                0x00037360                __floatdisf
 *fill*         0x000373dc        0x4 00
 .text          0x000373e0      0x2a0 c:/program files (x86)/emide/emide v2.20/arm/bin/../lib/gcc/arm-none-eabi/4.7.4/armv7-m\libgcc.a(_arm_muldivsf3.o)
                0x000373e0                __mulsf3
                0x000373e0                __aeabi_fmul
                0x00037548                __aeabi_fdiv
                0x00037548                __divsf3
 .text          0x00037680       0xec c:/program files (x86)/emide/emide v2.20/arm/bin/../lib/gcc/arm-none-eabi/4.7.4/armv7-m\libgcc.a(_arm_cmpsf2.o)
                0x00037680                __gesf2
                0x00037680                __gtsf2
                0x00037688                __lesf2
                0x00037688                __ltsf2
                0x00037690                __nesf2
                0x00037690                __eqsf2
                0x00037690                __cmpsf2
                0x000376f0                __aeabi_cfrcmple
                0x000376f8                __aeabi_cfcmpeq
                0x000376f8                __aeabi_cfcmple
                0x00037708                __aeabi_fcmpeq
                0x0003771c                __aeabi_fcmplt
                0x00037730                __aeabi_fcmple
                0x00037744                __aeabi_fcmpge
                0x00037758                __aeabi_fcmpgt
 *fill*         0x0003776c        0x4 00
 .text          0x00037770       0x4c c:/program files (x86)/emide/emide v2.20/arm/bin/../lib/gcc/arm-none-eabi/4.7.4/armv7-m\libgcc.a(_arm_fixsfsi.o)
                0x00037770                __aeabi_f2iz
                0x00037770                __fixsfsi
 *fill*         0x000377bc        0x4 00
 .text          0x000377c0       0x40 c:/program files (x86)/emide/emide v2.20/arm/bin/../lib/gcc/arm-none-eabi/4.7.4/armv7-m\libgcc.a(_arm_fixunssfsi.o)
                0x000377c0                __fixunssfsi
                0x000377c0                __aeabi_f2uiz
 *(.text.*)
 .text._ZN5Timer7getMsecEv
                0x00037800       0x18 obj\Release\Src\Application\Cd_ALA.o
                0x00037800                Timer::getMsec()
 *fill*         0x00037818        0x8 00
 .text._ZN8DecTimer6PresetEm
                0x00037820       0x38 obj\Release\Src\Application\Cd_ALA.o
                0x00037820                DecTimer::Preset(unsigned long)
 *fill*         0x00037858        0x8 00
 .text._ZN8DecTimer5MatchEv
                0x00037860       0x1c obj\Release\Src\Application\Cd_ALA.o
                0x00037860                DecTimer::Match()
 *fill*         0x0003787c        0x4 00
 .text._ZN8DecTimerC2Ev
                0x00037880       0x28 obj\Release\Src\Application\globalApplication.o
                0x00037880                DecTimer::DecTimer()
                0x00037880                DecTimer::DecTimer()
 *fill*         0x000378a8        0x8 00
 .text._ZN8DecTimer5StartEv
                0x000378b0       0x1c obj\Release\Src\Application\globalApplication.o
                0x000378b0                DecTimer::Start()
 *fill*         0x000378cc        0x4 00
 .text._ZN5Timer9clockTickEmt
                0x000378d0       0x2c obj\Release\Src\board\irqManager.o
                0x000378d0                Timer::clockTick(unsigned long, unsigned short)
 *fill*         0x000378fc        0x4 00
 .text.__register_exitproc
                0x00037900       0xac c:/program files (x86)/emide/emide v2.20/arm/bin/../lib/gcc/arm-none-eabi/4.7.4/../../../../arm-none-eabi/lib/armv7-m\libc.a(lib_a-__atexit.o)
                0x00037900                __register_exitproc
 *fill*         0x000379ac        0x4 00
 .text.__libc_fini_array
                0x000379b0       0x50 c:/program files (x86)/emide/emide v2.20/arm/bin/../lib/gcc/arm-none-eabi/4.7.4/../../../../arm-none-eabi/lib/armv7-m\libc.a(lib_a-fini.o)
                0x000379b0                __libc_fini_array
 .text.memcmp   0x00037a00       0xb8 c:/program files (x86)/emide/emide v2.20/arm/bin/../lib/gcc/arm-none-eabi/4.7.4/../../../../arm-none-eabi/lib/armv7-m\libc.a(lib_a-memcmp.o)
                0x00037a00                memcmp
 *fill*         0x00037ab8        0x8 00
 .text.memcpy   0x00037ac0      0x15c c:/program files (x86)/emide/emide v2.20/arm/bin/../lib/gcc/arm-none-eabi/4.7.4/../../../../arm-none-eabi/lib/armv7-m\libc.a(lib_a-memcpy.o)
                0x00037ac0                memcpy
 *fill*         0x00037c1c        0x4 00
 .text.memset   0x00037c20      0x12c c:/program files (x86)/emide/emide v2.20/arm/bin/../lib/gcc/arm-none-eabi/4.7.4/../../../../arm-none-eabi/lib/armv7-m\libc.a(lib_a-memset.o)
                0x00037c20                memset
 *fill*         0x00037d4c        0x4 00
 .text.stpncpy  0x00037d50      0x104 c:/program files (x86)/emide/emide v2.20/arm/bin/../lib/gcc/arm-none-eabi/4.7.4/../../../../arm-none-eabi/lib/armv7-m\libc.a(lib_a-stpncpy.o)
                0x00037d50                stpncpy
 *fill*         0x00037e54        0xc 00
 .text.strlen   0x00037e60       0x60 c:/program files (x86)/emide/emide v2.20/arm/bin/../lib/gcc/arm-none-eabi/4.7.4/../../../../arm-none-eabi/lib/armv7-m\libc.a(lib_a-strlen.o)
                0x00037e60                strlen
 .text.strncmp  0x00037ec0      0x120 c:/program files (x86)/emide/emide v2.20/arm/bin/../lib/gcc/arm-none-eabi/4.7.4/../../../../arm-none-eabi/lib/armv7-m\libc.a(lib_a-strncmp.o)
                0x00037ec0                strncmp
 .text.atexit   0x00037fe0        0xc c:/program files (x86)/emide/emide v2.20/arm/bin/../lib/gcc/arm-none-eabi/4.7.4/../../../../arm-none-eabi/lib/armv7-m\libc.a(lib_a-atexit.o)
                0x00037fe0                atexit
 *fill*         0x00037fec        0x4 00
 .text.atexit.stub
                0x00037ff0       0x40 linker stubs
 *(.rodata)
 *fill*         0x00038030        0x0 00
 .rodata        0x00038030       0xe0 obj\Release\Src\Application\AppMiddleWare\adcMapFlexiP.o
 .rodata        0x00038110       0x20 obj\Release\Src\Application\globalApplication.o
 .rodata        0x00038130       0x64 obj\Release\Src\libfm3\multiFunctionTimer.o
 *fill*         0x00038194        0xc 00
 .rodata        0x000381a0      0x21c obj\Release\Src\libfm3\SIOFM3.o
 *fill*         0x000383bc        0x4 00
 .rodata        0x000383c0       0x20 obj\Release\Src\loader\fm3_baseTimer.o
 .rodata        0x000383e0       0x20 obj\Release\Src\periph\ADC.o
 *(.rodata.*)
 .rodata.str1.4
                0x00038400        0x4 c:/program files (x86)/emide/emide v2.20/arm/bin/../lib/gcc/arm-none-eabi/4.7.4/../../../../arm-none-eabi/lib/armv7-m\libc.a(lib_a-impure.o)
 *fill*         0x00038404        0xc 00
 .rodata._global_impure_ptr
                0x00038410        0x4 c:/program files (x86)/emide/emide v2.20/arm/bin/../lib/gcc/arm-none-eabi/4.7.4/../../../../arm-none-eabi/lib/armv7-m\libc.a(lib_a-impure.o)
                0x00038410                _global_impure_ptr
 *(.glue_7t)
 .glue_7t       0x00000000        0x0 linker stubs
 *(.glue_7)
 .glue_7        0x00000000        0x0 linker stubs
 *(.gcc*)

.vfp11_veneer   0x00038414        0x0
 .vfp11_veneer  0x00000000        0x0 linker stubs

.v4_bx          0x00038414        0x0
 .v4_bx         0x00000000        0x0 linker stubs

.fini           0x00038414        0x4
 .fini          0x00038414        0x4 c:/program files (x86)/emide/emide v2.20/arm/bin/../lib/gcc/arm-none-eabi/4.7.4/armv7-m/crti.o
                0x00038414                _fini

.iplt           0x00038418        0x0
 .iplt          0x00000000        0x0 c:/program files (x86)/emide/emide v2.20/arm/bin/../lib/gcc/arm-none-eabi/4.7.4/armv7-m/crtbegin.o

.ARM.extab
 *(.ARM.extab* .gnu.linkonce.armextab.*)

.ARM.exidx      0x00038418        0x0
                0x00038418                PROVIDE (__exidx_start, .)
 *(.ARM.exidx* .gnu.linkonce.armexidx.*)
                0x00038418                PROVIDE (__exidx_end, .)

.eh_frame_hdr
 *(.eh_frame_hdr)

.eh_frame       0x00038418        0x0
 *(.eh_frame)
 .eh_frame      0x00038418        0x0 c:/program files (x86)/emide/emide v2.20/arm/bin/../lib/gcc/arm-none-eabi/4.7.4/armv7-m/crtbegin.o

.textalign      0x00038418        0x0
                0x00038418                . = ALIGN (0x8)
                0x00038418                _textdata = .
                0x00000488                datasize = (_edata - _data)
                0x000388a0                _textramcode = (. + datasize)
                0x00003e78                ramcodesize = (_ramcode_end - _ramcode_start)
                0x0003c718                _etext = (_textramcode + ramcodesize)
                0x1fff8000                . = __ram_start__

.stacks         0x1fff8000     0x1000
                0x1fff8000                . = ALIGN (0x8)
                0x1fff8000                __main_stack_base__ = .
                0x1fff8800                . = (. + __main_stack_size__)
 *fill*         0x1fff8000      0x800 00
                0x1fff8800                . = ALIGN (0x8)
                0x1fff8800                __main_stack_end__ = .
                0x1fff8800                __process_stack_base__ = .
                0x1fff8800                __main_thread_stack_base__ = .
                0x1fff9000                . = (. + __process_stack_size__)
 *fill*         0x1fff8800      0x800 00
                0x1fff9000                . = ALIGN (0x8)
                0x1fff9000                __process_stack_end__ = .
                0x1fff9000                __main_thread_stack_end__ = .

.data           0x1fff9000      0x488 load address 0x00038418
                0x1fff9000                . = ALIGN (0x4)
                0x1fff9000                PROVIDE (_data, .)
 *(.data)
 .data          0x1fff9000       0x40 obj\Release\Src\Application\globalApplication.o
                0x1fff9000                g_pFM3_GPIO
                0x1fff9004                g_pFM3_DMAC
                0x1fff9008                g_pFM3_ADC0
                0x1fff900c                g_pFM3_EXBUS
                0x1fff9010                g_pFM3_CAN0
                0x1fff9014                g_pFM3_UART3
                0x1fff9018                sAppName
                0x1fff9024                sAppRevision
                0x1fff9034                sAppDate
 .data          0x1fff9040       0x18 obj\Release\Src\libfm3\SIOFM3.o
                0x1fff9040                pFM3_MFS0
                0x1fff9044                pFM3_MFS1
                0x1fff9048                pFM3_MFS3
                0x1fff904c                pFM3_MFS7
                0x1fff9050                pFM3_MFS4
                0x1fff9054                pFM3_MFS6
 .data          0x1fff9058        0x4 obj\Release\Src\newlib\alloc.o
 .data          0x1fff905c        0x4 obj\Release\Src\periph\EEPROM.o
                0x1fff905c                pCSI_EEP
                0x1fff9060                . = ALIGN (0x4)
 *(.data.*)
 .data.impure_data
                0x1fff9060      0x428 c:/program files (x86)/emide/emide v2.20/arm/bin/../lib/gcc/arm-none-eabi/4.7.4/../../../../arm-none-eabi/lib/armv7-m\libc.a(lib_a-impure.o)
                0x1fff9488                . = ALIGN (0x4)
 *(.ramtext)
                0x1fff9488                . = ALIGN (0x4)
                0x1fff9488                PROVIDE (_edata, .)

.jcr            0x1fff9488        0x0 load address 0x000388a0
 .jcr           0x1fff9488        0x0 c:/program files (x86)/emide/emide v2.20/arm/bin/../lib/gcc/arm-none-eabi/4.7.4/armv7-m/crtbegin.o

.igot.plt       0x1fff9488        0x0 load address 0x000388a0
 .igot.plt      0x00000000        0x0 c:/program files (x86)/emide/emide v2.20/arm/bin/../lib/gcc/arm-none-eabi/4.7.4/armv7-m/crtbegin.o

.bss            0x1fff9488     0x4318 load address 0x000388a0
                0x1fff9488                . = ALIGN (0x4)
                0x1fff9488                PROVIDE (_bss_start, .)
 *(.bss)
 .bss           0x1fff9488       0x1c c:/program files (x86)/emide/emide v2.20/arm/bin/../lib/gcc/arm-none-eabi/4.7.4/armv7-m/crtbegin.o
 .bss           0x1fff94a4       0xe0 obj\Release\Src\Application\AppMiddleWare\adcMapFlexiP.o
                0x1fff94a4                calRunCH0
                0x1fff94b4                calRunCH1
                0x1fff94c4                calRunCH2
                0x1fff94d4                calRunCH3
                0x1fff94e4                calRunCH4
                0x1fff94f4                calRunCH5
                0x1fff9504                calRunCH6
                0x1fff9514                calRunCH7
                0x1fff9524                calRunCH8
                0x1fff9534                calRunCH9
                0x1fff9544                calRunCH10
                0x1fff9554                calRunCH11
                0x1fff9564                calRunCH12
                0x1fff9574                calRunCH13
 .bss           0x1fff9584       0x14 obj\Release\Src\Application\AppMiddleWare\mftEncoderPSUF.o
                0x1fff9584                pumpsPS_UF
                0x1fff9588                fUFBasePeriod
                0x1fff958c                g_UFPeakIntCounter
                0x1fff9590                fPSBasePeriod
                0x1fff9594                g_PSPeakIntCounter
 .bss           0x1fff9598       0x20 obj\Release\Src\Application\Cd_AIR.o
                0x1fff9598                air
 .bss           0x1fff95b8      0x23c obj\Release\Src\Application\Cd_ALA.o
                0x1fff95b8                ala
 .bss           0x1fff97f4       0x20 obj\Release\Src\Application\Cd_PRE.o
                0x1fff97f4                tim_art_min
                0x1fff97f6                ven_lim_sta
                0x1fff97f8                ven_lim_tim
                0x1fff97fc                pre
 .bss           0x1fff9814       0x64 obj\Release\Src\Application\DECODE.o
                0x1fff9814                lung_rx
                0x1fff9816                tot_rx
                0x1fff9818                lung_tx
                0x1fff981a                rx_mem
                0x1fff981c                rx_tot
                0x1fff981e                tx_mem
                0x1fff9820                rx_etx
                0x1fff9822                NEW_BAUD
                0x1fff9824                GROUP_ID
                0x1fff9825                stato_rx
                0x1fff9826                err_ges
                0x1fff9828                SysStatus
                0x1fff9850                fpstart
                0x1fff9854                fpjump
                0x1fff9858                chk_sum
                0x1fff985a                tx_prec
                0x1fff985b                rx_prec
                0x1fff985c                tx_buffer
                0x1fff9860                rx_buffer
 .bss           0x1fff9878       0xe8 obj\Release\Src\Application\gesXfr_p.o
                0x1fff9878                hBufCsiA
                0x1fff987c                hCsiDevA
                0x1fff9880                pak_nul
                0x1fff9884                chkBlock
                0x1fff98dc                bigBlock
                0x1fff995c                setDataTest
                0x1fff995d                reset_csi
 .bss           0x1fff9960      0x580 obj\Release\Src\Application\globalApplication.o
                0x1fff9960                timLoad
                0x1fff996c                timForceCsi
                0x1fff9978                timOveVen
                0x1fff9984                timTestAdc
                0x1fff9990                timTestVcc
                0x1fff999c                timVel_Blo_Max
                0x1fff99a8                timVel_Blo_Min
                0x1fff99b4                timVel_Uf_Max
                0x1fff99c0                timVel_Uf_Min
                0x1fff99cc                timGesCal
                0x1fff99d8                timStartComm
                0x1fff99e4                oveVen
                0x1fff99e8                Dat
                0x1fff9a08                g_time_sec
                0x1fff9a0c                g_PSMainCounter
                0x1fff9a10                g_UFMainCounter
                0x1fff9a14                g_UFFreqCounter
                0x1fff9a18                g_PSFreqCounter
                0x1fff9a50                g_StartController
                0x1fff9a54                rall_calop
                0x1fff9a55                rdurata_tratt
                0x1fff9a58                g_protoLoader
                0x1fff9ac4                g_aLoaderProtoDataBuf
 .bss           0x1fff9ee0        0xc obj\Release\Src\board\board.o
                0x1fff9ee0                workingCPU
                0x1fff9ee4                g_SwType
 .bss           0x1fff9eec       0x20 obj\Release\Src\board\irqManager.o
                0x1fff9eec                g_cntNmi
                0x1fff9ef0                g_cntHardFault
                0x1fff9ef4                g_cntMemManage
                0x1fff9ef8                g_cntBusFault
                0x1fff9efc                g_cntUsageFault
                0x1fff9f00                g_globalTick
                0x1fff9f04                g_time_msec
 .bss           0x1fff9f0c        0x2 obj\Release\Src\libfm3\fm3_sysclk.o
 *fill*         0x1fff9f0e        0x2 00
 .bss           0x1fff9f10       0x7c obj\Release\Src\libfm3\multiFunctionTimer.o
                0x1fff9f10                mftInstalled
 .bss           0x1fff9f8c      0x114 obj\Release\Src\libfm3\SIOFM3.o
                0x1fff9f8c                provaPollCounter_Get
                0x1fff9f90                provaPollCounter_Put
                0x1fff9f94                provaTestFlagNotRcv
                0x1fff9f98                provaTestTxNotEnabled
 .bss           0x1fffa0a0        0x8 obj\Release\Src\libfm3\SwTim.o
                0x1fffa0a0                g_globalTimer
 .bss           0x1fffa0a8      0x598 obj\Release\Src\loader\COMPROTO_LOADER.o
                0x1fffa0a8                debugVar_CharRxFromController
                0x1fffa0ac                debugVar_UnExpectedBranch
                0x1fffa0b0                debugVar_CharTxToController
                0x1fffa0b4                g_responsePacketData
                0x1fffa17c                g_receivedData
                0x1fffa62c                g_loaderFlashEndAdd
                0x1fffa630                g_JumpingCodeMemLocation
                0x1fffa634                pollerWaiter
 .bss           0x1fffa640      0x1e0 obj\Release\Src\loader\fm3_baseTimer.o
 .bss           0x1fffa820       0x14 obj\Release\Src\newlib\alloc.o
 .bss           0x1fffa834       0x80 obj\Release\Src\newlib\new.o
 .bss           0x1fffa8b4     0x204c obj\Release\Src\periph\ADC.o
                0x1fffa8b4                adcSet
                0x1fffc8b4                resolCount
                0x1fffc8b8                adcFifoBuf
 .bss           0x1fffc900      0x164 obj\Release\Src\periph\COMBUF.o
 .bss           0x1fffca64       0x64 obj\Release\Src\periph\CSI.o
 .bss           0x1fffcac8       0x44 obj\Release\Src\periph\EEPROM.o
                0x1fffcad0                readBuf
 .bss           0x1fffcb0c       0xe0 obj\Release\Src\periph\KEY.o
                0x1fffcb0c                cntEncSelector
                0x1fffcb10                precEncSelector
 .bss           0x1fffcbec       0x34 obj\Release\Src\periph\UART.o
                0x1fffcc20                . = ALIGN (0x4)
 *(.bss.*)
                0x1fffcc20                . = ALIGN (0x4)
 *(COMMON)
 COMMON         0x1fffcc20        0x1 obj\Release\Src\externVar.o
                0x1fffcc20                g_ComProtoUartSemaphore
 *fill*         0x1fffcc21        0x3 00
 COMMON         0x1fffcc24       0x40 obj\Release\Src\loader\COMPROTO.o
                0x1fffcc24                g_fpCheckOpcode
                0x1fffcc28                g_fpCommandHadler
                0x1fffcc2c                g_fpErrorsHandlers
 COMMON         0x1fffcc64       0x10 obj\Release\Src\loader\COMPROTO_LOADER.o
                0x1fffcc64                g_appFirmwareStatus
                0x1fffcc70                g_fpJumpToLoader
 COMMON         0x1fffcc74       0xe0 obj\Release\Src\loader\loader_crc.o
                0x1fffcc74                g_fpJumpToApplication
                0x1fffcc78                g_loaderStatus
 COMMON         0x1fffcd54      0xa4c obj\Release\Src\loader\UART_FM3.o
                0x1fffcd54                g_aUart3_pTxBuf
                0x1fffcf54                progressiv
                0x1fffcf58                g_uart3
                0x1fffcfa0                g_aUart3_pRxBuf
                0x1fffd7a0                . = ALIGN (0x4)
                0x1fffd7a0                PROVIDE (_bss_end, .)
                0x1fffd7a0                PROVIDE (end, .)
                0x1fffd7a0                _end = .
                0x1fffd7a0                __heap_base__ = _end
                0x20000000                __heap_end__ = __ram_end__

.ramcode        0x20000000     0x3e78 load address 0x000388a0
                0x20000000                PROVIDE (_ramcode_start, .)
                0x20000000                . = ALIGN (0x4)
 *(.ramcode)
 .ramcode       0x20000000     0x11e4 obj\Release\Src\loader\COMPROTO.o
                0x20000000                comproto_init
                0x20000060                comproto_static_init
                0x200001d0                comproto_error_handler_callback
                0x20000224                comproto_manager
                0x20000618                comproto_sendCommand
                0x200007cc                comproto_getRxData
                0x20000814                comproto_incMsgCount
                0x20000838                comproto_setMsgCount
                0x20000858                comproto_rstMsgCount
                0x20000874                comproto_setRxTimer
                0x20000894                comproto_setTxTimer
                0x200008b4                comproto_setDecodeMaxWhileCycles
                0x20000920                comproto_setMessageType
                0x20000944                comproto_decode
 .ramcode       0x200011e4     0x1390 obj\Release\Src\loader\COMPROTO_LOADER.o
                0x200011e4                loader_proto_init
                0x20001288                loader_proto_static_init
                0x20001464                callback_commandHadler
                0x20001770                callback_checkOpcode
                0x200017f0                call_back_errorHandler_uartHw
                0x20001804                call_back_errorHandler_protocol
                0x200022d4                loader_proto_query
                0x200024f4                loader_proto_irqFromController
 .ramcode       0x20002574      0x72c obj\Release\Src\loader\FlashAlgoFncs.o
                0x20002574                FlashInit
                0x200025dc                FlashUnInit
                0x20002614                FlashEraseChip
                0x20002734                FlashEraseSector
                0x20002abc                FlashProgramPage
                0x20002bfc                FlashVerify
                0x20002c50                FlashBlankCheck
 .ramcode       0x20002ca0      0x9f0 obj\Release\Src\loader\ringbuf.o
                0x20002ca0                ringBuffer_init
                0x20002cc0                ringBuffer_static_init
                0x20002cf0                ringBuffer_resize
                0x20002d30                ringBuffer_read
                0x20002e44                ringBuffer_read_isr
                0x20002f58                ringBuffer_write
                0x20003098                ringBuffer_write_isr
                0x200031d8                ringBuffer_get
                0x20003238                ringBuffer_put
                0x20003298                ringBuffer_get_isr
                0x200032f8                ringBuffer_put_isr
                0x20003358                ringBuffer_used
                0x200033a8                ringBuffer_used_isr
                0x200033f8                ringBuffer_size
                0x20003410                ringBuffer_valid
                0x20003434                ringBuffer_isEmpty
                0x2000346c                ringBuffer_isEmpty_isr
                0x200034a4                ringBuffer_isfull
                0x200034cc                ringBuffer_isfull_isr
                0x200034f4                ringBuffer_isvalid
                0x20003518                ringBuffer_clear
                0x20003554                ringBuffer_clear_isr
                0x20003658                my_memcpy
 .ramcode       0x20003690      0x7b8 obj\Release\Src\loader\UART_FM3.o
                0x20003690                uart3_init
                0x200036e4                uart_initBuf
                0x20003728                uart_putc
                0x20003788                uart_puts
                0x200037d8                uart_getc
                0x20003820                uart_startTx
                0x20003878                uart_resetRxBuf
                0x20003894                uart_getRxCount
                0x200038b8                uart_resetTxBuf
                0x200038d4                uart_getTxCount
                0x200038f8                uart_getFreeTxCount
                0x20003930                uart_isTxEmpty
                0x20003954                uart_getHwError
                0x20003970                uart_init_regs
                0x20003a7c                uart_changeBaudRate_115200
                0x20003a98                uart_changeBaudRate_57600
                0x20003ab4                uart_changeBaudRate_38400
                0x20003ad0                uart_changeBaudRate_9600
                0x20003aec                uart_changeBaudRate_debug
                0x20003b00                uart_changeBaudRate
                0x20003b30                uart_getBrg
                0x20003b5c                uart_turnOn
                0x20003b98                uart_turnOff
                0x20003bd4                uart_write_Tx_reg
                0x20003bf4                uart_Tx_reg_empty
                0x20003c20                uart_read_Rx_reg
                0x20003c50                uart_Rx_reg_full
                0x20003c7c                uart_poller
                0x20003dcc                uart_emptyTxBuf
 .ramcode.stub  0x20003e48       0x30 linker stubs
                0x20003e78                . = ALIGN (0x4)
                0x20003e78                PROVIDE (_ramcode_end, .)

.rel.dyn        0x20003e78        0x0 load address 0x0003c718
 .rel.iplt      0x00000000        0x0 c:/program files (x86)/emide/emide v2.20/arm/bin/../lib/gcc/arm-none-eabi/4.7.4/armv7-m/crtbegin.o

.xram           0x60000000        0x0
                0x60000000                . = ALIGN (0x4)
                0x60000000                PROVIDE (_xram_start, .)
 *(.xram)
                0x60000000                . = ALIGN (0x4)
 *(.xram.*)
                0x60000000                . = ALIGN (0x4)
 *(COMMON)
                0x60000000                . = ALIGN (0x4)
                0x60000000                PROVIDE (_xram_used, .)
                0x60020000                PROVIDE (_xram_end, __xram_end__)
OUTPUT(bin\Release\Vitasmart_PROT.elf elf32-littlearm)

.ARM.attributes
                0x00000000       0x29
 .ARM.attributes
                0x00000000       0x1d c:/program files (x86)/emide/emide v2.20/arm/bin/../lib/gcc/arm-none-eabi/4.7.4/armv7-m/crti.o
 .ARM.attributes
                0x0000001d       0x2d c:/program files (x86)/emide/emide v2.20/arm/bin/../lib/gcc/arm-none-eabi/4.7.4/armv7-m/crtbegin.o
 .ARM.attributes
                0x0000004a       0x33 obj\Release\Src\Application\AppMiddleWare\adcMapFlexiP.o
 .ARM.attributes
                0x0000007d       0x33 obj\Release\Src\Application\AppMiddleWare\mftEncoderPSUF.o
 .ARM.attributes
                0x000000b0       0x33 obj\Release\Src\Application\Cd_AIR.o
 .ARM.attributes
                0x000000e3       0x33 obj\Release\Src\Application\Cd_ALA.o
 .ARM.attributes
                0x00000116       0x33 obj\Release\Src\Application\Cd_PRE.o
 .ARM.attributes
                0x00000149       0x33 obj\Release\Src\Application\DECODE.o
 .ARM.attributes
                0x0000017c       0x33 obj\Release\Src\Application\gesXfr_p.o
 .ARM.attributes
                0x000001af       0x33 obj\Release\Src\Application\globalApplication.o
 .ARM.attributes
                0x000001e2       0x33 obj\Release\Src\board\board.o
 .ARM.attributes
                0x00000215       0x33 obj\Release\Src\board\irqManager.o
 .ARM.attributes
                0x00000248       0x33 obj\Release\Src\externVar.o
 .ARM.attributes
                0x0000027b       0x33 obj\Release\Src\libfm3\fm3_sysclk.o
 .ARM.attributes
                0x000002ae       0x33 obj\Release\Src\libfm3\multiFunctionTimer.o
 .ARM.attributes
                0x000002e1       0x33 obj\Release\Src\libfm3\SIOFM3.o
 .ARM.attributes
                0x00000314       0x33 obj\Release\Src\libfm3\SwTim.o
 .ARM.attributes
                0x00000347       0x33 obj\Release\Src\libPeriphDriver\sevenSegDrv.o
 .ARM.attributes
                0x0000037a       0x33 obj\Release\Src\loader\app_info.o
 .ARM.attributes
                0x000003ad       0x33 obj\Release\Src\loader\COMPROTO.o
 .ARM.attributes
                0x000003e0       0x33 obj\Release\Src\loader\COMPROTO_LOADER.o
 .ARM.attributes
                0x00000413       0x33 obj\Release\Src\loader\FlashAlgoFncs.o
 .ARM.attributes
                0x00000446       0x33 obj\Release\Src\loader\fm3_baseTimer.o
 .ARM.attributes
                0x00000479       0x33 obj\Release\Src\loader\loader_crc.o
 .ARM.attributes
                0x000004ac       0x33 obj\Release\Src\loader\ringbuf.o
 .ARM.attributes
                0x000004df       0x33 obj\Release\Src\loader\UART_FM3.o
 .ARM.attributes
                0x00000512       0x33 obj\Release\Src\main.o
 .ARM.attributes
                0x00000545       0x33 obj\Release\Src\newlib\alloc.o
 .ARM.attributes
                0x00000578       0x33 obj\Release\Src\newlib\new.o
 .ARM.attributes
                0x000005ab       0x33 obj\Release\Src\os\ports\GCC\ARMCMx\crt0.o
 .ARM.attributes
                0x000005de       0x33 obj\Release\Src\os\ports\GCC\ARMCMx\MB9BF5xx\vectors.o
 .ARM.attributes
                0x00000611       0x33 obj\Release\Src\periph\ADC.o
 .ARM.attributes
                0x00000644       0x33 obj\Release\Src\periph\COMBUF.o
 .ARM.attributes
                0x00000677       0x33 obj\Release\Src\periph\CSI.o
 .ARM.attributes
                0x000006aa       0x33 obj\Release\Src\periph\EEPROM.o
 .ARM.attributes
                0x000006dd       0x33 obj\Release\Src\periph\KEY.o
 .ARM.attributes
                0x00000710       0x33 obj\Release\Src\periph\UART.o
 .ARM.attributes
                0x00000743       0x33 obj\Release\Src\utility\util.o
 .ARM.attributes
                0x00000776       0x1d c:/program files (x86)/emide/emide v2.20/arm/bin/../lib/gcc/arm-none-eabi/4.7.4/armv7-m\libgcc.a(_arm_addsubdf3.o)
 .ARM.attributes
                0x00000793       0x1d c:/program files (x86)/emide/emide v2.20/arm/bin/../lib/gcc/arm-none-eabi/4.7.4/armv7-m\libgcc.a(_arm_muldivdf3.o)
 .ARM.attributes
                0x000007b0       0x1d c:/program files (x86)/emide/emide v2.20/arm/bin/../lib/gcc/arm-none-eabi/4.7.4/armv7-m\libgcc.a(_arm_cmpdf2.o)
 .ARM.attributes
                0x000007cd       0x1d c:/program files (x86)/emide/emide v2.20/arm/bin/../lib/gcc/arm-none-eabi/4.7.4/armv7-m\libgcc.a(_arm_fixdfsi.o)
 .ARM.attributes
                0x000007ea       0x1d c:/program files (x86)/emide/emide v2.20/arm/bin/../lib/gcc/arm-none-eabi/4.7.4/armv7-m\libgcc.a(_arm_fixunsdfsi.o)
 .ARM.attributes
                0x00000807       0x1d c:/program files (x86)/emide/emide v2.20/arm/bin/../lib/gcc/arm-none-eabi/4.7.4/armv7-m\libgcc.a(_arm_truncdfsf2.o)
 .ARM.attributes
                0x00000824       0x1d c:/program files (x86)/emide/emide v2.20/arm/bin/../lib/gcc/arm-none-eabi/4.7.4/armv7-m\libgcc.a(_arm_addsubsf3.o)
 .ARM.attributes
                0x00000841       0x1d c:/program files (x86)/emide/emide v2.20/arm/bin/../lib/gcc/arm-none-eabi/4.7.4/armv7-m\libgcc.a(_arm_muldivsf3.o)
 .ARM.attributes
                0x0000085e       0x1d c:/program files (x86)/emide/emide v2.20/arm/bin/../lib/gcc/arm-none-eabi/4.7.4/armv7-m\libgcc.a(_arm_cmpsf2.o)
 .ARM.attributes
                0x0000087b       0x1d c:/program files (x86)/emide/emide v2.20/arm/bin/../lib/gcc/arm-none-eabi/4.7.4/armv7-m\libgcc.a(_arm_fixsfsi.o)
 .ARM.attributes
                0x00000898       0x1d c:/program files (x86)/emide/emide v2.20/arm/bin/../lib/gcc/arm-none-eabi/4.7.4/armv7-m\libgcc.a(_arm_fixunssfsi.o)
 .ARM.attributes
                0x000008b5       0x2d c:/program files (x86)/emide/emide v2.20/arm/bin/../lib/gcc/arm-none-eabi/4.7.4/../../../../arm-none-eabi/lib/armv7-m\libc.a(lib_a-__atexit.o)
 .ARM.attributes
                0x000008e2       0x2d c:/program files (x86)/emide/emide v2.20/arm/bin/../lib/gcc/arm-none-eabi/4.7.4/../../../../arm-none-eabi/lib/armv7-m\libc.a(lib_a-fini.o)
 .ARM.attributes
                0x0000090f       0x2d c:/program files (x86)/emide/emide v2.20/arm/bin/../lib/gcc/arm-none-eabi/4.7.4/../../../../arm-none-eabi/lib/armv7-m\libc.a(lib_a-impure.o)
 .ARM.attributes
                0x0000093c       0x2d c:/program files (x86)/emide/emide v2.20/arm/bin/../lib/gcc/arm-none-eabi/4.7.4/../../../../arm-none-eabi/lib/armv7-m\libc.a(lib_a-memcmp.o)
 .ARM.attributes
                0x00000969       0x2d c:/program files (x86)/emide/emide v2.20/arm/bin/../lib/gcc/arm-none-eabi/4.7.4/../../../../arm-none-eabi/lib/armv7-m\libc.a(lib_a-memcpy.o)
 .ARM.attributes
                0x00000996       0x2d c:/program files (x86)/emide/emide v2.20/arm/bin/../lib/gcc/arm-none-eabi/4.7.4/../../../../arm-none-eabi/lib/armv7-m\libc.a(lib_a-memset.o)
 .ARM.attributes
                0x000009c3       0x2d c:/program files (x86)/emide/emide v2.20/arm/bin/../lib/gcc/arm-none-eabi/4.7.4/../../../../arm-none-eabi/lib/armv7-m\libc.a(lib_a-stpncpy.o)
 .ARM.attributes
                0x000009f0       0x2d c:/program files (x86)/emide/emide v2.20/arm/bin/../lib/gcc/arm-none-eabi/4.7.4/../../../../arm-none-eabi/lib/armv7-m\libc.a(lib_a-strlen.o)
 .ARM.attributes
                0x00000a1d       0x2d c:/program files (x86)/emide/emide v2.20/arm/bin/../lib/gcc/arm-none-eabi/4.7.4/../../../../arm-none-eabi/lib/armv7-m\libc.a(lib_a-strncmp.o)
 .ARM.attributes
                0x00000a4a       0x2d c:/program files (x86)/emide/emide v2.20/arm/bin/../lib/gcc/arm-none-eabi/4.7.4/../../../../arm-none-eabi/lib/armv7-m\libc.a(lib_a-__call_atexit.o)
 .ARM.attributes
                0x00000a77       0x2d c:/program files (x86)/emide/emide v2.20/arm/bin/../lib/gcc/arm-none-eabi/4.7.4/../../../../arm-none-eabi/lib/armv7-m\libc.a(lib_a-atexit.o)

.comment        0x00000000       0x70
 .comment       0x00000000       0x70 obj\Release\Src\Application\AppMiddleWare\adcMapFlexiP.o
                                 0x71 (size before relaxing)
 .comment       0x00000000       0x71 obj\Release\Src\Application\AppMiddleWare\mftEncoderPSUF.o
 .comment       0x00000000       0x71 obj\Release\Src\Application\Cd_AIR.o
 .comment       0x00000000       0x71 obj\Release\Src\Application\Cd_ALA.o
 .comment       0x00000000       0x71 obj\Release\Src\Application\Cd_PRE.o
 .comment       0x00000000       0x71 obj\Release\Src\Application\DECODE.o
 .comment       0x00000000       0x71 obj\Release\Src\Application\gesXfr_p.o
 .comment       0x00000000       0x71 obj\Release\Src\Application\globalApplication.o
 .comment       0x00000000       0x71 obj\Release\Src\board\board.o
 .comment       0x00000000       0x71 obj\Release\Src\board\irqManager.o
 .comment       0x00000000       0x71 obj\Release\Src\externVar.o
 .comment       0x00000000       0x71 obj\Release\Src\libfm3\fm3_sysclk.o
 .comment       0x00000000       0x71 obj\Release\Src\libfm3\multiFunctionTimer.o
 .comment       0x00000000       0x71 obj\Release\Src\libfm3\SIOFM3.o
 .comment       0x00000000       0x71 obj\Release\Src\libfm3\SwTim.o
 .comment       0x00000000       0x71 obj\Release\Src\libPeriphDriver\sevenSegDrv.o
 .comment       0x00000000       0x71 obj\Release\Src\loader\app_info.o
 .comment       0x00000000       0x71 obj\Release\Src\loader\COMPROTO.o
 .comment       0x00000000       0x71 obj\Release\Src\loader\COMPROTO_LOADER.o
 .comment       0x00000000       0x71 obj\Release\Src\loader\FlashAlgoFncs.o
 .comment       0x00000000       0x71 obj\Release\Src\loader\fm3_baseTimer.o
 .comment       0x00000000       0x71 obj\Release\Src\loader\loader_crc.o
 .comment       0x00000000       0x71 obj\Release\Src\loader\ringbuf.o
 .comment       0x00000000       0x71 obj\Release\Src\loader\UART_FM3.o
 .comment       0x00000000       0x71 obj\Release\Src\main.o
 .comment       0x00000000       0x71 obj\Release\Src\newlib\alloc.o
 .comment       0x00000000       0x71 obj\Release\Src\newlib\new.o
 .comment       0x00000000       0x71 obj\Release\Src\os\ports\GCC\ARMCMx\crt0.o
 .comment       0x00000000       0x71 obj\Release\Src\os\ports\GCC\ARMCMx\MB9BF5xx\vectors.o
 .comment       0x00000000       0x71 obj\Release\Src\periph\ADC.o
 .comment       0x00000000       0x71 obj\Release\Src\periph\COMBUF.o
 .comment       0x00000000       0x71 obj\Release\Src\periph\CSI.o
 .comment       0x00000000       0x71 obj\Release\Src\periph\EEPROM.o
 .comment       0x00000000       0x71 obj\Release\Src\periph\KEY.o
 .comment       0x00000000       0x71 obj\Release\Src\periph\UART.o
 .comment       0x00000000       0x71 obj\Release\Src\utility\util.o

.debug_info     0x00000000    0x450ec
 .debug_info    0x00000000     0x1e99 obj\Release\Src\Application\AppMiddleWare\adcMapFlexiP.o
 .debug_info    0x00001e99     0x9b8a obj\Release\Src\Application\AppMiddleWare\mftEncoderPSUF.o
 .debug_info    0x0000ba23     0x1a69 obj\Release\Src\Application\Cd_AIR.o
 .debug_info    0x0000d48c     0x2013 obj\Release\Src\Application\Cd_ALA.o
 .debug_info    0x0000f49f     0x1cd6 obj\Release\Src\Application\Cd_PRE.o
 .debug_info    0x00011175     0x1938 obj\Release\Src\Application\DECODE.o
 .debug_info    0x00012aad     0x3275 obj\Release\Src\Application\gesXfr_p.o
 .debug_info    0x00015d22     0x6e3f obj\Release\Src\Application\globalApplication.o
 .debug_info    0x0001cb61     0x3a80 obj\Release\Src\board\board.o
 .debug_info    0x000205e1     0x1d81 obj\Release\Src\board\irqManager.o
 .debug_info    0x00022362       0x8f obj\Release\Src\externVar.o
 .debug_info    0x000223f1      0x5fb obj\Release\Src\libfm3\fm3_sysclk.o
 .debug_info    0x000229ec     0xb9f3 obj\Release\Src\libfm3\multiFunctionTimer.o
 .debug_info    0x0002e3df     0x7034 obj\Release\Src\libfm3\SIOFM3.o
 .debug_info    0x00035413      0xa60 obj\Release\Src\libfm3\SwTim.o
 .debug_info    0x00035e73      0x263 obj\Release\Src\libPeriphDriver\sevenSegDrv.o
 .debug_info    0x000360d6      0x32a obj\Release\Src\loader\app_info.o
 .debug_info    0x00036400      0xc73 obj\Release\Src\loader\COMPROTO.o
 .debug_info    0x00037073     0x1c4c obj\Release\Src\loader\COMPROTO_LOADER.o
 .debug_info    0x00038cbf      0x40c obj\Release\Src\loader\FlashAlgoFncs.o
 .debug_info    0x000390cb     0x18f0 obj\Release\Src\loader\fm3_baseTimer.o
 .debug_info    0x0003a9bb      0x683 obj\Release\Src\loader\loader_crc.o
 .debug_info    0x0003b03e      0x861 obj\Release\Src\loader\ringbuf.o
 .debug_info    0x0003b89f      0xf1b obj\Release\Src\loader\UART_FM3.o
 .debug_info    0x0003c7ba     0x1984 obj\Release\Src\main.o
 .debug_info    0x0003e13e      0xcf8 obj\Release\Src\newlib\alloc.o
 .debug_info    0x0003ee36      0x1a3 obj\Release\Src\newlib\new.o
 .debug_info    0x0003efd9      0x2ea obj\Release\Src\os\ports\GCC\ARMCMx\crt0.o
 .debug_info    0x0003f2c3       0xb9 obj\Release\Src\os\ports\GCC\ARMCMx\MB9BF5xx\vectors.o
 .debug_info    0x0003f37c     0x2bf3 obj\Release\Src\periph\ADC.o
 .debug_info    0x00041f6f      0x78f obj\Release\Src\periph\COMBUF.o
 .debug_info    0x000426fe      0xb17 obj\Release\Src\periph\CSI.o
 .debug_info    0x00043215     0x12c2 obj\Release\Src\periph\EEPROM.o
 .debug_info    0x000444d7      0x28f obj\Release\Src\periph\KEY.o
 .debug_info    0x00044766      0x807 obj\Release\Src\periph\UART.o
 .debug_info    0x00044f6d      0x17f obj\Release\Src\utility\util.o

.debug_abbrev   0x00000000     0x5525
 .debug_abbrev  0x00000000      0x387 obj\Release\Src\Application\AppMiddleWare\adcMapFlexiP.o
 .debug_abbrev  0x00000387      0x421 obj\Release\Src\Application\AppMiddleWare\mftEncoderPSUF.o
 .debug_abbrev  0x000007a8      0x370 obj\Release\Src\Application\Cd_AIR.o
 .debug_abbrev  0x00000b18      0x404 obj\Release\Src\Application\Cd_ALA.o
 .debug_abbrev  0x00000f1c      0x376 obj\Release\Src\Application\Cd_PRE.o
 .debug_abbrev  0x00001292      0x2f2 obj\Release\Src\Application\DECODE.o
 .debug_abbrev  0x00001584      0x424 obj\Release\Src\Application\gesXfr_p.o
 .debug_abbrev  0x000019a8      0x5ab obj\Release\Src\Application\globalApplication.o
 .debug_abbrev  0x00001f53      0x273 obj\Release\Src\board\board.o
 .debug_abbrev  0x000021c6      0x39b obj\Release\Src\board\irqManager.o
 .debug_abbrev  0x00002561       0x44 obj\Release\Src\externVar.o
 .debug_abbrev  0x000025a5      0x14c obj\Release\Src\libfm3\fm3_sysclk.o
 .debug_abbrev  0x000026f1      0x4e7 obj\Release\Src\libfm3\multiFunctionTimer.o
 .debug_abbrev  0x00002bd8      0x305 obj\Release\Src\libfm3\SIOFM3.o
 .debug_abbrev  0x00002edd      0x238 obj\Release\Src\libfm3\SwTim.o
 .debug_abbrev  0x00003115       0x7b obj\Release\Src\libPeriphDriver\sevenSegDrv.o
 .debug_abbrev  0x00003190       0xa4 obj\Release\Src\loader\app_info.o
 .debug_abbrev  0x00003234      0x261 obj\Release\Src\loader\COMPROTO.o
 .debug_abbrev  0x00003495      0x313 obj\Release\Src\loader\COMPROTO_LOADER.o
 .debug_abbrev  0x000037a8      0x129 obj\Release\Src\loader\FlashAlgoFncs.o
 .debug_abbrev  0x000038d1      0x259 obj\Release\Src\loader\fm3_baseTimer.o
 .debug_abbrev  0x00003b2a      0x182 obj\Release\Src\loader\loader_crc.o
 .debug_abbrev  0x00003cac      0x1b9 obj\Release\Src\loader\ringbuf.o
 .debug_abbrev  0x00003e65      0x2c0 obj\Release\Src\loader\UART_FM3.o
 .debug_abbrev  0x00004125      0x343 obj\Release\Src\main.o
 .debug_abbrev  0x00004468      0x249 obj\Release\Src\newlib\alloc.o
 .debug_abbrev  0x000046b1       0xd6 obj\Release\Src\newlib\new.o
 .debug_abbrev  0x00004787      0x10b obj\Release\Src\os\ports\GCC\ARMCMx\crt0.o
 .debug_abbrev  0x00004892       0x75 obj\Release\Src\os\ports\GCC\ARMCMx\MB9BF5xx\vectors.o
 .debug_abbrev  0x00004907      0x2aa obj\Release\Src\periph\ADC.o
 .debug_abbrev  0x00004bb1      0x1cb obj\Release\Src\periph\COMBUF.o
 .debug_abbrev  0x00004d7c      0x1be obj\Release\Src\periph\CSI.o
 .debug_abbrev  0x00004f3a      0x254 obj\Release\Src\periph\EEPROM.o
 .debug_abbrev  0x0000518e      0x129 obj\Release\Src\periph\KEY.o
 .debug_abbrev  0x000052b7      0x1b5 obj\Release\Src\periph\UART.o
 .debug_abbrev  0x0000546c       0xb9 obj\Release\Src\utility\util.o

.debug_loc      0x00000000     0x8ee1
 .debug_loc     0x00000000       0xa8 obj\Release\Src\Application\AppMiddleWare\adcMapFlexiP.o
 .debug_loc     0x000000a8      0x1c1 obj\Release\Src\Application\AppMiddleWare\mftEncoderPSUF.o
 .debug_loc     0x00000269       0x90 obj\Release\Src\Application\Cd_AIR.o
 .debug_loc     0x000002f9      0x304 obj\Release\Src\Application\Cd_ALA.o
 .debug_loc     0x000005fd       0xe0 obj\Release\Src\Application\Cd_PRE.o
 .debug_loc     0x000006dd      0xed0 obj\Release\Src\Application\DECODE.o
 .debug_loc     0x000015ad      0x150 obj\Release\Src\Application\gesXfr_p.o
 .debug_loc     0x000016fd      0x5f8 obj\Release\Src\Application\globalApplication.o
 .debug_loc     0x00001cf5      0x43c obj\Release\Src\board\board.o
 .debug_loc     0x00002131      0x914 obj\Release\Src\board\irqManager.o
 .debug_loc     0x00002a45       0xa8 obj\Release\Src\libfm3\fm3_sysclk.o
 .debug_loc     0x00002aed     0x1094 obj\Release\Src\libfm3\multiFunctionTimer.o
 .debug_loc     0x00003b81     0x11e2 obj\Release\Src\libfm3\SIOFM3.o
 .debug_loc     0x00004d63      0x224 obj\Release\Src\libfm3\SwTim.o
 .debug_loc     0x00004f87      0x3c8 obj\Release\Src\libPeriphDriver\sevenSegDrv.o
 .debug_loc     0x0000534f      0x380 obj\Release\Src\loader\COMPROTO.o
 .debug_loc     0x000056cf      0x640 obj\Release\Src\loader\COMPROTO_LOADER.o
 .debug_loc     0x00005d0f      0x188 obj\Release\Src\loader\FlashAlgoFncs.o
 .debug_loc     0x00005e97      0xb20 obj\Release\Src\loader\fm3_baseTimer.o
 .debug_loc     0x000069b7       0x70 obj\Release\Src\loader\loader_crc.o
 .debug_loc     0x00006a27      0x5e8 obj\Release\Src\loader\ringbuf.o
 .debug_loc     0x0000700f      0x658 obj\Release\Src\loader\UART_FM3.o
 .debug_loc     0x00007667       0x70 obj\Release\Src\main.o
 .debug_loc     0x000076d7      0x1ec obj\Release\Src\newlib\alloc.o
 .debug_loc     0x000078c3       0xe0 obj\Release\Src\newlib\new.o
 .debug_loc     0x000079a3       0x90 obj\Release\Src\os\ports\GCC\ARMCMx\crt0.o
 .debug_loc     0x00007a33      0x2a0 obj\Release\Src\periph\ADC.o
 .debug_loc     0x00007cd3      0x3ac obj\Release\Src\periph\COMBUF.o
 .debug_loc     0x0000807f      0x540 obj\Release\Src\periph\CSI.o
 .debug_loc     0x000085bf      0x3ae obj\Release\Src\periph\EEPROM.o
 .debug_loc     0x0000896d      0x14c obj\Release\Src\periph\KEY.o
 .debug_loc     0x00008ab9      0x380 obj\Release\Src\periph\UART.o
 .debug_loc     0x00008e39       0xa8 obj\Release\Src\utility\util.o

.debug_aranges  0x00000000      0x830
 .debug_aranges
                0x00000000       0x20 obj\Release\Src\Application\AppMiddleWare\adcMapFlexiP.o
 .debug_aranges
                0x00000020       0x20 obj\Release\Src\Application\AppMiddleWare\mftEncoderPSUF.o
 .debug_aranges
                0x00000040       0x20 obj\Release\Src\Application\Cd_AIR.o
 .debug_aranges
                0x00000060       0x38 obj\Release\Src\Application\Cd_ALA.o
 .debug_aranges
                0x00000098       0x20 obj\Release\Src\Application\Cd_PRE.o
 .debug_aranges
                0x000000b8       0x30 obj\Release\Src\Application\DECODE.o
 .debug_aranges
                0x000000e8       0x38 obj\Release\Src\Application\gesXfr_p.o
 .debug_aranges
                0x00000120       0x48 obj\Release\Src\Application\globalApplication.o
 .debug_aranges
                0x00000168       0x20 obj\Release\Src\board\board.o
 .debug_aranges
                0x00000188       0x28 obj\Release\Src\board\irqManager.o
 .debug_aranges
                0x000001b0       0x18 obj\Release\Src\externVar.o
 .debug_aranges
                0x000001c8       0x20 obj\Release\Src\libfm3\fm3_sysclk.o
 .debug_aranges
                0x000001e8       0x20 obj\Release\Src\libfm3\multiFunctionTimer.o
 .debug_aranges
                0x00000208       0x20 obj\Release\Src\libfm3\SIOFM3.o
 .debug_aranges
                0x00000228       0x28 obj\Release\Src\libfm3\SwTim.o
 .debug_aranges
                0x00000250       0x20 obj\Release\Src\libPeriphDriver\sevenSegDrv.o
 .debug_aranges
                0x00000270       0x18 obj\Release\Src\loader\app_info.o
 .debug_aranges
                0x00000288       0x98 obj\Release\Src\loader\COMPROTO.o
 .debug_aranges
                0x00000320      0x100 obj\Release\Src\loader\COMPROTO_LOADER.o
 .debug_aranges
                0x00000420       0x50 obj\Release\Src\loader\FlashAlgoFncs.o
 .debug_aranges
                0x00000470       0x28 obj\Release\Src\loader\fm3_baseTimer.o
 .debug_aranges
                0x00000498       0x20 obj\Release\Src\loader\loader_crc.o
 .debug_aranges
                0x000004b8       0xf0 obj\Release\Src\loader\ringbuf.o
 .debug_aranges
                0x000005a8      0x100 obj\Release\Src\loader\UART_FM3.o
 .debug_aranges
                0x000006a8       0x20 obj\Release\Src\main.o
 .debug_aranges
                0x000006c8       0x20 obj\Release\Src\newlib\alloc.o
 .debug_aranges
                0x000006e8       0x20 obj\Release\Src\newlib\new.o
 .debug_aranges
                0x00000708       0x28 obj\Release\Src\os\ports\GCC\ARMCMx\crt0.o
 .debug_aranges
                0x00000730       0x20 obj\Release\Src\os\ports\GCC\ARMCMx\MB9BF5xx\vectors.o
 .debug_aranges
                0x00000750       0x20 obj\Release\Src\periph\ADC.o
 .debug_aranges
                0x00000770       0x20 obj\Release\Src\periph\COMBUF.o
 .debug_aranges
                0x00000790       0x20 obj\Release\Src\periph\CSI.o
 .debug_aranges
                0x000007b0       0x20 obj\Release\Src\periph\EEPROM.o
 .debug_aranges
                0x000007d0       0x20 obj\Release\Src\periph\KEY.o
 .debug_aranges
                0x000007f0       0x20 obj\Release\Src\periph\UART.o
 .debug_aranges
                0x00000810       0x20 obj\Release\Src\utility\util.o

.debug_line     0x00000000     0x9563
 .debug_line    0x00000000      0x733 obj\Release\Src\Application\AppMiddleWare\adcMapFlexiP.o
 .debug_line    0x00000733      0x6a9 obj\Release\Src\Application\AppMiddleWare\mftEncoderPSUF.o
 .debug_line    0x00000ddc      0x643 obj\Release\Src\Application\Cd_AIR.o
 .debug_line    0x0000141f      0x87f obj\Release\Src\Application\Cd_ALA.o
 .debug_line    0x00001c9e      0x677 obj\Release\Src\Application\Cd_PRE.o
 .debug_line    0x00002315      0x579 obj\Release\Src\Application\DECODE.o
 .debug_line    0x0000288e      0x7a0 obj\Release\Src\Application\gesXfr_p.o
 .debug_line    0x0000302e      0x9c0 obj\Release\Src\Application\globalApplication.o
 .debug_line    0x000039ee      0x2ef obj\Release\Src\board\board.o
 .debug_line    0x00003cdd      0x702 obj\Release\Src\board\irqManager.o
 .debug_line    0x000043df       0xe1 obj\Release\Src\externVar.o
 .debug_line    0x000044c0      0x20a obj\Release\Src\libfm3\fm3_sysclk.o
 .debug_line    0x000046ca      0xc22 obj\Release\Src\libfm3\multiFunctionTimer.o
 .debug_line    0x000052ec      0x818 obj\Release\Src\libfm3\SIOFM3.o
 .debug_line    0x00005b04      0x22b obj\Release\Src\libfm3\SwTim.o
 .debug_line    0x00005d2f      0x214 obj\Release\Src\libPeriphDriver\sevenSegDrv.o
 .debug_line    0x00005f43       0xf7 obj\Release\Src\loader\app_info.o
 .debug_line    0x0000603a      0x535 obj\Release\Src\loader\COMPROTO.o
 .debug_line    0x0000656f      0x45f obj\Release\Src\loader\COMPROTO_LOADER.o
 .debug_line    0x000069ce      0x2c8 obj\Release\Src\loader\FlashAlgoFncs.o
 .debug_line    0x00006c96      0x6d0 obj\Release\Src\loader\fm3_baseTimer.o
 .debug_line    0x00007366      0x2ae obj\Release\Src\loader\loader_crc.o
 .debug_line    0x00007614      0x26b obj\Release\Src\loader\ringbuf.o
 .debug_line    0x0000787f      0x274 obj\Release\Src\loader\UART_FM3.o
 .debug_line    0x00007af3      0x610 obj\Release\Src\main.o
 .debug_line    0x00008103      0x2ad obj\Release\Src\newlib\alloc.o
 .debug_line    0x000083b0      0x104 obj\Release\Src\newlib\new.o
 .debug_line    0x000084b4      0x15e obj\Release\Src\os\ports\GCC\ARMCMx\crt0.o
 .debug_line    0x00008612       0x93 obj\Release\Src\os\ports\GCC\ARMCMx\MB9BF5xx\vectors.o
 .debug_line    0x000086a5      0x3e4 obj\Release\Src\periph\ADC.o
 .debug_line    0x00008a89      0x210 obj\Release\Src\periph\COMBUF.o
 .debug_line    0x00008c99      0x19b obj\Release\Src\periph\CSI.o
 .debug_line    0x00008e34      0x2fc obj\Release\Src\periph\EEPROM.o
 .debug_line    0x00009130      0x1b4 obj\Release\Src\periph\KEY.o
 .debug_line    0x000092e4      0x154 obj\Release\Src\periph\UART.o
 .debug_line    0x00009438      0x12b obj\Release\Src\utility\util.o

.debug_str      0x00000000    0x106cd
 .debug_str     0x00000000     0x1341 obj\Release\Src\Application\AppMiddleWare\adcMapFlexiP.o
                               0x150b (size before relaxing)
 .debug_str     0x00001341     0x3f35 obj\Release\Src\Application\AppMiddleWare\mftEncoderPSUF.o
                               0x4f4a (size before relaxing)
 .debug_str     0x00005276       0xd3 obj\Release\Src\Application\Cd_AIR.o
                               0x12fb (size before relaxing)
 .debug_str     0x00005349      0x3c5 obj\Release\Src\Application\Cd_ALA.o
                               0x15f5 (size before relaxing)
 .debug_str     0x0000570e       0xb0 obj\Release\Src\Application\Cd_PRE.o
                               0x138d (size before relaxing)
 .debug_str     0x000057be      0xe13 obj\Release\Src\Application\DECODE.o
                               0x11b5 (size before relaxing)
 .debug_str     0x000065d1      0x8fb obj\Release\Src\Application\gesXfr_p.o
                               0x2009 (size before relaxing)
 .debug_str     0x00006ecc     0x2113 obj\Release\Src\Application\globalApplication.o
                               0x398f (size before relaxing)
 .debug_str     0x00008fdf      0xc23 obj\Release\Src\board\board.o
                               0x1db9 (size before relaxing)
 .debug_str     0x00009c02      0x2b6 obj\Release\Src\board\irqManager.o
                               0x1484 (size before relaxing)
 .debug_str     0x00009eb8       0x8c obj\Release\Src\externVar.o
                                0x171 (size before relaxing)
 .debug_str     0x00009f44       0xe2 obj\Release\Src\libfm3\fm3_sysclk.o
                                0x59f (size before relaxing)
 .debug_str     0x0000a026      0x3ad obj\Release\Src\libfm3\multiFunctionTimer.o
                               0x50c5 (size before relaxing)
 .debug_str     0x0000a3d3      0xfcc obj\Release\Src\libfm3\SIOFM3.o