Archive member included because of file (symbol)

c:/program files (x86)/emide/emide v2.20/arm/bin/../lib/gcc/arm-none-eabi/4.7.4/armv7-m\libgcc.a(_arm_addsubdf3.o)
                              obj\Debug\Src\loader\fm3_baseTimer.o (__aeabi_dsub)
c:/program files (x86)/emide/emide v2.20/arm/bin/../lib/gcc/arm-none-eabi/4.7.4/armv7-m\libgcc.a(_arm_muldivdf3.o)
                              obj\Debug\Src\Application\AppMiddleWare\mftEncoderPSUF.o (__aeabi_dmul)
c:/program files (x86)/emide/emide v2.20/arm/bin/../lib/gcc/arm-none-eabi/4.7.4/armv7-m\libgcc.a(_arm_cmpdf2.o)
                              obj\Debug\Src\loader\fm3_baseTimer.o (__aeabi_dcmpge)
c:/program files (x86)/emide/emide v2.20/arm/bin/../lib/gcc/arm-none-eabi/4.7.4/armv7-m\libgcc.a(_arm_fixdfsi.o)
                              obj\Debug\Src\loader\fm3_baseTimer.o (__aeabi_d2iz)
c:/program files (x86)/emide/emide v2.20/arm/bin/../lib/gcc/arm-none-eabi/4.7.4/armv7-m\libgcc.a(_arm_fixunsdfsi.o)
                              obj\Debug\Src\Application\globalApplication.o (__aeabi_d2uiz)
c:/program files (x86)/emide/emide v2.20/arm/bin/../lib/gcc/arm-none-eabi/4.7.4/armv7-m\libgcc.a(_arm_truncdfsf2.o)
                              obj\Debug\Src\Application\AppMiddleWare\mftEncoderPSUF.o (__aeabi_d2f)
c:/program files (x86)/emide/emide v2.20/arm/bin/../lib/gcc/arm-none-eabi/4.7.4/armv7-m\libgcc.a(_arm_addsubsf3.o)
                              obj\Debug\Src\Application\AppMiddleWare\mftEncoderPSUF.o (__aeabi_fsub)
c:/program files (x86)/emide/emide v2.20/arm/bin/../lib/gcc/arm-none-eabi/4.7.4/armv7-m\libgcc.a(_arm_muldivsf3.o)
                              obj\Debug\Src\Application\AppMiddleWare\mftEncoderPSUF.o (__aeabi_fmul)
c:/program files (x86)/emide/emide v2.20/arm/bin/../lib/gcc/arm-none-eabi/4.7.4/armv7-m\libgcc.a(_arm_cmpsf2.o)
                              obj\Debug\Src\loader\fm3_baseTimer.o (__aeabi_fcmplt)
c:/program files (x86)/emide/emide v2.20/arm/bin/../lib/gcc/arm-none-eabi/4.7.4/armv7-m\libgcc.a(_arm_fixsfsi.o)
                              obj\Debug\Src\periph\ADC.o (__aeabi_f2iz)
c:/program files (x86)/emide/emide v2.20/arm/bin/../lib/gcc/arm-none-eabi/4.7.4/armv7-m\libgcc.a(_arm_fixunssfsi.o)
                              obj\Debug\Src\Application\AppMiddleWare\mftEncoderPSUF.o (__aeabi_f2uiz)
c:/program files (x86)/emide/emide v2.20/arm/bin/../lib/gcc/arm-none-eabi/4.7.4/../../../../arm-none-eabi/lib/armv7-m\libc.a(lib_a-__atexit.o)
                              c:/program files (x86)/emide/emide v2.20/arm/bin/../lib/gcc/arm-none-eabi/4.7.4/../../../../arm-none-eabi/lib/armv7-m/crt0.o (__register_exitproc)
c:/program files (x86)/emide/emide v2.20/arm/bin/../lib/gcc/arm-none-eabi/4.7.4/../../../../arm-none-eabi/lib/armv7-m\libc.a(lib_a-exit.o)
                              c:/program files (x86)/emide/emide v2.20/arm/bin/../lib/gcc/arm-none-eabi/4.7.4/../../../../arm-none-eabi/lib/armv7-m/crt0.o (exit)
c:/program files (x86)/emide/emide v2.20/arm/bin/../lib/gcc/arm-none-eabi/4.7.4/../../../../arm-none-eabi/lib/armv7-m\libc.a(lib_a-fini.o)
                              c:/program files (x86)/emide/emide v2.20/arm/bin/../lib/gcc/arm-none-eabi/4.7.4/../../../../arm-none-eabi/lib/armv7-m/crt0.o (__libc_fini_array)
c:/program files (x86)/emide/emide v2.20/arm/bin/../lib/gcc/arm-none-eabi/4.7.4/../../../../arm-none-eabi/lib/armv7-m\libc.a(lib_a-impure.o)
                              c:/program files (x86)/emide/emide v2.20/arm/bin/../lib/gcc/arm-none-eabi/4.7.4/../../../../arm-none-eabi/lib/armv7-m\libc.a(lib_a-__atexit.o) (_global_impure_ptr)
c:/program files (x86)/emide/emide v2.20/arm/bin/../lib/gcc/arm-none-eabi/4.7.4/../../../../arm-none-eabi/lib/armv7-m\libc.a(lib_a-init.o)
                              c:/program files (x86)/emide/emide v2.20/arm/bin/../lib/gcc/arm-none-eabi/4.7.4/../../../../arm-none-eabi/lib/armv7-m/crt0.o (__libc_init_array)
c:/program files (x86)/emide/emide v2.20/arm/bin/../lib/gcc/arm-none-eabi/4.7.4/../../../../arm-none-eabi/lib/armv7-m\libc.a(lib_a-memcmp.o)
                              obj\Debug\Src\Application\AppMiddleWare\adcMapFlexiP.o (memcmp)
c:/program files (x86)/emide/emide v2.20/arm/bin/../lib/gcc/arm-none-eabi/4.7.4/../../../../arm-none-eabi/lib/armv7-m\libc.a(lib_a-memcpy.o)
                              obj\Debug\Src\Application\globalApplication.o (memcpy)
c:/program files (x86)/emide/emide v2.20/arm/bin/../lib/gcc/arm-none-eabi/4.7.4/../../../../arm-none-eabi/lib/armv7-m\libc.a(lib_a-memset.o)
                              c:/program files (x86)/emide/emide v2.20/arm/bin/../lib/gcc/arm-none-eabi/4.7.4/../../../../arm-none-eabi/lib/armv7-m/crt0.o (memset)
c:/program files (x86)/emide/emide v2.20/arm/bin/../lib/gcc/arm-none-eabi/4.7.4/../../../../arm-none-eabi/lib/armv7-m\libc.a(lib_a-stpncpy.o)
                              obj\Debug\Src\libfm3\multiFunctionTimer.o (stpncpy)
[...]
Memory Configuration

Name             Origin             Length             Attributes
flash            0x00000000         0x00080000
ram              0x1fff8000         0x00008000
ramcode          0x20000000         0x00008000
xram             0x60000000         0x00020000
*default*        0x00000000         0xffffffff

Linker script and memory map

LOAD c:/program files (x86)/emide/emide v2.20/arm/bin/../lib/gcc/arm-none-eabi/4.7.4/armv7-m/crti.o
LOAD c:/program files (x86)/emide/emide v2.20/arm/bin/../lib/gcc/arm-none-eabi/4.7.4/armv7-m/crtbegin.o
LOAD c:/program files (x86)/emide/emide v2.20/arm/bin/../lib/gcc/arm-none-eabi/4.7.4/../../../../arm-none-eabi/lib/armv7-m/crt0.o
LOAD obj\Debug\Src\Application\AppMiddleWare\adcMapFlexiP.o
LOAD obj\Debug\Src\Application\AppMiddleWare\mftEncoderPSUF.o
LOAD obj\Debug\Src\Application\Cd_AIR.o
LOAD obj\Debug\Src\Application\Cd_ALA.o
LOAD obj\Debug\Src\Application\Cd_PRE.o
LOAD obj\Debug\Src\Application\DECODE.o
LOAD obj\Debug\Src\Application\gesXfr_p.o
LOAD obj\Debug\Src\Application\globalApplication.o
LOAD obj\Debug\Src\board\board.o
LOAD obj\Debug\Src\board\irqManager.o
LOAD obj\Debug\Src\externVar.o
LOAD obj\Debug\Src\libfm3\fm3_sysclk.o
LOAD obj\Debug\Src\libfm3\multiFunctionTimer.o
LOAD obj\Debug\Src\libfm3\SIOFM3.o
LOAD obj\Debug\Src\libfm3\SwTim.o
LOAD obj\Debug\Src\libPeriphDriver\sevenSegDrv.o
LOAD obj\Debug\Src\loader\app_info.o
LOAD obj\Debug\Src\loader\COMPROTO.o
LOAD obj\Debug\Src\loader\COMPROTO_LOADER.o
LOAD obj\Debug\Src\loader\FlashAlgoFncs.o
LOAD obj\Debug\Src\loader\fm3_baseTimer.o
LOAD obj\Debug\Src\loader\loader_crc.o
LOAD obj\Debug\Src\loader\ringbuf.o
LOAD obj\Debug\Src\loader\swtimer.o
LOAD obj\Debug\Src\loader\system_mb9bf50x.o
LOAD obj\Debug\Src\loader\UART_FM3.o
LOAD obj\Debug\Src\main.o
LOAD obj\Debug\Src\newlib\alloc.o
LOAD obj\Debug\Src\newlib\new.o
LOAD obj\Debug\Src\os\ports\common\ARMCMx\nvic.o
LOAD obj\Debug\Src\os\ports\GCC\ARMCMx\chcore.o
LOAD obj\Debug\Src\os\ports\GCC\ARMCMx\crt0.o
LOAD obj\Debug\Src\os\ports\GCC\ARMCMx\MB9BF5xx\vectors.o
LOAD obj\Debug\Src\periph\ADC.o
LOAD obj\Debug\Src\periph\COMBUF.o
LOAD obj\Debug\Src\periph\CSI.o
LOAD obj\Debug\Src\periph\EEPROM.o
LOAD obj\Debug\Src\periph\KEY.o
LOAD obj\Debug\Src\periph\UART.o
LOAD obj\Debug\Src\utility\util.o
LOAD c:/program files (x86)/emide/emide v2.20/arm/bin/../lib/gcc/arm-none-eabi/4.7.4/../../../../arm-none-eabi/lib/armv7-m\libstdc++.a
LOAD c:/program files (x86)/emide/emide v2.20/arm/bin/../lib/gcc/arm-none-eabi/4.7.4/../../../../arm-none-eabi/lib/armv7-m\libm.a
START GROUP
LOAD c:/program files (x86)/emide/emide v2.20/arm/bin/../lib/gcc/arm-none-eabi/4.7.4/armv7-m\libgcc.a
LOAD c:/program files (x86)/emide/emide v2.20/arm/bin/../lib/gcc/arm-none-eabi/4.7.4/../../../../arm-none-eabi/lib/armv7-m\libc.a
END GROUP
LOAD c:/program files (x86)/emide/emide v2.20/arm/bin/../lib/gcc/arm-none-eabi/4.7.4/armv7-m/crtend.o
LOAD c:/program files (x86)/emide/emide v2.20/arm/bin/../lib/gcc/arm-none-eabi/4.7.4/armv7-m/crtn.o
                0x00000800                __main_stack_size__ = 0x800
                0x00000800                __process_stack_size__ = 0x800
                0x20000000                __ramcode_start__ = ORIGIN (ramcode)
                0x00008000                __ramcode_size__ = 0x8000
                0x20008000                __ramcode_end__ = (__ramcode_start__ + __ramcode_size__)
                0x1fff8000                __ram_start__ = ORIGIN (ram)
                0x00008000                __ram_size__ = 0x8000
                0x20000000                __ram_end__ = (__ram_start__ + __ram_size__)
                0x60000000                __xram_start__ = ORIGIN (xram)
                0x00020000                __xram_size__ = 0x20000
                0x60020000                __xram_end__ = (__xram_start__ + __xram_size__)
                0x00000000                . = ORIGIN (flash)
                0x00000000                _text = .

startup         0x00000000      0x104
 *(vectors)
 vectors        0x00000000      0x104 obj\Debug\Src\os\ports\GCC\ARMCMx\MB9BF5xx\vectors.o
                0x00000000                _vectors

application_info
                0x00000104      0x10c
                0x00000110                . = (ORIGIN (flash) + 0x110)
 *fill*         0x00000104        0xc 00
                0x00000110                _application_info_start = .
                0x00000110                . = ALIGN (0x4)
 *(.application_info_section)
 .application_info_section
                0x00000110      0x100 obj\Debug\Src\loader\app_info.o
                0x00000110                g_appInfo
                0x00000210                _application_info_end = .

resetHandlerSection
                0x00000210      0x204
                0x00000300                . = (ORIGIN (flash) + 0x300)
 *fill*         0x00000210       0xf0 00
                0x00000300                _resetHandlerSection_start = .
                0x00000300                . = ALIGN (0x4)
 *(.resetHandlerSection)
 .resetHandlerSection
                0x00000300      0x114 obj\Debug\Src\os\ports\GCC\ARMCMx\crt0.o
                0x00000300                ResetHandler

constructors    0x00000414       0x10
                0x00000414                PROVIDE (__init_array_start, .)
 *(SORT(.init_array.*))
 .init_array.00000
                0x00000414        0x4 c:/program files (x86)/emide/emide v2.20/arm/bin/../lib/gcc/arm-none-eabi/4.7.4/../../../../arm-none-eabi/lib/armv7-m\libc.a(lib_a-__call_atexit.o)
 *(.init_array)
 .init_array    0x00000418        0x4 c:/program files (x86)/emide/emide v2.20/arm/bin/../lib/gcc/arm-none-eabi/4.7.4/armv7-m/crtbegin.o
 .init_array    0x0000041c        0x4 obj\Debug\Src\Application\globalApplication.o
 .init_array    0x00000420        0x4 obj\Debug\Src\libfm3\SwTim.o
                0x00000424                PROVIDE (__init_array_end, .)

destructors     0x00000424        0x4
                0x00000424                PROVIDE (__fini_array_start, .)
 *(.fini_array)
 .fini_array    0x00000424        0x4 c:/program files (x86)/emide/emide v2.20/arm/bin/../lib/gcc/arm-none-eabi/4.7.4/armv7-m/crtbegin.o
 *(SORT(.fini_array.*))
                0x00000428                PROVIDE (__fini_array_end, .)

.text           0x00000430    0x17fd4
 *(.text.startup.*)
 .text.startup.register_fini
                0x00000430       0x14 c:/program files (x86)/emide/emide v2.20/arm/bin/../lib/gcc/arm-none-eabi/4.7.4/../../../../arm-none-eabi/lib/armv7-m\libc.a(lib_a-__call_atexit.o)
 *(.text)
 *fill*         0x00000444        0xc 00
 .text          0x00000450       0x54 c:/program files (x86)/emide/emide v2.20/arm/bin/../lib/gcc/arm-none-eabi/4.7.4/armv7-m/crtbegin.o
 *fill*         0x000004a4        0xc 00
 .text          0x000004b0      0xed0 obj\Debug\Src\Application\AppMiddleWare\adcMapFlexiP.o
                0x000004c8                cal_init()
                0x00000fb0                adc_init_channel()
 .text          0x00001380      0x828 obj\Debug\Src\Application\AppMiddleWare\mftEncoderPSUF.o
                0x00001398                encoderInit()
                0x00001760                PS_Read()
                0x000017a8                UF_Read()
                0x000017f0                PS_ISR()
                0x00001894                UF_ISR()
                0x00001938                UF_PEAK_INT_ISR(frtChannel)
                0x00001a68                PS_PEAK_INT_ISR(frtChannel)
 *fill*         0x00001ba8        0x8 00
 .text          0x00001bb0      0x400 obj\Debug\Src\Application\Cd_AIR.o
                0x00001bc8                DrvAIR_Ini
                0x00001c54                DrvAIR_Ges
 .text          0x00001fb0      0xde0 obj\Debug\Src\Application\Cd_ALA.o
                0x00001fc8                Ala_Ini
                0x000023b0                Ala_Ges
                0x00002620                Ala_Pre
                0x000027e8                Ala_Kal
                0x000028e4                Ala_Res
                0x00002968                Ala_Loc(unsigned char)
                0x00002b18                Ala_Unl_Ala(unsigned char)
                0x00002c60                Ala_Unl_Tot()
                0x00002ce0                Fatal_Error
                0x00002d0c                Ges_luci_cicalino
 .text          0x00002d90      0x31c obj\Debug\Src\Application\Cd_PRE.o
                0x00002da8                AlaPRE_Ini
                0x00002e40                AlaPRE_Ges
                0x00003000                Pre_Lim
 *fill*         0x000030ac        0x4 00
 .text          0x000030b0      0xc3c obj\Debug\Src\Application\gesXfr_p.o
                0x000030c8                GesXfr_P()
                0x00003b8c                IniXfr_P()
 *fill*         0x00003cec        0x4 00
 .text          0x00003cf0     0x1858 obj\Debug\Src\Application\globalApplication.o
                0x00003d08                global_var_init()
                0x00003d8c                hwAppInit()
                0x00003e38                mainAppInit()
                0x00003efc                mainAppRun()
                0x00004014                blinkLedLife()
                0x000040c4                Ges_rele()
                0x00004188                Ges_app()
                0x0000435c                Ges_ala_adc()
                0x00004550                Ges_key()
                0x000045a8                Ges_ala_pmp()
                0x000047f8                Ges_cmd()
                0x00004d7c                WriteCalPressione(CalPoint*, CalPoint*, unsigned char)
                0x00004edc                WriteCalBilancia(CalPoint*, unsigned char, CalPoint*, unsigned char)
                0x0000509c                WriteDati()
                0x000050f0                SetupDati()
                0x000051a8                Treat_Time_Ges()
                0x000052a4                Offset_Pressioni()
                0x00005368                Reset_Offset_Pressioni()
                0x0000540c                loaderInit()
                0x00005444                protocol_init()
                0x0000547c                uartRxFromControllerIrq()
 *fill*         0x00005548        0x8 00
 .text          0x00005550      0xdb0 obj\Debug\Src\board\board.o
                0x000056d8                __early_init
                0x00005834                __late_init
                0x00005878                boardInit
                0x000059a4                pin_port0_Set()
                0x00005aa8                pin_port1_Set()
                0x00005b40                pin_port2_Set()
                0x00005bc8                pin_port3_Set()
                0x00005c60                pin_port4_Set()
                0x00005d14                pin_port5_Set()
                0x00005d9c                pin_port6_Set()
                0x00005e14                pin_port7_Set()
                0x00005e8c                pin_SpecAde_Set()
                0x00005ff4                setEPFR02Reg()
                0x00006060                setEPFR07Reg()
                0x000060f4                setEPFR08Reg()
                0x000061e4                nvic_init()
                0x000062d8                irqSelect()
 .text          0x00006300      0x5bc obj\Debug\Src\board\irqManager.o
                0x00006318                SysTickVector
                0x000063d8                NMIVector
                0x000063fc                HardFaultVector
                0x00006420                MemManageVector
                0x00006444                BusFaultVector
                0x00006468                UsageFaultVector
                0x0000648c                Vector1C
                0x000064a4                Vector20
                0x000064bc                Vector24
                0x000064d4                Vector28
                0x000064ec                Vector34
                0x00006504                Vector40
                0x0000651c                Vector44
                0x00006534                Vector48
                0x0000654c                Vector4c
                0x00006564                Vector50
                0x0000657c                Vector54
                0x00006594                Vector58
                0x000065ac                Vector5c
                0x000065c4                Vector6c
                0x000065dc                Vector70
                0x000065f4                Vector74
                0x0000661c                Vector7c
                0x00006634                Vector84
                0x0000664c                Vector88
                0x00006664                Vector8c
                0x0000667c                Vector90
                0x00006694                Vector9c
                0x000066ac                VectorA0
                0x000066c4                VectorA4
                0x000066dc                VectorA8
                0x000066f4                VectorAc
                0x0000670c                VectorBc
                0x00006724                VectorC0
                0x0000673c                VectorC4
                0x00006754                VectorC8
                0x0000676c                VectorCc
                0x00006784                VectorD0
                0x0000679c                VectorD4
                0x000067b4                VectorD8
                0x000067cc                VectorDc
                0x000067e4                VectorE0
                0x000067fc                VectorE4
                0x00006814                VectorE8
                0x0000682c                VectorEc
                0x00006844                VectorF0
                0x0000685c                VectorF4
                0x00006874                VectorF8
                0x0000688c                VectorFc
                0x000068a4                Vector100
 *fill*         0x000068bc        0x4 00
 .text          0x000068c0      0x5ec obj\Debug\Src\libfm3\fm3_sysclk.o
                0x000068c0                fm3_sysclock_init
                0x00006d90                fm3_HSCR_setPrescalerHSCRcnt
                0x00006dbc                fm3_HSCR_writePrescalerHSCRcnt
 *fill*         0x00006eac        0x4 00
 .text          0x00006eb0     0x2f18 obj\Debug\Src\libfm3\multiFunctionTimer.o
                0x00006ec8                mftUnit::mftUnit(unsigned char)
                0x00006ec8                mftUnit::mftUnit(unsigned char)
                0x00007010                mftUnit::getID()
                0x0000702c                mftUnit::setFrtCycleRatio(frtChannel, cycleRatio)
                0x000070b8                mftUnit::setFrtInitRequest(frtChannel, frtInitRequest)
                0x00007108                mftUnit::setFrtCounterMode(frtChannel, frtCounterMode)
                0x00007194                mftUnit::setFrtOperMode(frtChannel, frtOperMode)
                0x000071e4                mftUnit::setFrtBufferFunction(frtChannel, frtBufferFunction)
                0x00007270                mftUnit::clearFRTIRQZF(frtChannel)
                0x000072e4                mftUnit::readFRTIRQZF(frtChannel)
                0x0000732c                mftUnit::clearFRTICLR(frtChannel)
                0x000073a8                mftUnit::readFRTICLR(frtChannel)
                0x000073f0                mftUnit::setFrtIntOnMatch(frtChannel, frtEnableIntOnMatch)
                0x0000747c                mftUnit::isFrtPeakInterruptEnabled(frtChannel)
                0x000074cc                mftUnit::setFrtIntOnMatch_Z(frtChannel, frtEnableIntOnMatch)
                0x00007558                mftUnit::isFrtZeroInterruptEnabled(frtChannel)
                0x000075a8                mftUnit::setFrtClock(frtChannel, frtClock)
                0x00007634                mftUnit::setTSCARegister(frtChannel, cycleRatio, frtInitRequest, frtCounterMode, frtOperMode, frtBufferFunction, frtEnableIntOnMatch, frtEnableIntOnMatch, frtClock)
                0x000076d4                mftUnit::setOcuChannelOper(ocuUnit, ocuChannel, ocuOperation)
                0x00007748                mftUnit::setOcuRegister(ocuUnit, ocuChannel, ocuOperation, ocuBufferState, ocuGenerateInt, ocuBufferTransfer, ocuRTOutputLevel)
                0x000077ec                mftUnit::setOcuOutputLevel(ocuUnit, ocuChannel, ocuRTOutputLevel)
                0x000078c8                mftUnit::getOcuOutputLevel(ocuUnit, ocuChannel)
                0x00007938                mftUnit::setOCSCModeRegister(unsigned char, unsigned char)
                0x00007a3c                mftUnit::setOcuOCCP(ocuUnit, ocuChannel, unsigned short)
                0x00007a94                mftUnit::getOcuOCCP(ocuUnit, ocuChannel)
                0x00007aec                mftUnit::setOcuModeUse(ocuUnit, ocuChannel, ocuModeUse)
                0x00007ca4                mftUnit::setOcuAdmittedModeUse(ocuUnit, ocuChannel, ocuAdmittedMode)
                0x00007e08                mftUnit::setOcuChannelBufferState(ocuUnit, ocuChannel, ocuBufferState)
                0x00007f34                mftUnit::setOcuChannelGenerateInt(ocuUnit, ocuChannel, ocuGenerateInt)
                0x00007fa8                mftUnit::setOcuBufferTransfer(ocuUnit, ocuChannel, ocuBufferTransfer)
                0x00008020                mftUnit::setOcuModeRegister(ocuUnit, ocuChannel, clearedRegister, clearedRegister)
                0x000080a4                mftUnit::clearOCUIOP(ocuUnit, ocuChannel)
                0x0000810c                mftUnit::readOCUIOP(ocuUnit, ocuChannel)
                0x00008178                mftUnit::startsFrtCounting(frtChannel)
                0x000081e8                mftUnit::stopsFrtCounting(frtChannel)
                0x00008278                mftUnit::clearFrtCounting(frtChannel)
                0x00008328                mftUnit::getFrtCounterOutput(frtChannel)
                0x00008374                mftUnit::getFrtCounterMode(frtChannel)
                0x000083c4                mftUnit::setFrtADCTrigger(frtChannel, frtADCTrigger, frtADCOutput)
                0x00008450                mftUnit::isFrtADCTriggered(frtChannel, frtADCOutput)
                0x000084dc                mftUnit::setFrtPeakRegister(frtChannel, unsigned short)
                0x0000851c                mftUnit::getFrtPeakRegister(frtChannel)
                0x00008558                mftUnit::assignFRTtoOCU(ocuIcuConnectFrt, ocuUnit, ocuChannel)
                0x00008604                mftUnit::whichFRTisAssignedToOCU(ocuUnit, ocuChannel)
                0x00008670                mftUnit::initFRTRegister()
                0x000088b8                mftUnit::initOCURegsiter()
                0x00008a54                mftUnit::initWFGRegister()
                0x00008b44                mftUnit::initICURegister()
                0x00008d2c                mftUnit::setWfgCycleRatio(wfgUnit, wfgChannel, cycleRatio)
                0x00008e6c                mftUnit::setWfgModeSetting(wfgUnit, wfgChannel, wfgOperationMode)
                0x00008ee8                mftUnit::setWfgChGateMode(wfgUnit, wfgChannel, chGateCode)
                0x00008f4c                mftUnit::setWfgPPGtoGateMode(wfgUnit, wfgChannel, ppcToGateMode)
                0x00008fb0                mftUnit::setWfgPPGReflectWfg(wfgUnit, wfgChannel, chPPGOnWFGoutput)
                0x0000902c                mftUnit::setWfgOutputPolarity(wfgUnit, wfgChannel, wfgOutputPolarity)
                0x000090a8                mftUnit::setWfgTimerRegister(wfgUnit, unsigned short)
                0x00009100                mftUnit::getWfgTimerRegister(wfgUnit)
                0x0000914c                mftUnit::isDTIFgenerated(wfgUnit)
                0x000091b0                mftUnit::clearDTIF(wfgUnit)
                0x000091fc                mftUnit::assignRTPin()
                0x00009434                mftUnit::findConfiguredOutputPin(char*, ocuUnit&, ocuChannel&)
                0x0000958c                mftUnit::setIcuChannelGenerateInt(icuUnit, icuChannel, icuGenerateInt)
                0x00009604                mftUnit::setIcuRegister(icuUnit, icuChannel, icuOperation, icuGenerateInt)
                0x00009664                mftUnit::clearICUICP(icuUnit, icuChannel)
                0x00009760                mftUnit::readICUICP(icuUnit, icuChannel)
                0x000097d0                mftUnit::setIcuChannelSelectFrontEnable(icuUnit, icuChannel, icuOperation)
                0x00009848                mftUnit::assignFRTtoICU(ocuIcuConnectFrt, icuUnit, icuChannel)
                0x000098f8                mftUnit::whichFRTisAssignedToICU(icuUnit, icuChannel)
                0x00009968                mftUnit::getIcuLastFront(icuUnit, icuChannel)
                0x000099d8                mftUnit::getIcuICCP(icuUnit, icuChannel)
                0x00009a88                mftUnit::attachFrtCallback(void (*)(frtChannel), frtChannel)
                0x00009ad8                mftUnit::attachFrtNrzCallback(void (*)(frtChannel), frtChannel)
                0x00009b18                mftUnit::attachICUCallback(void (*)(), icuUnit, icuChannel)
                0x00009b74                VectorB0
                0x00009c84                VectorB4
                0x00009d84                VectorB8
                0x00009d90                mftUnit::~mftUnit()
                0x00009d90                mftUnit::~mftUnit()
 *fill*         0x00009dc8        0x8 00
 .text          0x00009dd0     0x3448 obj\Debug\Src\libfm3\SIOFM3.o
                0x00009eb0                sio_init()
                0x00009ed8                sio_poll()
                0x00009f50                sio_changeUartSettings(SIOChan, SIORate, SIODataBits, SIOStopBits, SIOParityBits)
                0x0000a110                sio_cfgChan(SIOChan, CBufHandle, SIOMode, SIORate, SIODataBits, SIOStopBits, SIOParityBits, SIODirBits, SIOClkMode, SIOXfrMode, IRQPriority)
                0x0000caf0                Vector60
                0x0000cb48                Vector5C
                0x0000cc38                Vector68
                0x0000cc84                Vector64
                0x0000cd90                Vector78
                0x0000cde8                Vector7C
                0x0000ceac                Vector80
                0x0000d0c0                Vector98
                0x0000d118                Vector94
 *fill*         0x0000d218        0x8 00
 .text          0x0000d220      0x37c obj\Debug\Src\libfm3\SwTim.o
                0x0000d220                Timer::Timer()
                0x0000d220                Timer::Timer()
                0x0000d248                IncTimer::getTime()
                0x0000d2c8                IncTimer::getMsec()
                0x0000d32c                DecTimer::match()
                0x0000d3d4                DecTimerUsec::match()
                0x0000d480                uSecMeasTimer::getTime()
                0x0000d4f0                uSecMeasTimer::getUsec()
 *fill*         0x0000d59c        0x4 00
 .text          0x0000d5a0      0xaa8 obj\Debug\Src\libPeriphDriver\sevenSegDrv.o
                0x0000d5a0                writeZERO
                0x0000d61c                writeONE
                0x0000d698                writeTWO
                0x0000d714                writeTHREE
                0x0000d790                writeFOUR
                0x0000d80c                writeFIVE
                0x0000d888                writeSIX
                0x0000d904                writeSEVEN
                0x0000d980                writeEIGHT
                0x0000d9fc                writeNINE
                0x0000da78                writeA
                0x0000daf4                writeC
                0x0000db70                writeE
                0x0000dbec                writeF
                0x0000dc68                writeH
                0x0000dce4                writeI
                0x0000dd60                writeL
                0x0000dddc                writeO
                0x0000de58                writeP
                0x0000ded4                writeS
                0x0000df50                writeU
                0x0000dfcc                writeJ
 *fill*         0x0000e048        0x8 00
 .text          0x0000e050       0x34 obj\Debug\Src\loader\COMPROTO_LOADER.o
 *fill*         0x0000e084        0xc 00
 .text          0x0000e090     0x3c88 obj\Debug\Src\loader\fm3_baseTimer.o
                0x0000e090                fm3_BT_init
                0x0000e1c8                fm3_BT_setEnable
                0x0000e234                fm3_BT_start
                0x0000e284                fm3_BT_setTimerFunction
                0x0000e2f4                fm3_BT_setOperationMode
                0x0000e364                fm3_BT_setOutputPolarity
                0x0000e408                fm3_BT_setTriggerRestart
                0x0000e4ac                fm3_BT_setCountClockCnt
                0x0000e578                fm3_BT_setPrescalerCnt
                0x0000e5e0                fm3_BT_setCountClock
                0x0000e6bc                fm3_BT_setPrescaler
                0x0000e720                fm3_BT_set_PCSR_PDUT
                0x0000e7c4                fm3_BT_set_PRLL_PRLH
                0x0000e840                fm3_BT_setPulseMask
                0x0000e8c4                fm3_BT_setTriggerInputEdges
                0x0000e94c                fm3_BT_setMeasureEdges
                0x0000e9d4                fm3_BT_setPWMinterrupts
                0x0000eacc                fm3_BT_setPPGinterrupts
                0x0000eba8                fm3_BT_setRTinterrupts
                0x0000eca0                fm3_BT_setPWCinterrupts
                0x0000ed98                fm3_BT_set_IRQ_BT_under_over_flow_callback
                0x0000edf0                fm3_BT_set_IRQ_dutyMatch_callback
                0x0000ee48                fm3_BT_set_IRQ_TrigIn_MeasureComplete_callback
                0x0000eea0                fm3_BT_set_PWM_frq_duty
                0x0000f25c                fm3_BT_set_PWM_duty
                0x0000f55c                fm3_BT_set_PPG_Ton_Toff
                0x0000faf4                fm3_BT_set_RT_frq
                0x0000fc58                fm3_BT_set_PWC_T
                0x0000fe0c                VectorBC
                0x00010504                fm3_BT_writeEnable
                0x0001057c                fm3_BT_writeTimerFunction
                0x000108f4                fm3_BT_writeOperationMode
                0x00010974                fm3_BT_writeOutputPolarity
                0x000109f4                fm3_BT_writePulseMask
                0x00010a6c                fm3_BT_writeTriggerRestart
                0x00010ae4                fm3_BT_writeCountClock
                0x000110f4                fm3_BT_write_PCSR
                0x00011198                fm3_BT_write_PDUT
                0x000111e8                fm3_BT_write_PRLL_PRLH
                0x00011250                fm3_BT_writeTriggerInputEdges
                0x000113b0                fm3_BT_writeMeasureEdges
                0x00011564                fm3_BT_writePWMinterrupts
                0x0001168c                fm3_BT_writePPGinterrupts
                0x00011760                fm3_BT_writeRTinterrupts
                0x00011834                fm3_BT_writePWCinterrupts
                0x00011908                calculate_prescaler_cnt_uint16
                0x00011aac                calculate_prescaler_cnt_uint32
                0x00011b90                calculate_prescaler
                0x00011c28                prescaler2CCS
                0x00011ca0                CCS2perscaler
 *fill*         0x00011d18        0x8 00
 .text          0x00011d20      0x6ac obj\Debug\Src\loader\loader_crc.o
                0x00011d20                loader_status_init
                0x0001204c                loader_status_checksumVerify
 *fill*         0x000123cc        0x4 00
 .text          0x000123d0      0x124 obj\Debug\Src\main.o
                0x000123e8                main
 *fill*         0x000124f4        0xc 00
 .text          0x00012500      0x4cc obj\Debug\Src\newlib\alloc.o
                0x00012500                mem_init
                0x00012580                mem_count
                0x000125b0                mem_left
                0x000125ec                mem_alloc
                0x00012790                mem_free
                0x000128e4                malloc
                0x00012918                calloc
                0x00012964                _calloc_r
                0x000129b4                free
 *fill*         0x000129cc        0x4 00
 .text          0x000129d0       0xc8 obj\Debug\Src\newlib\new.o
                0x000129d0                operator new(unsigned int)
                0x00012a10                operator new[](unsigned int)
                0x00012a50                operator delete(void*)
                0x00012a74                operator delete[](void*)
 *fill*         0x00012a98        0x8 00
 .text          0x00012aa0       0x4c obj\Debug\Src\os\ports\GCC\ARMCMx\crt0.o
                0x00012ab8                _default_exit
 *fill*         0x00012aec        0x4 00
 .text          0x00012af0        0x4 obj\Debug\Src\os\ports\GCC\ARMCMx\MB9BF5xx\vectors.o
                0x00012af0                Vector9C
                0x00012af0                VectorAC
                0x00012af0                Vector8C
                0x00012af0                VectorDC
                0x00012af0                VectorEC
                0x00012af0                DebugMonitorVector
                0x00012af0                PendSVVector
                0x00012af0                VectorCC
                0x00012af0                SVCallVector
                0x00012af0                Vector6C
                0x00012af0                Vector4C
                0x00012af0                _unhandled_exception
                0x00012af0                VectorFC
 *fill*         0x00012af4        0xc 00
 .text          0x00012b00     0x11b4 obj\Debug\Src\periph\ADC.o
                0x00012b00                adc_init
                0x00012d48                adc_setupChannel
                0x00012e58                adc_getBufValue
                0x00012f18                adc_scale
                0x00012f98                adc_scaleBySegment
                0x00013350                adc_valueBySegment
                0x000136a4                adc_scan
                0x00013880                adc_scan_group
                0x000139d4                adc_read
                0x00013a2c                adc_getConvResult
                0x00013a48                adc_eval
                0x00013ab0                adc_filter
 *fill*         0x00013cb4        0xc 00
 .text          0x00013cc0      0x8fc obj\Debug\Src\periph\COMBUF.o
                0x00013cc0                combuf_init()
                0x00013ce8                combuf_create(unsigned short, unsigned short, unsigned short, unsigned short)
                0x00013e80                combuf_destroy(CBufHandle)
                0x00013ef0                combuf_getPointer(CBufHandle, ComRingBuf**)
                0x00013f24                combuf_getc(CBufHandle, unsigned char*)
                0x00013f70                combuf_putc(CBufHandle, unsigned char)
                0x00014024                ringbuf_getCount(RingBuf*, unsigned short*)
                0x00014048                ringbuf_getFreeCount(RingBuf*, unsigned short*)
                0x00014074                ringbuf_getc(RingBuf*, unsigned char*)
                0x000140e8                ringbuf_putc(RingBuf*, unsigned char)
                0x00014198                ringbuf_read(RingBuf*, void*, unsigned short, bool)
                0x000142a8                ringbuf_write(RingBuf*, void*, unsigned short, bool)
                0x000143ec                ringbuf_fill(RingBuf*, unsigned char, unsigned short)
                0x000144d4                ringbuf_clear(RingBuf*)
                0x00014504                ringbuf_flush(RingBuf*)
 *fill*         0x000145bc        0x4 00
 .text          0x000145c0      0x89c obj\Debug\Src\periph\CSI.o
                0x000145c0                csi_init()
                0x00014620                csi_status(CSIHandle, CSIState*)
                0x00014664                csi_create(CBufHandle, void (*)(int))
                0x00014738                csi_open(CSIHandle)
                0x000147a4                csi_close(CSIHandle)
                0x0001480c                csi_flush_clear(CSIHandle)
                0x00014850                csi_flush(CSIHandle)
                0x00014894                csi_freeTx(CSIHandle)
                0x000148d8                csi_clear(CSIHandle)
                0x00014920                csi_putc(CSIHandle, unsigned char)
                0x0001496c                csi_putw(CSIHandle, unsigned short)
                0x000149e8                csi_getc(CSIHandle, unsigned char*)
                0x00014a30                csi_getw(CSIHandle, unsigned short&)
                0x00014aa8                csi_read(CSIHandle, unsigned char*, unsigned short)
                0x00014afc                csi_write(CSIHandle, unsigned char*, unsigned short)
                0x00014b50                csi_fill(CSIHandle, unsigned char, unsigned short)
                0x00014ba4                csi_readBurst(CSIHandle, unsigned char*, unsigned short)
                0x00014bf8                csi_writeBurst(CSIHandle, unsigned char*, unsigned short)
                0x00014c4c                csi_getFreeTxCount(CSIHandle)
                0x00014ca0                csi_getFreeRxCount(CSIHandle)
                0x00014cf8                csi_getCount(CSIHandle, unsigned short&)
                0x00014d40                csi_isEmpty(CSIHandle)
                0x00014da8                csi_chipSel(CSIHandle, int)
 *fill*         0x00014e5c        0x4 00
 .text          0x00014e60      0xb08 obj\Debug\Src\periph\EEPROM.o
                0x00014e60                eep_init
                0x00014eac                eep_errors
                0x00014edc                eep_setDeviceAddress
                0x00014f18                eep_readUserMem
                0x00014f6c                eep_writeUserMem
                0x00014fc0                eep_readParam
                0x00015230                eep_writeParam
                0x00015340                eep_readUserChkBlock
                0x00015414                eep_writeUserChkBlock
                0x000154d4                eep_chkCalcBuf
                0x0001551c                eep_chkWrite
                0x0001554c                eep_chkRead
                0x00015584                eep_chkVerify
                0x0001563c                eep_setupMem
                0x00015728                eep_readMem
                0x000157d0                eep_writeMem
                0x000158cc                eep_spi_putc
 *fill*         0x00015968        0x8 00
 .text          0x00015970      0x720 obj\Debug\Src\periph\KEY.o
                0x00015970                key_init
                0x000159b4                keypres
                0x000159d8                ungetk
                0x00015a3c                ungetks
                0x00015a80                getk
                0x00015ad4                key_scan_selector
                0x00015c8c                key_scan
 .text          0x00016090      0x600 obj\Debug\Src\periph\UART.o
                0x00016090                uart_init()
                0x000160f0                uart_status(UARTHandle, UARTState*)
                0x00016134                uart_create(CBufHandle, void (*)(int))
                0x00016208                uart_open(UARTHandle)
                0x00016274                uart_close(UARTHandle)
                0x000162dc                uart_flush(UARTHandle)
                0x00016320                uart_putc(UARTHandle, unsigned char)
                0x0001636c                uart_getc(UARTHandle, unsigned char*)
                0x000163b4                uart_read(UARTHandle, void*, unsigned short)
                0x00016408                uart_write(UARTHandle, void*, unsigned short)
                0x0001645c                uart_puts(UARTHandle, char*)
                0x000164b4                uart_getRxCount(UARTHandle)
                0x00016518                uart_getTxCount(UARTHandle)
                0x0001656c                uart_getFreeTxCount(UARTHandle)
                0x000165c0                uart_isTxEmpty(UARTHandle)
 .text          0x00016690      0x13c obj\Debug\Src\utility\util.o
                0x00016690                struct_memclr(unsigned char*, unsigned long)
                0x000166d0                extractBit(unsigned long)
                0x00016704                extratcIndexFromBitMask
 *fill*         0x000167cc        0x4 00
 .text          0x000167d0      0x370 c:/program files (x86)/emide/emide v2.20/arm/bin/../lib/gcc/arm-none-eabi/4.7.4/armv7-m\libgcc.a(_arm_addsubdf3.o)
                0x000167d0                __aeabi_drsub
                0x000167d8                __aeabi_dsub
                0x000167d8                __subdf3
                0x000167dc                __aeabi_dadd
                0x000167dc                __adddf3
                0x00016a54                __floatunsidf
                0x00016a54                __aeabi_ui2d
                0x00016a74                __floatsidf
                0x00016a74                __aeabi_i2d
                0x00016a98                __aeabi_f2d
                0x00016a98                __extendsfdf2
                0x00016ad4                __floatundidf
                0x00016ad4                __aeabi_ul2d
                0x00016ae4                __floatdidf
                0x00016ae4                __aeabi_l2d
 .text          0x00016b40      0x424 c:/program files (x86)/emide/emide v2.20/arm/bin/../lib/gcc/arm-none-eabi/4.7.4/armv7-m\libgcc.a(_arm_muldivdf3.o)
                0x00016b40                __aeabi_dmul
                0x00016b40                __muldf3
                0x00016d94                __divdf3
                0x00016d94                __aeabi_ddiv
 *fill*         0x00016f64        0xc 00
 .text          0x00016f70      0x110 c:/program files (x86)/emide/emide v2.20/arm/bin/../lib/gcc/arm-none-eabi/4.7.4/armv7-m\libgcc.a(_arm_cmpdf2.o)
                0x00016f70                __gtdf2
                0x00016f70                __gedf2
                0x00016f78                __ltdf2
                0x00016f78                __ledf2
                0x00016f80                __nedf2
                0x00016f80                __eqdf2
                0x00016f80                __cmpdf2
                0x00016ffc                __aeabi_cdrcmple
                0x0001700c                __aeabi_cdcmpeq
                0x0001700c                __aeabi_cdcmple
                0x0001701c                __aeabi_dcmpeq
                0x00017030                __aeabi_dcmplt
                0x00017044                __aeabi_dcmple
                0x00017058                __aeabi_dcmpge
                0x0001706c                __aeabi_dcmpgt
 .text          0x00017080       0x50 c:/program files (x86)/emide/emide v2.20/arm/bin/../lib/gcc/arm-none-eabi/4.7.4/armv7-m\libgcc.a(_arm_fixdfsi.o)
                0x00017080                __aeabi_d2iz
                0x00017080                __fixdfsi
 .text          0x000170d0       0x40 c:/program files (x86)/emide/emide v2.20/arm/bin/../lib/gcc/arm-none-eabi/4.7.4/armv7-m\libgcc.a(_arm_fixunsdfsi.o)
                0x000170d0                __aeabi_d2uiz
                0x000170d0                __fixunsdfsi
 .text          0x00017110       0xa0 c:/program files (x86)/emide/emide v2.20/arm/bin/../lib/gcc/arm-none-eabi/4.7.4/armv7-m\libgcc.a(_arm_truncdfsf2.o)
                0x00017110                __truncdfsf2
                0x00017110                __aeabi_d2f
 .text          0x000171b0      0x21c c:/program files (x86)/emide/emide v2.20/arm/bin/../lib/gcc/arm-none-eabi/4.7.4/armv7-m\libgcc.a(_arm_addsubsf3.o)
                0x000171b0                __aeabi_frsub
                0x000171b8                __subsf3
                0x000171b8                __aeabi_fsub
                0x000171bc                __aeabi_fadd
                0x000171bc                __addsf3
                0x0001731c                __aeabi_ui2f
                0x0001731c                __floatunsisf
                0x00017324                __aeabi_i2f
                0x00017324                __floatsisf
                0x00017340                __aeabi_ul2f
                0x00017340                __floatundisf
                0x00017350                __aeabi_l2f
                0x00017350                __floatdisf
 *fill*         0x000173cc        0x4 00
 .text          0x000173d0      0x2a0 c:/program files (x86)/emide/emide v2.20/arm/bin/../lib/gcc/arm-none-eabi/4.7.4/armv7-m\libgcc.a(_arm_muldivsf3.o)
                0x000173d0                __mulsf3
                0x000173d0                __aeabi_fmul
                0x00017538                __aeabi_fdiv
                0x00017538                __divsf3
 .text          0x00017670       0xec c:/program files (x86)/emide/emide v2.20/arm/bin/../lib/gcc/arm-none-eabi/4.7.4/armv7-m\libgcc.a(_arm_cmpsf2.o)
                0x00017670                __gesf2
                0x00017670                __gtsf2
                0x00017678                __lesf2
                0x00017678                __ltsf2
                0x00017680                __nesf2
                0x00017680                __eqsf2
                0x00017680                __cmpsf2
                0x000176e0                __aeabi_cfrcmple
                0x000176e8                __aeabi_cfcmpeq
                0x000176e8                __aeabi_cfcmple
                0x000176f8                __aeabi_fcmpeq
                0x0001770c                __aeabi_fcmplt
                0x00017720                __aeabi_fcmple
                0x00017734                __aeabi_fcmpge
                0x00017748                __aeabi_fcmpgt
 *fill*         0x0001775c        0x4 00
 .text          0x00017760       0x4c c:/program files (x86)/emide/emide v2.20/arm/bin/../lib/gcc/arm-none-eabi/4.7.4/armv7-m\libgcc.a(_arm_fixsfsi.o)
                0x00017760                __aeabi_f2iz
                0x00017760                __fixsfsi
 *fill*         0x000177ac        0x4 00
 .text          0x000177b0       0x40 c:/program files (x86)/emide/emide v2.20/arm/bin/../lib/gcc/arm-none-eabi/4.7.4/armv7-m\libgcc.a(_arm_fixunssfsi.o)
                0x000177b0                __fixunssfsi
                0x000177b0                __aeabi_f2uiz
 *(.text.*)
 .text._ZN5Timer7getMsecEv
                0x000177f0       0x18 obj\Debug\Src\Application\Cd_ALA.o
                0x000177f0                Timer::getMsec()
 *fill*         0x00017808        0x8 00
 .text._ZN8DecTimer6PresetEm
                0x00017810       0x38 obj\Debug\Src\Application\Cd_ALA.o
                0x00017810                DecTimer::Preset(unsigned long)
 *fill*         0x00017848        0x8 00
 .text._ZN8DecTimer5MatchEv
                0x00017850       0x1c obj\Debug\Src\Application\Cd_ALA.o
                0x00017850                DecTimer::Match()
 *fill*         0x0001786c        0x4 00
 .text._ZN8DecTimerC2Ev
                0x00017870       0x28 obj\Debug\Src\Application\globalApplication.o
                0x00017870                DecTimer::DecTimer()
                0x00017870                DecTimer::DecTimer()
 *fill*         0x00017898        0x8 00
 .text._ZN8DecTimer5StartEv
                0x000178a0       0x1c obj\Debug\Src\Application\globalApplication.o
                0x000178a0                DecTimer::Start()
 *fill*         0x000178bc        0x4 00
 .text._ZN5Timer9clockTickEmt
                0x000178c0       0x2c obj\Debug\Src\board\irqManager.o
                0x000178c0                Timer::clockTick(unsigned long, unsigned short)
 *fill*         0x000178ec        0x4 00
 .text.__register_exitproc
                0x000178f0       0xac c:/program files (x86)/emide/emide v2.20/arm/bin/../lib/gcc/arm-none-eabi/4.7.4/../../../../arm-none-eabi/lib/armv7-m\libc.a(lib_a-__atexit.o)
                0x000178f0                __register_exitproc
 *fill*         0x0001799c        0x4 00
 .text.__libc_fini_array
                0x000179a0       0x50 c:/program files (x86)/emide/emide v2.20/arm/bin/../lib/gcc/arm-none-eabi/4.7.4/../../../../arm-none-eabi/lib/armv7-m\libc.a(lib_a-fini.o)
                0x000179a0                __libc_fini_array
 .text.memcmp   0x000179f0       0xb8 c:/program files (x86)/emide/emide v2.20/arm/bin/../lib/gcc/arm-none-eabi/4.7.4/../../../../arm-none-eabi/lib/armv7-m\libc.a(lib_a-memcmp.o)
                0x000179f0                memcmp
 *fill*         0x00017aa8        0x8 00
 .text.memcpy   0x00017ab0      0x15c c:/program files (x86)/emide/emide v2.20/arm/bin/../lib/gcc/arm-none-eabi/4.7.4/../../../../arm-none-eabi/lib/armv7-m\libc.a(lib_a-memcpy.o)
                0x00017ab0                memcpy
 *fill*         0x00017c0c        0x4 00
 .text.memset   0x00017c10      0x12c c:/program files (x86)/emide/emide v2.20/arm/bin/../lib/gcc/arm-none-eabi/4.7.4/../../../../arm-none-eabi/lib/armv7-m\libc.a(lib_a-memset.o)
                0x00017c10                memset
 *fill*         0x00017d3c        0x4 00
 .text.stpncpy  0x00017d40      0x104 c:/program files (x86)/emide/emide v2.20/arm/bin/../lib/gcc/arm-none-eabi/4.7.4/../../../../arm-none-eabi/lib/armv7-m\libc.a(lib_a-stpncpy.o)
                0x00017d40                stpncpy
 *fill*         0x00017e44        0xc 00
 .text.strlen   0x00017e50       0x60 c:/program files (x86)/emide/emide v2.20/arm/bin/../lib/gcc/arm-none-eabi/4.7.4/../../../../arm-none-eabi/lib/armv7-m\libc.a(lib_a-strlen.o)
                0x00017e50                strlen
 .text.strncmp  0x00017eb0      0x120 c:/program files (x86)/emide/emide v2.20/arm/bin/../lib/gcc/arm-none-eabi/4.7.4/../../../../arm-none-eabi/lib/armv7-m\libc.a(lib_a-strncmp.o)
                0x00017eb0                strncmp
 .text.atexit   0x00017fd0        0xc c:/program files (x86)/emide/emide v2.20/arm/bin/../lib/gcc/arm-none-eabi/4.7.4/../../../../arm-none-eabi/lib/armv7-m\libc.a(lib_a-atexit.o)
                0x00017fd0                atexit
 *fill*         0x00017fdc        0x4 00
 .text.atexit.stub
                0x00017fe0       0x40 linker stubs
 *(.rodata)
 *fill*         0x00018020        0x0 00
 .rodata        0x00018020       0xe0 obj\Debug\Src\Application\AppMiddleWare\adcMapFlexiP.o
 .rodata        0x00018100       0x20 obj\Debug\Src\Application\globalApplication.o
 .rodata        0x00018120       0x64 obj\Debug\Src\libfm3\multiFunctionTimer.o
 *fill*         0x00018184        0xc 00
 .rodata        0x00018190      0x21c obj\Debug\Src\libfm3\SIOFM3.o
 *fill*         0x000183ac        0x4 00
 .rodata        0x000183b0       0x20 obj\Debug\Src\loader\fm3_baseTimer.o
 .rodata        0x000183d0       0x20 obj\Debug\Src\periph\ADC.o
 *(.rodata.*)
 .rodata.str1.4
                0x000183f0        0x4 c:/program files (x86)/emide/emide v2.20/arm/bin/../lib/gcc/arm-none-eabi/4.7.4/../../../../arm-none-eabi/lib/armv7-m\libc.a(lib_a-impure.o)
 *fill*         0x000183f4        0xc 00
 .rodata._global_impure_ptr
                0x00018400        0x4 c:/program files (x86)/emide/emide v2.20/arm/bin/../lib/gcc/arm-none-eabi/4.7.4/../../../../arm-none-eabi/lib/armv7-m\libc.a(lib_a-impure.o)
                0x00018400                _global_impure_ptr
 *(.glue_7t)
 .glue_7t       0x00000000        0x0 linker stubs
 *(.glue_7)
 .glue_7        0x00000000        0x0 linker stubs
 *(.gcc*)

.vfp11_veneer   0x00018404        0x0
 .vfp11_veneer  0x00000000        0x0 linker stubs

.v4_bx          0x00018404        0x0
 .v4_bx         0x00000000        0x0 linker stubs

.fini           0x00018404        0x4
 .fini          0x00018404        0x4 c:/program files (x86)/emide/emide v2.20/arm/bin/../lib/gcc/arm-none-eabi/4.7.4/armv7-m/crti.o
                0x00018404                _fini

.iplt           0x00018408        0x0
 .iplt          0x00000000        0x0 c:/program files (x86)/emide/emide v2.20/arm/bin/../lib/gcc/arm-none-eabi/4.7.4/armv7-m/crtbegin.o

.ARM.extab
 *(.ARM.extab* .gnu.linkonce.armextab.*)

.ARM.exidx      0x00018408        0x0
                0x00018408                PROVIDE (__exidx_start, .)
 *(.ARM.exidx* .gnu.linkonce.armexidx.*)
                0x00018408                PROVIDE (__exidx_end, .)

.eh_frame_hdr
 *(.eh_frame_hdr)

.eh_frame       0x00018408        0x0
 *(.eh_frame)
 .eh_frame      0x00018408        0x0 c:/program files (x86)/emide/emide v2.20/arm/bin/../lib/gcc/arm-none-eabi/4.7.4/armv7-m/crtbegin.o

.textalign      0x00018408        0x0
                0x00018408                . = ALIGN (0x8)
                0x00018408                _textdata = .
                0x00000488                datasize = (_edata - _data)
                0x00018890                _textramcode = (. + datasize)
                0x00003e20                ramcodesize = (_ramcode_end - _ramcode_start)
                0x0001c6b0                _etext = (_textramcode + ramcodesize)
                0x1fff8000                . = __ram_start__

.stacks         0x1fff8000     0x1000
                0x1fff8000                . = ALIGN (0x8)
                0x1fff8000                __main_stack_base__ = .
                0x1fff8800                . = (. + __main_stack_size__)
 *fill*         0x1fff8000      0x800 00
                0x1fff8800                . = ALIGN (0x8)
                0x1fff8800                __main_stack_end__ = .
                0x1fff8800                __process_stack_base__ = .
                0x1fff8800                __main_thread_stack_base__ = .
                0x1fff9000                . = (. + __process_stack_size__)
 *fill*         0x1fff8800      0x800 00
                0x1fff9000                . = ALIGN (0x8)
                0x1fff9000                __process_stack_end__ = .
                0x1fff9000                __main_thread_stack_end__ = .

.data           0x1fff9000      0x488 load address 0x00018408
                0x1fff9000                . = ALIGN (0x4)
                0x1fff9000                PROVIDE (_data, .)
 *(.data)
 .data          0x1fff9000       0x40 obj\Debug\Src\Application\globalApplication.o
                0x1fff9000                g_pFM3_GPIO
                0x1fff9004                g_pFM3_DMAC
                0x1fff9008                g_pFM3_ADC0
                0x1fff900c                g_pFM3_EXBUS
                0x1fff9010                g_pFM3_CAN0
                0x1fff9014                g_pFM3_UART3
                0x1fff9018                sAppName
                0x1fff9024                sAppRevision
                0x1fff9034                sAppDate
 .data          0x1fff9040       0x18 obj\Debug\Src\libfm3\SIOFM3.o
                0x1fff9040                pFM3_MFS0
                0x1fff9044                pFM3_MFS1
                0x1fff9048                pFM3_MFS3
                0x1fff904c                pFM3_MFS7
                0x1fff9050                pFM3_MFS4
                0x1fff9054                pFM3_MFS6
 .data          0x1fff9058        0x4 obj\Debug\Src\newlib\alloc.o
 .data          0x1fff905c        0x4 obj\Debug\Src\periph\EEPROM.o
                0x1fff905c                pCSI_EEP
                0x1fff9060                . = ALIGN (0x4)
 *(.data.*)
 .data.impure_data
                0x1fff9060      0x428 c:/program files (x86)/emide/emide v2.20/arm/bin/../lib/gcc/arm-none-eabi/4.7.4/../../../../arm-none-eabi/lib/armv7-m\libc.a(lib_a-impure.o)
                0x1fff9488                . = ALIGN (0x4)
 *(.ramtext)
                0x1fff9488                . = ALIGN (0x4)
                0x1fff9488                PROVIDE (_edata, .)

.jcr            0x1fff9488        0x0 load address 0x00018890
 .jcr           0x1fff9488        0x0 c:/program files (x86)/emide/emide v2.20/arm/bin/../lib/gcc/arm-none-eabi/4.7.4/armv7-m/crtbegin.o

.igot.plt       0x1fff9488        0x0 load address 0x00018890
 .igot.plt      0x00000000        0x0 c:/program files (x86)/emide/emide v2.20/arm/bin/../lib/gcc/arm-none-eabi/4.7.4/armv7-m/crtbegin.o

.bss            0x1fff9488     0x431c load address 0x00018890
                0x1fff9488                . = ALIGN (0x4)
                0x1fff9488                PROVIDE (_bss_start, .)
 *(.bss)
 .bss           0x1fff9488       0x1c c:/program files (x86)/emide/emide v2.20/arm/bin/../lib/gcc/arm-none-eabi/4.7.4/armv7-m/crtbegin.o
 .bss           0x1fff94a4       0xe0 obj\Debug\Src\Application\AppMiddleWare\adcMapFlexiP.o
                0x1fff94a4                calRunCH0
                0x1fff94b4                calRunCH1
                0x1fff94c4                calRunCH2
                0x1fff94d4                calRunCH3
                0x1fff94e4                calRunCH4
                0x1fff94f4                calRunCH5
                0x1fff9504                calRunCH6
                0x1fff9514                calRunCH7
                0x1fff9524                calRunCH8
                0x1fff9534                calRunCH9
                0x1fff9544                calRunCH10
                0x1fff9554                calRunCH11
                0x1fff9564                calRunCH12
                0x1fff9574                calRunCH13
 .bss           0x1fff9584       0x14 obj\Debug\Src\Application\AppMiddleWare\mftEncoderPSUF.o
                0x1fff9584                pumpsPS_UF
                0x1fff9588                fUFBasePeriod
                0x1fff958c                g_UFPeakIntCounter
                0x1fff9590                fPSBasePeriod
                0x1fff9594                g_PSPeakIntCounter
 .bss           0x1fff9598       0x20 obj\Debug\Src\Application\Cd_AIR.o
                0x1fff9598                air
 .bss           0x1fff95b8      0x23c obj\Debug\Src\Application\Cd_ALA.o
                0x1fff95b8                ala
 .bss           0x1fff97f4       0x20 obj\Debug\Src\Application\Cd_PRE.o
                0x1fff97f4                tim_art_min
                0x1fff97f6                ven_lim_sta
                0x1fff97f8                ven_lim_tim
                0x1fff97fc                pre
 .bss           0x1fff9814       0x68 obj\Debug\Src\Application\DECODE.o
                0x1fff9814                lung_rx
                0x1fff9816                tot_rx
                0x1fff9818                lung_tx
                0x1fff981a                rx_mem
                0x1fff981c                rx_tot
                0x1fff981e                tx_mem
                0x1fff9820                rx_etx
                0x1fff9822                NEW_BAUD
                0x1fff9824                GROUP_ID
                0x1fff9825                stato_rx
                0x1fff9826                err_ges
                0x1fff9828                SysStatus
                0x1fff9850                statoProto
                0x1fff9854                fpstart
                0x1fff9858                fpjump
                0x1fff985c                chk_sum
                0x1fff985e                tx_prec
                0x1fff985f                rx_prec
                0x1fff9860                tx_buffer
                0x1fff9864                rx_buffer
 .bss           0x1fff987c       0xe8 obj\Debug\Src\Application\gesXfr_p.o
                0x1fff987c                hBufCsiA
                0x1fff9880                hCsiDevA
                0x1fff9884                pak_nul
                0x1fff9888                chkBlock
                0x1fff98e0                bigBlock
                0x1fff9960                setDataTest
                0x1fff9961                reset_csi
 .bss           0x1fff9964      0x580 obj\Debug\Src\Application\globalApplication.o
                0x1fff9964                timLoad
                0x1fff9970                timForceCsi
                0x1fff997c                timOveVen
                0x1fff9988                timTestAdc
                0x1fff9994                timTestVcc
                0x1fff99a0                timVel_Blo_Max
                0x1fff99ac                timVel_Blo_Min
                0x1fff99b8                timVel_Uf_Max
                0x1fff99c4                timVel_Uf_Min
                0x1fff99d0                timGesCal
                0x1fff99dc                timStartComm
                0x1fff99e8                oveVen
                0x1fff99ec                Dat
                0x1fff9a0c                g_time_sec
                0x1fff9a10                g_PSMainCounter
                0x1fff9a14                g_UFMainCounter
                0x1fff9a18                g_UFFreqCounter
                0x1fff9a1c                g_PSFreqCounter
                0x1fff9a54                g_StartController
                0x1fff9a58                rall_calop
                0x1fff9a59                rdurata_tratt
                0x1fff9a5a                fail_dat
                0x1fff9a5c                g_protoLoader
                0x1fff9ac8                g_aLoaderProtoDataBuf
 .bss           0x1fff9ee4        0xc obj\Debug\Src\board\board.o
                0x1fff9ee4                workingCPU
                0x1fff9ee8                g_SwType
 .bss           0x1fff9ef0       0x20 obj\Debug\Src\board\irqManager.o
                0x1fff9ef0                g_cntNmi
                0x1fff9ef4                g_cntHardFault
                0x1fff9ef8                g_cntMemManage
                0x1fff9efc                g_cntBusFault
                0x1fff9f00                g_cntUsageFault
                0x1fff9f04                g_globalTick
                0x1fff9f08                g_time_msec
 .bss           0x1fff9f10        0x2 obj\Debug\Src\libfm3\fm3_sysclk.o
 *fill*         0x1fff9f12        0x2 00
 .bss           0x1fff9f14       0x7c obj\Debug\Src\libfm3\multiFunctionTimer.o
                0x1fff9f14                mftInstalled
 .bss           0x1fff9f90      0x114 obj\Debug\Src\libfm3\SIOFM3.o
                0x1fff9f90                provaPollCounter_Get
                0x1fff9f94                provaPollCounter_Put
                0x1fff9f98                provaTestFlagNotRcv
                0x1fff9f9c                provaTestTxNotEnabled
 .bss           0x1fffa0a4        0x8 obj\Debug\Src\libfm3\SwTim.o
                0x1fffa0a4                g_globalTimer
 .bss           0x1fffa0ac        0x4 obj\Debug\Src\loader\COMPROTO_LOADER.o
 .bss           0x1fffa0b0      0x1e0 obj\Debug\Src\loader\fm3_baseTimer.o
 .bss           0x1fffa290       0x14 obj\Debug\Src\newlib\alloc.o
 .bss           0x1fffa2a4       0x80 obj\Debug\Src\newlib\new.o
 .bss           0x1fffa324     0x204c obj\Debug\Src\periph\ADC.o
                0x1fffa324                adcSet
                0x1fffc324                resolCount
                0x1fffc328                adcFifoBuf
 .bss           0x1fffc370      0x164 obj\Debug\Src\periph\COMBUF.o
 .bss           0x1fffc4d4       0x64 obj\Debug\Src\periph\CSI.o
 .bss           0x1fffc538       0x44 obj\Debug\Src\periph\EEPROM.o
                0x1fffc540                readBuf
 .bss           0x1fffc57c       0xe0 obj\Debug\Src\periph\KEY.o
                0x1fffc57c                cntEncSelector
                0x1fffc580                precEncSelector
 .bss           0x1fffc65c       0x34 obj\Debug\Src\periph\UART.o
                0x1fffc690                . = ALIGN (0x4)
 *(.bss.*)
                0x1fffc690                . = ALIGN (0x4)
 *(COMMON)
 COMMON         0x1fffc690        0x1 obj\Debug\Src\externVar.o
                0x1fffc690                g_ComProtoUartSemaphore
 *fill*         0x1fffc691        0x3 00
 COMMON         0x1fffc694       0x40 obj\Debug\Src\loader\COMPROTO.o
                0x1fffc694                g_fpCheckOpcode
                0x1fffc698                g_fpCommandHadler
                0x1fffc69c                g_fpErrorsHandlers
 COMMON         0x1fffc6d4      0x5a4 obj\Debug\Src\loader\COMPROTO_LOADER.o
                0x1fffc6d4                g_appFirmwareStatus
                0x1fffc6e0                debugVar_CharTxToController
                0x1fffc6e4                g_JumpingCodeMemLocation
                0x1fffc6e8                pollerWaiter
                0x1fffc6f0                g_loaderFlashEndAdd
                0x1fffc6f4                g_fpJumpToLoader
                0x1fffc6f8                debugVar_UnExpectedBranch
                0x1fffc6fc                debugVar_CharRxFromController
                0x1fffc700                g_responsePacketData
                0x1fffc7c8                g_receivedData
 COMMON         0x1fffcc78       0xe0 obj\Debug\Src\loader\loader_crc.o
                0x1fffcc78                g_fpJumpToApplication
                0x1fffcc7c                g_loaderStatus
 COMMON         0x1fffcd58      0xa4c obj\Debug\Src\loader\UART_FM3.o
                0x1fffcd58                g_aUart3_pTxBuf
                0x1fffcf58                progressiv
                0x1fffcf5c                g_uart3
                0x1fffcfa4                g_aUart3_pRxBuf
                0x1fffd7a4                . = ALIGN (0x4)
                0x1fffd7a4                PROVIDE (_bss_end, .)
                0x1fffd7a4                PROVIDE (end, .)
                0x1fffd7a4                _end = .
                0x1fffd7a4                __heap_base__ = _end
                0x20000000                __heap_end__ = __ram_end__

.ramcode        0x20000000     0x3e20 load address 0x00018890
                0x20000000                PROVIDE (_ramcode_start, .)
                0x20000000                . = ALIGN (0x4)
 *(.ramcode)
 .ramcode       0x20000000     0x11e4 obj\Debug\Src\loader\COMPROTO.o
                0x20000000                comproto_init
                0x20000060                comproto_static_init
                0x200001d0                comproto_error_handler_callback
                0x20000224                comproto_manager
                0x20000618                comproto_sendCommand
                0x200007cc                comproto_getRxData
                0x20000814                comproto_incMsgCount
                0x20000838                comproto_setMsgCount
                0x20000858                comproto_rstMsgCount
                0x20000874                comproto_setRxTimer
                0x20000894                comproto_setTxTimer
                0x200008b4                comproto_setDecodeMaxWhileCycles
                0x20000920                comproto_setMessageType
                0x20000944                comproto_decode
 .ramcode       0x200011e4     0x1364 obj\Debug\Src\loader\COMPROTO_LOADER.o
                0x200011e4                loader_proto_init
                0x20001280                loader_proto_static_init
                0x20001458                callback_commandHadler
                0x20001764                callback_checkOpcode
                0x200017e4                call_back_errorHandler_uartHw
                0x200017f8                call_back_errorHandler_protocol
                0x200022ac                loader_proto_query
                0x200024c8                loader_proto_irqFromController
 .ramcode       0x20002548      0x700 obj\Debug\Src\loader\FlashAlgoFncs.o
                0x20002548                FlashInit
                0x200025ac                FlashUnInit
                0x200025e4                FlashEraseChip
                0x200026f8                FlashEraseSector
                0x20002a64                FlashProgramPage
                0x20002ba4                FlashVerify
                0x20002bf8                FlashBlankCheck
 .ramcode       0x20002c48      0x9f0 obj\Debug\Src\loader\ringbuf.o
                0x20002c48                ringBuffer_init
                0x20002c68                ringBuffer_static_init
                0x20002c98                ringBuffer_resize
                0x20002cd8                ringBuffer_read
                0x20002dec                ringBuffer_read_isr
                0x20002f00                ringBuffer_write
                0x20003040                ringBuffer_write_isr
                0x20003180                ringBuffer_get
                0x200031e0                ringBuffer_put
                0x20003240                ringBuffer_get_isr
                0x200032a0                ringBuffer_put_isr
                0x20003300                ringBuffer_used
                0x20003350                ringBuffer_used_isr
                0x200033a0                ringBuffer_size
                0x200033b8                ringBuffer_valid
                0x200033dc                ringBuffer_isEmpty
                0x20003414                ringBuffer_isEmpty_isr
                0x2000344c                ringBuffer_isfull
                0x20003474                ringBuffer_isfull_isr
                0x2000349c                ringBuffer_isvalid
                0x200034c0                ringBuffer_clear
                0x200034fc                ringBuffer_clear_isr
                0x20003600                my_memcpy
 .ramcode       0x20003638      0x7b8 obj\Debug\Src\loader\UART_FM3.o
                0x20003638                uart3_init
                0x2000368c                uart_initBuf
                0x200036d0                uart_putc
                0x20003730                uart_puts
                0x20003780                uart_getc
                0x200037c8                uart_startTx
                0x20003820                uart_resetRxBuf
                0x2000383c                uart_getRxCount
                0x20003860                uart_resetTxBuf
                0x2000387c                uart_getTxCount
                0x200038a0                uart_getFreeTxCount
                0x200038d8                uart_isTxEmpty
                0x200038fc                uart_getHwError
                0x20003918                uart_init_regs
                0x20003a24                uart_changeBaudRate_115200
                0x20003a40                uart_changeBaudRate_57600
                0x20003a5c                uart_changeBaudRate_38400
                0x20003a78                uart_changeBaudRate_9600
                0x20003a94                uart_changeBaudRate_debug
                0x20003aa8                uart_changeBaudRate
                0x20003ad8                uart_getBrg
                0x20003b04                uart_turnOn
                0x20003b40                uart_turnOff
                0x20003b7c                uart_write_Tx_reg
                0x20003b9c                uart_Tx_reg_empty
                0x20003bc8                uart_read_Rx_reg
                0x20003bf8                uart_Rx_reg_full
                0x20003c24                uart_poller
                0x20003d74                uart_emptyTxBuf
 .ramcode.stub  0x20003df0       0x30 linker stubs
                0x20003e20                . = ALIGN (0x4)
                0x20003e20                PROVIDE (_ramcode_end, .)

.rel.dyn        0x20003e20        0x0 load address 0x0001c6b0
 .rel.iplt      0x00000000        0x0 c:/program files (x86)/emide/emide v2.20/arm/bin/../lib/gcc/arm-none-eabi/4.7.4/armv7-m/crtbegin.o

.xram           0x60000000        0x0
                0x60000000                . = ALIGN (0x4)
                0x60000000                PROVIDE (_xram_start, .)
 *(.xram)
                0x60000000                . = ALIGN (0x4)
 *(.xram.*)
                0x60000000                . = ALIGN (0x4)
 *(COMMON)
                0x60000000                . = ALIGN (0x4)
                0x60000000                PROVIDE (_xram_used, .)
                0x60020000                PROVIDE (_xram_end, __xram_end__)
OUTPUT(bin\Debug\Vitasmart_PROT.elf elf32-littlearm)

.ARM.attributes
                0x00000000       0x29
 .ARM.attributes
                0x00000000       0x1d c:/program files (x86)/emide/emide v2.20/arm/bin/../lib/gcc/arm-none-eabi/4.7.4/armv7-m/crti.o
 .ARM.attributes
                0x0000001d       0x2d c:/program files (x86)/emide/emide v2.20/arm/bin/../lib/gcc/arm-none-eabi/4.7.4/armv7-m/crtbegin.o
 .ARM.attributes
                0x0000004a       0x33 obj\Debug\Src\Application\AppMiddleWare\adcMapFlexiP.o
 .ARM.attributes
                0x0000007d       0x33 obj\Debug\Src\Application\AppMiddleWare\mftEncoderPSUF.o
 .ARM.attributes
                0x000000b0       0x33 obj\Debug\Src\Application\Cd_AIR.o
 .ARM.attributes
                0x000000e3       0x33 obj\Debug\Src\Application\Cd_ALA.o
 .ARM.attributes
                0x00000116       0x33 obj\Debug\Src\Application\Cd_PRE.o
 .ARM.attributes
                0x00000149       0x33 obj\Debug\Src\Application\DECODE.o
 .ARM.attributes
                0x0000017c       0x33 obj\Debug\Src\Application\gesXfr_p.o
 .ARM.attributes
                0x000001af       0x33 obj\Debug\Src\Application\globalApplication.o
 .ARM.attributes
                0x000001e2       0x33 obj\Debug\Src\board\board.o
 .ARM.attributes
                0x00000215       0x33 obj\Debug\Src\board\irqManager.o
 .ARM.attributes
                0x00000248       0x33 obj\Debug\Src\externVar.o
 .ARM.attributes
                0x0000027b       0x33 obj\Debug\Src\libfm3\fm3_sysclk.o
 .ARM.attributes
                0x000002ae       0x33 obj\Debug\Src\libfm3\multiFunctionTimer.o
 .ARM.attributes
                0x000002e1       0x33 obj\Debug\Src\libfm3\SIOFM3.o
 .ARM.attributes
                0x00000314       0x33 obj\Debug\Src\libfm3\SwTim.o
 .ARM.attributes
                0x00000347       0x33 obj\Debug\Src\libPeriphDriver\sevenSegDrv.o
 .ARM.attributes
                0x0000037a       0x33 obj\Debug\Src\loader\app_info.o
 .ARM.attributes
                0x000003ad       0x33 obj\Debug\Src\loader\COMPROTO.o
 .ARM.attributes
                0x000003e0       0x33 obj\Debug\Src\loader\COMPROTO_LOADER.o
 .ARM.attributes
                0x00000413       0x33 obj\Debug\Src\loader\FlashAlgoFncs.o
 .ARM.attributes
                0x00000446       0x33 obj\Debug\Src\loader\fm3_baseTimer.o
 .ARM.attributes
                0x00000479       0x33 obj\Debug\Src\loader\loader_crc.o
 .ARM.attributes
                0x000004ac       0x33 obj\Debug\Src\loader\ringbuf.o
 .ARM.attributes
                0x000004df       0x33 obj\Debug\Src\loader\UART_FM3.o
 .ARM.attributes
                0x00000512       0x33 obj\Debug\Src\main.o
 .ARM.attributes
                0x00000545       0x33 obj\Debug\Src\newlib\alloc.o
 .ARM.attributes
                0x00000578       0x33 obj\Debug\Src\newlib\new.o
 .ARM.attributes
                0x000005ab       0x33 obj\Debug\Src\os\ports\GCC\ARMCMx\crt0.o
 .ARM.attributes
                0x000005de       0x33 obj\Debug\Src\os\ports\GCC\ARMCMx\MB9BF5xx\vectors.o
 .ARM.attributes
                0x00000611       0x33 obj\Debug\Src\periph\ADC.o
 .ARM.attributes
                0x00000644       0x33 obj\Debug\Src\periph\COMBUF.o
 .ARM.attributes
                0x00000677       0x33 obj\Debug\Src\periph\CSI.o
 .ARM.attributes
                0x000006aa       0x33 obj\Debug\Src\periph\EEPROM.o
 .ARM.attributes
                0x000006dd       0x33 obj\Debug\Src\periph\KEY.o
 .ARM.attributes
                0x00000710       0x33 obj\Debug\Src\periph\UART.o
 .ARM.attributes
                0x00000743       0x33 obj\Debug\Src\utility\util.o
 .ARM.attributes
                0x00000776       0x1d c:/program files (x86)/emide/emide v2.20/arm/bin/../lib/gcc/arm-none-eabi/4.7.4/armv7-m\libgcc.a(_arm_addsubdf3.o)
 .ARM.attributes
                0x00000793       0x1d c:/program files (x86)/emide/emide v2.20/arm/bin/../lib/gcc/arm-none-eabi/4.7.4/armv7-m\libgcc.a(_arm_muldivdf3.o)
 .ARM.attributes
                0x000007b0       0x1d c:/program files (x86)/emide/emide v2.20/arm/bin/../lib/gcc/arm-none-eabi/4.7.4/armv7-m\libgcc.a(_arm_cmpdf2.o)
 .ARM.attributes
                0x000007cd       0x1d c:/program files (x86)/emide/emide v2.20/arm/bin/../lib/gcc/arm-none-eabi/4.7.4/armv7-m\libgcc.a(_arm_fixdfsi.o)
 .ARM.attributes
                0x000007ea       0x1d c:/program files (x86)/emide/emide v2.20/arm/bin/../lib/gcc/arm-none-eabi/4.7.4/armv7-m\libgcc.a(_arm_fixunsdfsi.o)
 .ARM.attributes
                0x00000807       0x1d c:/program files (x86)/emide/emide v2.20/arm/bin/../lib/gcc/arm-none-eabi/4.7.4/armv7-m\libgcc.a(_arm_truncdfsf2.o)
 .ARM.attributes
                0x00000824       0x1d c:/program files (x86)/emide/emide v2.20/arm/bin/../lib/gcc/arm-none-eabi/4.7.4/armv7-m\libgcc.a(_arm_addsubsf3.o)
 .ARM.attributes
                0x00000841       0x1d c:/program files (x86)/emide/emide v2.20/arm/bin/../lib/gcc/arm-none-eabi/4.7.4/armv7-m\libgcc.a(_arm_muldivsf3.o)
 .ARM.attributes
                0x0000085e       0x1d c:/program files (x86)/emide/emide v2.20/arm/bin/../lib/gcc/arm-none-eabi/4.7.4/armv7-m\libgcc.a(_arm_cmpsf2.o)
 .ARM.attributes
                0x0000087b       0x1d c:/program files (x86)/emide/emide v2.20/arm/bin/../lib/gcc/arm-none-eabi/4.7.4/armv7-m\libgcc.a(_arm_fixsfsi.o)
 .ARM.attributes
                0x00000898       0x1d c:/program files (x86)/emide/emide v2.20/arm/bin/../lib/gcc/arm-none-eabi/4.7.4/armv7-m\libgcc.a(_arm_fixunssfsi.o)
 .ARM.attributes
                0x000008b5       0x2d c:/program files (x86)/emide/emide v2.20/arm/bin/../lib/gcc/arm-none-eabi/4.7.4/../../../../arm-none-eabi/lib/armv7-m\libc.a(lib_a-__atexit.o)
 .ARM.attributes
                0x000008e2       0x2d c:/program files (x86)/emide/emide v2.20/arm/bin/../lib/gcc/arm-none-eabi/4.7.4/../../../../arm-none-eabi/lib/armv7-m\libc.a(lib_a-fini.o)
 .ARM.attributes
                0x0000090f       0x2d c:/program files (x86)/emide/emide v2.20/arm/bin/../lib/gcc/arm-none-eabi/4.7.4/../../../../arm-none-eabi/lib/armv7-m\libc.a(lib_a-impure.o)
 .ARM.attributes
                0x0000093c       0x2d c:/program files (x86)/emide/emide v2.20/arm/bin/../lib/gcc/arm-none-eabi/4.7.4/../../../../arm-none-eabi/lib/armv7-m\libc.a(lib_a-memcmp.o)
 .ARM.attributes
                0x00000969       0x2d c:/program files (x86)/emide/emide v2.20/arm/bin/../lib/gcc/arm-none-eabi/4.7.4/../../../../arm-none-eabi/lib/armv7-m\libc.a(lib_a-memcpy.o)
 .ARM.attributes
                0x00000996       0x2d c:/program files (x86)/emide/emide v2.20/arm/bin/../lib/gcc/arm-none-eabi/4.7.4/../../../../arm-none-eabi/lib/armv7-m\libc.a(lib_a-memset.o)
 .ARM.attributes
                0x000009c3       0x2d c:/program files (x86)/emide/emide v2.20/arm/bin/../lib/gcc/arm-none-eabi/4.7.4/../../../../arm-none-eabi/lib/armv7-m\libc.a(lib_a-stpncpy.o)
 .ARM.attributes
                0x000009f0       0x2d c:/program files (x86)/emide/emide v2.20/arm/bin/../lib/gcc/arm-none-eabi/4.7.4/../../../../arm-none-eabi/lib/armv7-m\libc.a(lib_a-strlen.o)
 .ARM.attributes
                0x00000a1d       0x2d c:/program files (x86)/emide/emide v2.20/arm/bin/../lib/gcc/arm-none-eabi/4.7.4/../../../../arm-none-eabi/lib/armv7-m\libc.a(lib_a-strncmp.o)
 .ARM.attributes
                0x00000a4a       0x2d c:/program files (x86)/emide/emide v2.20/arm/bin/../lib/gcc/arm-none-eabi/4.7.4/../../../../arm-none-eabi/lib/armv7-m\libc.a(lib_a-__call_atexit.o)
 .ARM.attributes
                0x00000a77       0x2d c:/program files (x86)/emide/emide v2.20/arm/bin/../lib/gcc/arm-none-eabi/4.7.4/../../../../arm-none-eabi/lib/armv7-m\libc.a(lib_a-atexit.o)

.comment        0x00000000       0x70
 .comment       0x00000000       0x70 obj\Debug\Src\Application\AppMiddleWare\adcMapFlexiP.o
                                 0x71 (size before relaxing)
 .comment       0x00000000       0x71 obj\Debug\Src\Application\AppMiddleWare\mftEncoderPSUF.o
 .comment       0x00000000       0x71 obj\Debug\Src\Application\Cd_AIR.o
 .comment       0x00000000       0x71 obj\Debug\Src\Application\Cd_ALA.o
 .comment       0x00000000       0x71 obj\Debug\Src\Application\Cd_PRE.o
 .comment       0x00000000       0x71 obj\Debug\Src\Application\DECODE.o
 .comment       0x00000000       0x71 obj\Debug\Src\Application\gesXfr_p.o
 .comment       0x00000000       0x71 obj\Debug\Src\Application\globalApplication.o
 .comment       0x00000000       0x71 obj\Debug\Src\board\board.o
 .comment       0x00000000       0x71 obj\Debug\Src\board\irqManager.o
 .comment       0x00000000       0x71 obj\Debug\Src\externVar.o
 .comment       0x00000000       0x71 obj\Debug\Src\libfm3\fm3_sysclk.o
 .comment       0x00000000       0x71 obj\Debug\Src\libfm3\multiFunctionTimer.o
 .comment       0x00000000       0x71 obj\Debug\Src\libfm3\SIOFM3.o
 .comment       0x00000000       0x71 obj\Debug\Src\libfm3\SwTim.o
 .comment       0x00000000       0x71 obj\Debug\Src\libPeriphDriver\sevenSegDrv.o
 .comment       0x00000000       0x71 obj\Debug\Src\loader\app_info.o
 .comment       0x00000000       0x71 obj\Debug\Src\loader\COMPROTO.o
 .comment       0x00000000       0x71 obj\Debug\Src\loader\COMPROTO_LOADER.o
 .comment       0x00000000       0x71 obj\Debug\Src\loader\FlashAlgoFncs.o
 .comment       0x00000000       0x71 obj\Debug\Src\loader\fm3_baseTimer.o
 .comment       0x00000000       0x71 obj\Debug\Src\loader\loader_crc.o
 .comment       0x00000000       0x71 obj\Debug\Src\loader\ringbuf.o
 .comment       0x00000000       0x71 obj\Debug\Src\loader\UART_FM3.o
 .comment       0x00000000       0x71 obj\Debug\Src\main.o
 .comment       0x00000000       0x71 obj\Debug\Src\newlib\alloc.o
 .comment       0x00000000       0x71 obj\Debug\Src\newlib\new.o
 .comment       0x00000000       0x71 obj\Debug\Src\os\ports\GCC\ARMCMx\crt0.o
 .comment       0x00000000       0x71 obj\Debug\Src\os\ports\GCC\ARMCMx\MB9BF5xx\vectors.o
 .comment       0x00000000       0x71 obj\Debug\Src\periph\ADC.o
 .comment       0x00000000       0x71 obj\Debug\Src\periph\COMBUF.o
 .comment       0x00000000       0x71 obj\Debug\Src\periph\CSI.o
 .comment       0x00000000       0x71 obj\Debug\Src\periph\EEPROM.o
 .comment       0x00000000       0x71 obj\Debug\Src\periph\KEY.o
 .comment       0x00000000       0x71 obj\Debug\Src\periph\UART.o
 .comment       0x00000000       0x71 obj\Debug\Src\utility\util.o

.debug_info     0x00000000    0x44ed6
 .debug_info    0x00000000     0x1e99 obj\Debug\Src\Application\AppMiddleWare\adcMapFlexiP.o
 .debug_info    0x00001e99     0x9b8a obj\Debug\Src\Application\AppMiddleWare\mftEncoderPSUF.o
 .debug_info    0x0000ba23     0x1a69 obj\Debug\Src\Application\Cd_AIR.o
 .debug_info    0x0000d48c     0x2013 obj\Debug\Src\Application\Cd_ALA.o
 .debug_info    0x0000f49f     0x1cd6 obj\Debug\Src\Application\Cd_PRE.o
 .debug_info    0x00011175     0x18d1 obj\Debug\Src\Application\DECODE.o
 .debug_info    0x00012a46     0x3275 obj\Debug\Src\Application\gesXfr_p.o
 .debug_info    0x00015cbb     0x6e3f obj\Debug\Src\Application\globalApplication.o
 .debug_info    0x0001cafa     0x3a80 obj\Debug\Src\board\board.o
 .debug_info    0x0002057a     0x1d56 obj\Debug\Src\board\irqManager.o
 .debug_info    0x000222d0       0x8f obj\Debug\Src\externVar.o
 .debug_info    0x0002235f      0x5fb obj\Debug\Src\libfm3\fm3_sysclk.o
 .debug_info    0x0002295a     0xb9da obj\Debug\Src\libfm3\multiFunctionTimer.o
 .debug_info    0x0002e334     0x6f0a obj\Debug\Src\libfm3\SIOFM3.o
 .debug_info    0x0003523e      0xa60 obj\Debug\Src\libfm3\SwTim.o
 .debug_info    0x00035c9e      0x263 obj\Debug\Src\libPeriphDriver\sevenSegDrv.o
 .debug_info    0x00035f01      0x31f obj\Debug\Src\loader\app_info.o
 .debug_info    0x00036220      0xc73 obj\Debug\Src\loader\COMPROTO.o
 .debug_info    0x00036e93     0x1c3f obj\Debug\Src\loader\COMPROTO_LOADER.o
 .debug_info    0x00038ad2      0x40c obj\Debug\Src\loader\FlashAlgoFncs.o
 .debug_info    0x00038ede     0x18f0 obj\Debug\Src\loader\fm3_baseTimer.o
 .debug_info    0x0003a7ce      0x683 obj\Debug\Src\loader\loader_crc.o
 .debug_info    0x0003ae51      0x861 obj\Debug\Src\loader\ringbuf.o
 .debug_info    0x0003b6b2      0xf09 obj\Debug\Src\loader\UART_FM3.o
 .debug_info    0x0003c5bb     0x1985 obj\Debug\Src\main.o
 .debug_info    0x0003df40      0xce9 obj\Debug\Src\newlib\alloc.o
 .debug_info    0x0003ec29      0x1a3 obj\Debug\Src\newlib\new.o
 .debug_info    0x0003edcc      0x2ea obj\Debug\Src\os\ports\GCC\ARMCMx\crt0.o
 .debug_info    0x0003f0b6       0xb9 obj\Debug\Src\os\ports\GCC\ARMCMx\MB9BF5xx\vectors.o
 .debug_info    0x0003f16f     0x2bf0 obj\Debug\Src\periph\ADC.o
 .debug_info    0x00041d5f      0x78f obj\Debug\Src\periph\COMBUF.o
 .debug_info    0x000424ee      0xb17 obj\Debug\Src\periph\CSI.o
 .debug_info    0x00043005     0x12bc obj\Debug\Src\periph\EEPROM.o
 .debug_info    0x000442c1      0x28f obj\Debug\Src\periph\KEY.o
 .debug_info    0x00044550      0x807 obj\Debug\Src\periph\UART.o
 .debug_info    0x00044d57      0x17f obj\Debug\Src\utility\util.o

.debug_abbrev   0x00000000     0x5519
 .debug_abbrev  0x00000000      0x387 obj\Debug\Src\Application\AppMiddleWare\adcMapFlexiP.o
 .debug_abbrev  0x00000387      0x421 obj\Debug\Src\Application\AppMiddleWare\mftEncoderPSUF.o
 .debug_abbrev  0x000007a8      0x370 obj\Debug\Src\Application\Cd_AIR.o
 .debug_abbrev  0x00000b18      0x404 obj\Debug\Src\Application\Cd_ALA.o
 .debug_abbrev  0x00000f1c      0x376 obj\Debug\Src\Application\Cd_PRE.o
 .debug_abbrev  0x00001292      0x320 obj\Debug\Src\Application\DECODE.o
 .debug_abbrev  0x000015b2      0x424 obj\Debug\Src\Application\gesXfr_p.o
 .debug_abbrev  0x000019d6      0x5ab obj\Debug\Src\Application\globalApplication.o
 .debug_abbrev  0x00001f81      0x273 obj\Debug\Src\board\board.o
 .debug_abbrev  0x000021f4      0x390 obj\Debug\Src\board\irqManager.o
 .debug_abbrev  0x00002584       0x44 obj\Debug\Src\externVar.o
 .debug_abbrev  0x000025c8      0x14c obj\Debug\Src\libfm3\fm3_sysclk.o
 .debug_abbrev  0x00002714      0x4e7 obj\Debug\Src\libfm3\multiFunctionTimer.o
 .debug_abbrev  0x00002bfb      0x2da obj\Debug\Src\libfm3\SIOFM3.o
 .debug_abbrev  0x00002ed5      0x238 obj\Debug\Src\libfm3\SwTim.o
 .debug_abbrev  0x0000310d       0x7b obj\Debug\Src\libPeriphDriver\sevenSegDrv.o
 .debug_abbrev  0x00003188       0xa4 obj\Debug\Src\loader\app_info.o
 .debug_abbrev  0x0000322c      0x261 obj\Debug\Src\loader\COMPROTO.o
 .debug_abbrev  0x0000348d      0x313 obj\Debug\Src\loader\COMPROTO_LOADER.o
 .debug_abbrev  0x000037a0      0x129 obj\Debug\Src\loader\FlashAlgoFncs.o
 .debug_abbrev  0x000038c9      0x259 obj\Debug\Src\loader\fm3_baseTimer.o
 .debug_abbrev  0x00003b22      0x182 obj\Debug\Src\loader\loader_crc.o
 .debug_abbrev  0x00003ca4      0x1b9 obj\Debug\Src\loader\ringbuf.o
 .debug_abbrev  0x00003e5d      0x2c0 obj\Debug\Src\loader\UART_FM3.o
 .debug_abbrev  0x0000411d      0x343 obj\Debug\Src\main.o
 .debug_abbrev  0x00004460      0x23a obj\Debug\Src\newlib\alloc.o
 .debug_abbrev  0x0000469a       0xd6 obj\Debug\Src\newlib\new.o
 .debug_abbrev  0x00004770      0x10b obj\Debug\Src\os\ports\GCC\ARMCMx\crt0.o
 .debug_abbrev  0x0000487b       0x75 obj\Debug\Src\os\ports\GCC\ARMCMx\MB9BF5xx\vectors.o
 .debug_abbrev  0x000048f0      0x2a8 obj\Debug\Src\periph\ADC.o
 .debug_abbrev  0x00004b98      0x1cb obj\Debug\Src\periph\COMBUF.o
 .debug_abbrev  0x00004d63      0x1be obj\Debug\Src\periph\CSI.o
 .debug_abbrev  0x00004f21      0x261 obj\Debug\Src\periph\EEPROM.o
 .debug_abbrev  0x00005182      0x129 obj\Debug\Src\periph\KEY.o
 .debug_abbrev  0x000052ab      0x1b5 obj\Debug\Src\periph\UART.o
 .debug_abbrev  0x00005460       0xb9 obj\Debug\Src\utility\util.o

.debug_loc      0x00000000     0x8ec9
 .debug_loc     0x00000000       0xa8 obj\Debug\Src\Application\AppMiddleWare\adcMapFlexiP.o
 .debug_loc     0x000000a8      0x1c1 obj\Debug\Src\Application\AppMiddleWare\mftEncoderPSUF.o
 .debug_loc     0x00000269       0x90 obj\Debug\Src\Application\Cd_AIR.o
 .debug_loc     0x000002f9      0x304 obj\Debug\Src\Application\Cd_ALA.o
 .debug_loc     0x000005fd       0xe0 obj\Debug\Src\Application\Cd_PRE.o
 .debug_loc     0x000006dd      0xec4 obj\Debug\Src\Application\DECODE.o
 .debug_loc     0x000015a1      0x150 obj\Debug\Src\Application\gesXfr_p.o
 .debug_loc     0x000016f1      0x5f8 obj\Debug\Src\Application\globalApplication.o
 .debug_loc     0x00001ce9      0x43c obj\Debug\Src\board\board.o
 .debug_loc     0x00002125      0x908 obj\Debug\Src\board\irqManager.o
 .debug_loc     0x00002a2d       0xa8 obj\Debug\Src\libfm3\fm3_sysclk.o
 .debug_loc     0x00002ad5     0x1094 obj\Debug\Src\libfm3\multiFunctionTimer.o
 .debug_loc     0x00003b69     0x11e2 obj\Debug\Src\libfm3\SIOFM3.o
 .debug_loc     0x00004d4b      0x224 obj\Debug\Src\libfm3\SwTim.o
 .debug_loc     0x00004f6f      0x3c8 obj\Debug\Src\libPeriphDriver\sevenSegDrv.o
 .debug_loc     0x00005337      0x380 obj\Debug\Src\loader\COMPROTO.o
 .debug_loc     0x000056b7      0x640 obj\Debug\Src\loader\COMPROTO_LOADER.o
 .debug_loc     0x00005cf7      0x188 obj\Debug\Src\loader\FlashAlgoFncs.o
 .debug_loc     0x00005e7f      0xb20 obj\Debug\Src\loader\fm3_baseTimer.o
 .debug_loc     0x0000699f       0x70 obj\Debug\Src\loader\loader_crc.o
 .debug_loc     0x00006a0f      0x5e8 obj\Debug\Src\loader\ringbuf.o
 .debug_loc     0x00006ff7      0x658 obj\Debug\Src\loader\UART_FM3.o
 .debug_loc     0x0000764f       0x70 obj\Debug\Src\main.o
 .debug_loc     0x000076bf      0x1ec obj\Debug\Src\newlib\alloc.o
 .debug_loc     0x000078ab       0xe0 obj\Debug\Src\newlib\new.o
 .debug_loc     0x0000798b       0x90 obj\Debug\Src\os\ports\GCC\ARMCMx\crt0.o
 .debug_loc     0x00007a1b      0x2a0 obj\Debug\Src\periph\ADC.o
 .debug_loc     0x00007cbb      0x3ac obj\Debug\Src\periph\COMBUF.o
 .debug_loc     0x00008067      0x540 obj\Debug\Src\periph\CSI.o
 .debug_loc     0x000085a7      0x3ae obj\Debug\Src\periph\EEPROM.o
 .debug_loc     0x00008955      0x14c obj\Debug\Src\periph\KEY.o
 .debug_loc     0x00008aa1      0x380 obj\Debug\Src\periph\UART.o
 .debug_loc     0x00008e21       0xa8 obj\Debug\Src\utility\util.o

.debug_aranges  0x00000000      0x830
 .debug_aranges
                0x00000000       0x20 obj\Debug\Src\Application\AppMiddleWare\adcMapFlexiP.o
 .debug_aranges
                0x00000020       0x20 obj\Debug\Src\Application\AppMiddleWare\mftEncoderPSUF.o
 .debug_aranges
                0x00000040       0x20 obj\Debug\Src\Application\Cd_AIR.o
 .debug_aranges
                0x00000060       0x38 obj\Debug\Src\Application\Cd_ALA.o
 .debug_aranges
                0x00000098       0x20 obj\Debug\Src\Application\Cd_PRE.o
 .debug_aranges
                0x000000b8       0x30 obj\Debug\Src\Application\DECODE.o
 .debug_aranges
                0x000000e8       0x38 obj\Debug\Src\Application\gesXfr_p.o
 .debug_aranges
                0x00000120       0x48 obj\Debug\Src\Application\globalApplication.o
 .debug_aranges
                0x00000168       0x20 obj\Debug\Src\board\board.o
 .debug_aranges
                0x00000188       0x28 obj\Debug\Src\board\irqManager.o
 .debug_aranges
                0x000001b0       0x18 obj\Debug\Src\externVar.o
 .debug_aranges
                0x000001c8       0x20 obj\Debug\Src\libfm3\fm3_sysclk.o
 .debug_aranges
                0x000001e8       0x20 obj\Debug\Src\libfm3\multiFunctionTimer.o
 .debug_aranges
                0x00000208       0x20 obj\Debug\Src\libfm3\SIOFM3.o
 .debug_aranges
                0x00000228       0x28 obj\Debug\Src\libfm3\SwTim.o
 .debug_aranges
                0x00000250       0x20 obj\Debug\Src\libPeriphDriver\sevenSegDrv.o
 .debug_aranges
                0x00000270       0x18 obj\Debug\Src\loader\app_info.o
 .debug_aranges
                0x00000288       0x98 obj\Debug\Src\loader\COMPROTO.o
 .debug_aranges
                0x00000320      0x100 obj\Debug\Src\loader\COMPROTO_LOADER.o
 .debug_aranges
                0x00000420       0x50 obj\Debug\Src\loader\FlashAlgoFncs.o
 .debug_aranges
                0x00000470       0x28 obj\Debug\Src\loader\fm3_baseTimer.o
 .debug_aranges
                0x00000498       0x20 obj\Debug\Src\loader\loader_crc.o
 .debug_aranges
                0x000004b8       0xf0 obj\Debug\Src\loader\ringbuf.o
 .debug_aranges
                0x000005a8      0x100 obj\Debug\Src\loader\UART_FM3.o
 .debug_aranges
                0x000006a8       0x20 obj\Debug\Src\main.o
 .debug_aranges
                0x000006c8       0x20 obj\Debug\Src\newlib\alloc.o
 .debug_aranges
                0x000006e8       0x20 obj\Debug\Src\newlib\new.o
 .debug_aranges
                0x00000708       0x28 obj\Debug\Src\os\ports\GCC\ARMCMx\crt0.o
 .debug_aranges
                0x00000730       0x20 obj\Debug\Src\os\ports\GCC\ARMCMx\MB9BF5xx\vectors.o
 .debug_aranges
                0x00000750       0x20 obj\Debug\Src\periph\ADC.o
 .debug_aranges
                0x00000770       0x20 obj\Debug\Src\periph\COMBUF.o
 .debug_aranges
                0x00000790       0x20 obj\Debug\Src\periph\CSI.o
 .debug_aranges
                0x000007b0       0x20 obj\Debug\Src\periph\EEPROM.o
 .debug_aranges
                0x000007d0       0x20 obj\Debug\Src\periph\KEY.o
 .debug_aranges
                0x000007f0       0x20 obj\Debug\Src\periph\UART.o
 .debug_aranges
                0x00000810       0x20 obj\Debug\Src\utility\util.o

.debug_line     0x00000000     0x937e
 .debug_line    0x00000000      0x732 obj\Debug\Src\Application\AppMiddleWare\adcMapFlexiP.o
 .debug_line    0x00000732      0x6a8 obj\Debug\Src\Application\AppMiddleWare\mftEncoderPSUF.o
 .debug_line    0x00000dda      0x642 obj\Debug\Src\Application\Cd_AIR.o
 .debug_line    0x0000141c      0x87e obj\Debug\Src\Application\Cd_ALA.o
 .debug_line    0x00001c9a      0x676 obj\Debug\Src\Application\Cd_PRE.o
 .debug_line    0x00002310      0x4f2 obj\Debug\Src\Application\DECODE.o
 .debug_line    0x00002802      0x79f obj\Debug\Src\Application\gesXfr_p.o
 .debug_line    0x00002fa1      0x9c3 obj\Debug\Src\Application\globalApplication.o
 .debug_line    0x00003964      0x2ee obj\Debug\Src\board\board.o
 .debug_line    0x00003c52      0x6fd obj\Debug\Src\board\irqManager.o
 .debug_line    0x0000434f       0xe0 obj\Debug\Src\externVar.o
 .debug_line    0x0000442f      0x209 obj\Debug\Src\libfm3\fm3_sysclk.o
 .debug_line    0x00004638      0xc0e obj\Debug\Src\libfm3\multiFunctionTimer.o
 .debug_line    0x00005246      0x71a obj\Debug\Src\libfm3\SIOFM3.o
 .debug_line    0x00005960      0x22a obj\Debug\Src\libfm3\SwTim.o
 .debug_line    0x00005b8a      0x213 obj\Debug\Src\libPeriphDriver\sevenSegDrv.o
 .debug_line    0x00005d9d       0xf6 obj\Debug\Src\loader\app_info.o
 .debug_line    0x00005e93      0x534 obj\Debug\Src\loader\COMPROTO.o
 .debug_line    0x000063c7      0x457 obj\Debug\Src\loader\COMPROTO_LOADER.o
 .debug_line    0x0000681e      0x2be obj\Debug\Src\loader\FlashAlgoFncs.o
 .debug_line    0x00006adc      0x6cf obj\Debug\Src\loader\fm3_baseTimer.o
 .debug_line    0x000071ab      0x2ad obj\Debug\Src\loader\loader_crc.o
 .debug_line    0x00007458      0x26a obj\Debug\Src\loader\ringbuf.o
 .debug_line    0x000076c2      0x273 obj\Debug\Src\loader\UART_FM3.o
 .debug_line    0x00007935      0x60f obj\Debug\Src\main.o
 .debug_line    0x00007f44      0x2a0 obj\Debug\Src\newlib\alloc.o
 .debug_line    0x000081e4      0x103 obj\Debug\Src\newlib\new.o
 .debug_line    0x000082e7      0x15d obj\Debug\Src\os\ports\GCC\ARMCMx\crt0.o
 .debug_line    0x00008444       0x92 obj\Debug\Src\os\ports\GCC\ARMCMx\MB9BF5xx\vectors.o
 .debug_line    0x000084d6      0x3d7 obj\Debug\Src\periph\ADC.o
 .debug_line    0x000088ad      0x20f obj\Debug\Src\periph\COMBUF.o
 .debug_line    0x00008abc      0x19a obj\Debug\Src\periph\CSI.o
 .debug_line    0x00008c56      0x2f8 obj\Debug\Src\periph\EEPROM.o
 .debug_line    0x00008f4e      0x1b3 obj\Debug\Src\periph\KEY.o
 .debug_line    0x00009101      0x153 obj\Debug\Src\periph\UART.o
 .debug_line    0x00009254      0x12a obj\Debug\Src\utility\util.o

.debug_str      0x00000000    0x1065c
 .debug_str     0x00000000     0x133f obj\Debug\Src\Application\AppMiddleWare\adcMapFlexiP.o
                               0x1509 (size before relaxing)
 .debug_str     0x0000133f     0x3f34 obj\Debug\Src\Application\AppMiddleWare\mftEncoderPSUF.o
                               0x4f48 (size before relaxing)
 .debug_str     0x00005273       0xd2 obj\Debug\Src\Application\Cd_AIR.o
                               0x12f9 (size before relaxing)
 .debug_str     0x00005345      0x3c4 obj\Debug\Src\Application\Cd_ALA.o
                               0x15f3 (size before relaxing)
 .debug_str     0x00005709       0xaf obj\Debug\Src\Application\Cd_PRE.o
                               0x138b (size before relaxing)
 .debug_str     0x000057b8      0xe00 obj\Debug\Src\Application\DECODE.o
                               0x11a1 (size before relaxing)
 .debug_str     0x000065b8      0x8fa obj\Debug\Src\Application\gesXfr_p.o
                               0x2007 (size before relaxing)
 .debug_str     0x00006eb2     0x211b obj\Debug\Src\Application\globalApplication.o
                               0x3996 (size before relaxing)
 .debug_str     0x00008fcd      0xc22 obj\Debug\Src\board\board.o
                               0x1db7 (size before relaxing)
 .debug_str     0x00009bef      0x29c obj\Debug\Src\board\irqManager.o
                               0x1469 (size before relaxing)
 .debug_str     0x00009e8b       0x8b obj\Debug\Src\externVar.o
                                0x16f (size before relaxing)
 .debug_str     0x00009f16       0xe1 obj\Debug\Src\libfm3\fm3_sysclk.o
                                0x59d (size before relaxing)
 .debug_str     0x00009ff7      0x3ac obj\Debug\Src\libfm3\multiFunctionTimer.o
                               0x50c3 (size before relaxing)
 .debug_str     0x0000a3a3      0xfab obj\Debug\Src\libfm3\SIOFM3.o
                               0x2d94 (size before relaxing)
 .debug_str     0x0000b34e      0x3af obj\Debug\Src\libfm3\SwTim.o
                                0x73e (size before relaxing)
 .debug_str     0x0000b6fd      0x10c obj\Debug\Src\libPeriphDriver\sevenSegDrv.o
                                0x22b (size before relaxing)
 .debug_str     0x0000b809      0x39c obj\Debug\Src\loader\app_info.o
                                0x4bf (size before relaxing)
 .debug_str     0x0000bba5      0x69d obj\Debug\Src\loader\COMPROTO.o